2026-06-03T21:07:34.1064220Z     __ __          __      __    _ __     
2026-06-03T21:07:34.1065748Z    / //_/_  _ ____/ /_  __/ /   (_) /____ 
2026-06-03T21:07:34.1065811Z   / ,< / / / / __  / / / / /   / / __/ _  
2026-06-03T21:07:34.1065885Z  / /| / /_/ / /_/ / /_/ / /___/ / /_/  __/
2026-06-03T21:07:34.1065925Z /_/ |_\__,_/\__,_/\__,_/_____/_/\__/\___/ 
2026-06-03T21:07:34.1065967Z 
2026-06-03T21:07:34.1066004Z                                           
2026-06-03T21:07:34.1066035Z DEBUG CONSOLE | AZURE APP SERVICE ON LINUX
2026-06-03T21:07:34.1066066Z 
2026-06-03T21:07:34.1066101Z Documentation: http://aka.ms/webapp-linux
2026-06-03T21:07:34.1066134Z Kudu Version : 20260513.7
2026-06-03T21:07:34.1066183Z Commit       : b50d86d9b8573549200649bf549408e5bf953c23
2026-06-03T21:07:34.1066218Z Instance Name: 10-30-28-14
2026-06-03T21:07:34.1066254Z Instance Id  : d7fc4e0dc208afba813eb2632608554a67b4fad809e7ace2e7840db84468fbcf
2026-06-03T21:07:34.1066284Z 
2026-06-03T21:07:37.7636513Z chown: changing ownership of '/temp': Operation not permitted
2026-06-03T21:07:37.7790100Z chmod: changing permissions of '/temp': Operation not permitted
2026-06-03T21:07:39.5345822Z Restarting OpenBSD Secure Shell server: sshd.
2026-06-03T21:07:39.7129471Z node not running, starting node /opt/webssh/index.js
2026-06-03T21:07:42.3798866Z Wed Jun 3 21:07:42 UTC 2026 running .net core
2026-06-03T21:07:42.9952852Z Startup : 09.07.42.983019
2026-06-03T21:07:43.0252650Z Configure Services : 09.07.43.025070
2026-06-03T21:07:43.2495302Z Configure : 09.07.43.249349
2026-06-03T21:07:43.4934341Z Setting Up Routes : 09.07.43.493193
2026-06-03T21:07:43.5032941Z Exiting Configure : 09.07.43.503161
2026-06-03T21:07:43.5555034Z warn: Microsoft.AspNetCore.DataProtection.KeyManagement.XmlKeyManager[35]
2026-06-03T21:07:43.5555459Z       No XML encryptor configured. Key {27427e20-919c-4ea6-9a6e-6b5a466be5a3} may be persisted to storage in unencrypted form.
2026-06-03T21:07:43.7102334Z Hosting environment: Production
2026-06-03T21:07:43.7102734Z Content root path: /opt/Kudu
2026-06-03T21:07:43.7106623Z Now listening on: http://0.0.0.0:8181
2026-06-03T21:07:43.7106718Z Application started. Press Ctrl+C to shut down.
2026-06-03T21:11:45.8838321Z     __ __          __      __    _ __     
2026-06-03T21:11:45.8843129Z    / //_/_  _ ____/ /_  __/ /   (_) /____ 
2026-06-03T21:11:45.8843203Z   / ,< / / / / __  / / / / /   / / __/ _  
2026-06-03T21:11:45.8843243Z  / /| / /_/ / /_/ / /_/ / /___/ / /_/  __/
2026-06-03T21:11:45.8843276Z /_/ |_\__,_/\__,_/\__,_/_____/_/\__/\___/ 
2026-06-03T21:11:45.8843313Z 
2026-06-03T21:11:45.8843353Z                                           
2026-06-03T21:11:45.8843408Z DEBUG CONSOLE | AZURE APP SERVICE ON LINUX
2026-06-03T21:11:45.8843438Z 
2026-06-03T21:11:45.8843472Z Documentation: http://aka.ms/webapp-linux
2026-06-03T21:11:45.8843505Z Kudu Version : 20260513.7
2026-06-03T21:11:45.8843538Z Commit       : b50d86d9b8573549200649bf549408e5bf953c23
2026-06-03T21:11:45.8843567Z Instance Name: 10-30-28-14
2026-06-03T21:11:45.8843602Z Instance Id  : d7fc4e0dc208afba813eb2632608554a67b4fad809e7ace2e7840db84468fbcf
2026-06-03T21:11:45.8843632Z 
2026-06-03T21:11:47.6413535Z chown: changing ownership of '/temp': Operation not permitted
2026-06-03T21:11:47.6481165Z chmod: changing permissions of '/temp': Operation not permitted
2026-06-03T21:11:48.3469751Z Restarting OpenBSD Secure Shell server: sshd.
2026-06-03T21:11:48.4030612Z node not running, starting node /opt/webssh/index.js
2026-06-03T21:11:52.0452030Z Wed Jun 3 21:11:52 UTC 2026 running .net core
2026-06-03T21:11:52.8068111Z Startup : 09.11.52.791668
2026-06-03T21:11:52.8495699Z Configure Services : 09.11.52.849327
2026-06-03T21:11:53.1785914Z Configure : 09.11.53.178055
2026-06-03T21:11:53.4711809Z Setting Up Routes : 09.11.53.470459
2026-06-03T21:11:53.4985078Z Exiting Configure : 09.11.53.497221
2026-06-03T21:11:53.6141875Z Hosting environment: Production
2026-06-03T21:11:53.6142493Z Content root path: /opt/Kudu
2026-06-03T21:11:53.6142547Z Now listening on: http://0.0.0.0:8181
2026-06-03T21:11:53.6142592Z Application started. Press Ctrl+C to shut down.
2026-06-03T21:14:55.6706684Z     __ __          __      __    _ __     
2026-06-03T21:14:55.6708096Z    / //_/_  _ ____/ /_  __/ /   (_) /____ 
2026-06-03T21:14:55.6708194Z   / ,< / / / / __  / / / / /   / / __/ _  
2026-06-03T21:14:55.6708232Z  / /| / /_/ / /_/ / /_/ / /___/ / /_/  __/
2026-06-03T21:14:55.6708266Z /_/ |_\__,_/\__,_/\__,_/_____/_/\__/\___/ 
2026-06-03T21:14:55.6708303Z 
2026-06-03T21:14:55.6708338Z                                           
2026-06-03T21:14:55.6708368Z DEBUG CONSOLE | AZURE APP SERVICE ON LINUX
2026-06-03T21:14:55.6708398Z 
2026-06-03T21:14:55.6708432Z Documentation: http://aka.ms/webapp-linux
2026-06-03T21:14:55.6708475Z Kudu Version : 20260513.7
2026-06-03T21:14:55.6708511Z Commit       : b50d86d9b8573549200649bf549408e5bf953c23
2026-06-03T21:14:55.6708545Z Instance Name: 10-30-28-14
2026-06-03T21:14:55.6708582Z Instance Id  : d7fc4e0dc208afba813eb2632608554a67b4fad809e7ace2e7840db84468fbcf
2026-06-03T21:14:55.6708616Z 
2026-06-03T21:14:56.2906334Z chown: changing ownership of '/temp': Operation not permitted
2026-06-03T21:14:56.2929370Z chmod: changing permissions of '/temp': Operation not permitted
2026-06-03T21:14:57.2844919Z Restarting OpenBSD Secure Shell server: sshd.
2026-06-03T21:14:57.3875000Z node not running, starting node /opt/webssh/index.js
2026-06-03T21:15:03.3971038Z Wed Jun 3 21:15:03 UTC 2026 running .net core
2026-06-03T21:15:04.1600037Z Startup : 09.15.04.145039
2026-06-03T21:15:04.1754456Z Configure Services : 09.15.04.175183
2026-06-03T21:15:04.4708591Z Configure : 09.15.04.469846
2026-06-03T21:15:04.7490943Z Setting Up Routes : 09.15.04.748934
2026-06-03T21:15:04.7682912Z Exiting Configure : 09.15.04.768126
2026-06-03T21:15:04.8945142Z Hosting environment: Production
2026-06-03T21:15:04.8945817Z Content root path: /opt/Kudu
2026-06-03T21:15:04.8945953Z Now listening on: http://0.0.0.0:8181
2026-06-03T21:15:04.8946013Z Application started. Press Ctrl+C to shut down.
