2026-06-03T21:03:17.1584009Z State: Starting, Action: EstablishingSiteNetworks, LastError: , LastErrorTimestamp: 01/01/0001 00:00:00, LastErrorDetails: , Details: , DetailsLevel: INFO
2026-06-03T21:03:17.7138251Z State: Starting, Action: StartingMsiContainer, LastError: , LastErrorTimestamp: 01/01/0001 00:00:00, LastErrorDetails: , Details: , DetailsLevel: INFO
2026-06-03T21:03:20.4247617Z State: Starting, Action: StartingSiteContainers, LastError: , LastErrorTimestamp: 01/01/0001 00:00:00, LastErrorDetails: , Details: , DetailsLevel: INFO
2026-06-03T21:03:20.4254194Z Container start method called.
2026-06-03T21:03:20.4255165Z State: Starting, Action: PullingImage, LastError: , LastErrorTimestamp: 01/01/0001 00:00:00, LastErrorDetails: , Details: Pulling image acrcallcenter100.azurecr.io/api-app:latest for api-financeirax01., DetailsLevel: INFO
2026-06-03T21:03:20.4256817Z Establishing network.
2026-06-03T21:03:20.4265576Z Pulling image: acrcallcenter100.azurecr.io/api-app:latest.
2026-06-03T21:03:36.8781257Z Image acrcallcenter100.azurecr.io/api-app:latest is pulled from registry acrcallcenter100.azurecr.io
2026-06-03T21:03:36.8785172Z Container is starting.
2026-06-03T21:03:36.8931316Z State: Starting, Action: MountingVolumes, LastError: , LastErrorTimestamp: 01/01/0001 00:00:00, LastErrorDetails: , Details: Mounting volumes for api-financeirax01., DetailsLevel: INFO
2026-06-03T21:03:36.8933358Z Establishing user namespace if not established already.
2026-06-03T21:03:36.8934758Z Establishing network if not established already.
2026-06-03T21:03:36.8936770Z Mounting volumes.
2026-06-03T21:03:36.8938995Z Nested mountpoint volatile/logs
2026-06-03T21:03:36.8977658Z Nested mountpoint 
2026-06-03T21:03:36.9122132Z State: Starting, Action: CreatingContainer, LastError: , LastErrorTimestamp: 01/01/0001 00:00:00, LastErrorDetails: , Details: Finished pulling container image and mounting volumes for api-financeirax01. Allocatinng the rest of the container resources to finish container creation., DetailsLevel: INFO
2026-06-03T21:03:36.9123581Z Creating container.
2026-06-03T21:03:36.9124865Z Creating pipes for streaming container io.
2026-06-03T21:03:36.9126108Z Creating stdout named pipe at /podr/container/pipe/b374186ec546_api-financeirax01/stdout_16ca54f498fa4517a76dbba49ed5791a.
2026-06-03T21:03:36.9156681Z Successfully created stdout named pipe at: /podr/container/pipe/b374186ec546_api-financeirax01/stdout_16ca54f498fa4517a76dbba49ed5791a.
2026-06-03T21:03:36.9158463Z Opening named pipe /podr/container/pipe/b374186ec546_api-financeirax01/stdout_16ca54f498fa4517a76dbba49ed5791a for reading in non-blocking mode.
2026-06-03T21:03:36.9159910Z Successfully opened named pipe: /podr/container/pipe/b374186ec546_api-financeirax01/stdout_16ca54f498fa4517a76dbba49ed5791a.
2026-06-03T21:03:36.9164773Z Successfully removed non-blocking flag from /podr/container/pipe/b374186ec546_api-financeirax01/stdout_16ca54f498fa4517a76dbba49ed5791a.
2026-06-03T21:03:36.9167649Z Creating stderr named pipe at /podr/container/pipe/b374186ec546_api-financeirax01/stderr_a20fb84fd4374eb2b122ee6c213a56cd.
2026-06-03T21:03:36.9169486Z Successfully created stderr named pipe at: /podr/container/pipe/b374186ec546_api-financeirax01/stderr_a20fb84fd4374eb2b122ee6c213a56cd.
2026-06-03T21:03:36.9173017Z Opening named pipe /podr/container/pipe/b374186ec546_api-financeirax01/stderr_a20fb84fd4374eb2b122ee6c213a56cd for reading in non-blocking mode.
2026-06-03T21:03:36.9312704Z Successfully opened named pipe: /podr/container/pipe/b374186ec546_api-financeirax01/stderr_a20fb84fd4374eb2b122ee6c213a56cd.
2026-06-03T21:03:36.9317747Z Successfully removed non-blocking flag from /podr/container/pipe/b374186ec546_api-financeirax01/stderr_a20fb84fd4374eb2b122ee6c213a56cd.
2026-06-03T21:03:36.9319599Z Overriding PORT environment variable with port exposed by container image.
2026-06-03T21:03:36.9841770Z Container image exposes ports: ContainerExposedPort { Port = 80, Protocol = TCP }. Sanitized list of ports is: 80. Resolved main port to 80.
2026-06-03T21:03:36.9843583Z Setting value of PORT variable to 80
2026-06-03T21:03:36.9853556Z Creating container with image: acrcallcenter100.azurecr.io/api-app:latest from registry: acrcallcenter100.azurecr.io and fully qualified image name: acrcallcenter100.azurecr.io/api-app:latest
2026-06-03T21:03:37.2964604Z Starting container: b374186ec546_api-financeirax01.
2026-06-03T21:03:37.3210661Z Starting watchers and probes.
2026-06-03T21:03:37.3213481Z Starting metrics collection.
2026-06-03T21:03:37.3215409Z Container is running.
2026-06-03T21:03:37.3216442Z State: Starting, Action: CreatingContainer, LastError: , LastErrorTimestamp: 01/01/0001 00:00:00, LastErrorDetails: , Details: Container api-financeirax01 successfully created and is running., DetailsLevel: INFO
2026-06-03T21:03:37.3384455Z Container start method finished after 16912 ms.
2026-06-03T21:03:37.3390821Z State: Starting, Action: InitiatingSiteWarmUpProbe, LastError: , LastErrorTimestamp: 01/01/0001 00:00:00, LastErrorDetails: , Details: Container api-financeirax01 successfully created and is running., DetailsLevel: INFO
2026-06-03T21:03:37.3391124Z State: Starting, Action: WaitingForSiteWarmUpProbeSuccess, LastError: , LastErrorTimestamp: 01/01/0001 00:00:00, LastErrorDetails: , Details: Pinging warmup path to ensure container is ready to receive requests., DetailsLevel: INFO
2026-06-03T21:04:08.3676304Z Site startup probe succeeded after 31.0270365 seconds.
2026-06-03T21:04:08.4222825Z State: Starting, Action: WarmUpProbeSucceeded, LastError: , LastErrorTimestamp: 01/01/0001 00:00:00, LastErrorDetails: , Details: Site startup probe succeeded after 31.0270365 seconds., DetailsLevel: INFO
2026-06-03T21:04:08.5336840Z Site started.
2026-06-03T21:04:08.5337892Z State: Started, Action: None, LastError: , LastErrorTimestamp: 01/01/0001 00:00:00, LastErrorDetails: , Details: Site started at 06/03/2026 21:04:08 (UTC), DetailsLevel: INFO
2026-06-03T21:06:33.6388142Z State: Starting, Action: EstablishingSiteNetworks, LastError: , LastErrorTimestamp: 01/01/0001 00:00:00, LastErrorDetails: , Details: , DetailsLevel: INFO
2026-06-03T21:06:34.2880669Z State: Starting, Action: StartingMsiContainer, LastError: , LastErrorTimestamp: 01/01/0001 00:00:00, LastErrorDetails: , Details: , DetailsLevel: INFO
2026-06-03T21:06:37.3506344Z State: Starting, Action: StartingSiteContainers, LastError: , LastErrorTimestamp: 01/01/0001 00:00:00, LastErrorDetails: , Details: , DetailsLevel: INFO
2026-06-03T21:06:37.3507654Z Container start method called.
2026-06-03T21:06:37.3508110Z State: Starting, Action: PullingImage, LastError: , LastErrorTimestamp: 01/01/0001 00:00:00, LastErrorDetails: , Details: Pulling image acrcallcenter100.azurecr.io/api-app:latest for api-financeirax01., DetailsLevel: INFO
2026-06-03T21:06:37.3509306Z Establishing network.
2026-06-03T21:06:37.3510605Z Pulling image: acrcallcenter100.azurecr.io/api-app:latest.
2026-06-03T21:06:37.4842989Z Container is starting.
2026-06-03T21:06:37.4843853Z State: Starting, Action: MountingVolumes, LastError: , LastErrorTimestamp: 01/01/0001 00:00:00, LastErrorDetails: , Details: Mounting volumes for api-financeirax01., DetailsLevel: INFO
2026-06-03T21:06:37.4845089Z Establishing user namespace if not established already.
2026-06-03T21:06:37.4846216Z Establishing network if not established already.
2026-06-03T21:06:37.4847516Z Mounting volumes.
2026-06-03T21:06:37.4861392Z Nested mountpoint volatile/logs
2026-06-03T21:06:37.4918931Z Nested mountpoint 
2026-06-03T21:06:37.5023512Z State: Starting, Action: CreatingContainer, LastError: , LastErrorTimestamp: 01/01/0001 00:00:00, LastErrorDetails: , Details: Finished pulling container image and mounting volumes for api-financeirax01. Allocatinng the rest of the container resources to finish container creation., DetailsLevel: INFO
2026-06-03T21:06:37.5024841Z Creating container.
2026-06-03T21:06:37.5026046Z Creating pipes for streaming container io.
2026-06-03T21:06:37.5027189Z Creating stdout named pipe at /podr/container/pipe/1e0b1c2097f3_api-financeirax01/stdout_4665dbb8b2b74be1b15c355d51caea42.
2026-06-03T21:06:37.5029271Z Successfully created stdout named pipe at: /podr/container/pipe/1e0b1c2097f3_api-financeirax01/stdout_4665dbb8b2b74be1b15c355d51caea42.
2026-06-03T21:06:37.5030423Z Opening named pipe /podr/container/pipe/1e0b1c2097f3_api-financeirax01/stdout_4665dbb8b2b74be1b15c355d51caea42 for reading in non-blocking mode.
2026-06-03T21:06:37.5031702Z Successfully opened named pipe: /podr/container/pipe/1e0b1c2097f3_api-financeirax01/stdout_4665dbb8b2b74be1b15c355d51caea42.
2026-06-03T21:06:37.5032866Z Successfully removed non-blocking flag from /podr/container/pipe/1e0b1c2097f3_api-financeirax01/stdout_4665dbb8b2b74be1b15c355d51caea42.
2026-06-03T21:06:37.5131685Z Creating stderr named pipe at /podr/container/pipe/1e0b1c2097f3_api-financeirax01/stderr_b689ae4653f94219adf29845a6c07421.
2026-06-03T21:06:37.5134031Z Successfully created stderr named pipe at: /podr/container/pipe/1e0b1c2097f3_api-financeirax01/stderr_b689ae4653f94219adf29845a6c07421.
2026-06-03T21:06:37.5136286Z Opening named pipe /podr/container/pipe/1e0b1c2097f3_api-financeirax01/stderr_b689ae4653f94219adf29845a6c07421 for reading in non-blocking mode.
2026-06-03T21:06:37.5137756Z Successfully opened named pipe: /podr/container/pipe/1e0b1c2097f3_api-financeirax01/stderr_b689ae4653f94219adf29845a6c07421.
2026-06-03T21:06:37.5138826Z Successfully removed non-blocking flag from /podr/container/pipe/1e0b1c2097f3_api-financeirax01/stderr_b689ae4653f94219adf29845a6c07421.
2026-06-03T21:06:37.5171592Z Overriding PORT environment variable with port exposed by container image.
2026-06-03T21:06:37.5465897Z Container image exposes ports: ContainerExposedPort { Port = 80, Protocol = TCP }. Sanitized list of ports is: 80. Resolved main port to 80.
2026-06-03T21:06:37.5467806Z Setting value of PORT variable to 80
2026-06-03T21:06:37.5476865Z Creating container with image: acrcallcenter100.azurecr.io/api-app:latest from registry: acrcallcenter100.azurecr.io and fully qualified image name: acrcallcenter100.azurecr.io/api-app:latest
2026-06-03T21:06:37.7890651Z Starting container: 1e0b1c2097f3_api-financeirax01.
2026-06-03T21:06:37.8091977Z Starting watchers and probes.
2026-06-03T21:06:37.8106778Z Starting metrics collection.
2026-06-03T21:06:37.8109022Z Container is running.
2026-06-03T21:06:37.8120709Z State: Starting, Action: CreatingContainer, LastError: , LastErrorTimestamp: 01/01/0001 00:00:00, LastErrorDetails: , Details: Container api-financeirax01 successfully created and is running., DetailsLevel: INFO
2026-06-03T21:06:37.8336744Z Container start method finished after 482 ms.
2026-06-03T21:06:37.8341464Z State: Starting, Action: InitiatingSiteWarmUpProbe, LastError: , LastErrorTimestamp: 01/01/0001 00:00:00, LastErrorDetails: , Details: Container api-financeirax01 successfully created and is running., DetailsLevel: INFO
2026-06-03T21:06:37.8341808Z State: Starting, Action: WaitingForSiteWarmUpProbeSuccess, LastError: , LastErrorTimestamp: 01/01/0001 00:00:00, LastErrorDetails: , Details: Pinging warmup path to ensure container is ready to receive requests., DetailsLevel: INFO
2026-06-03T21:06:48.8555364Z Site startup probe succeeded after 11.0207761 seconds.
2026-06-03T21:06:48.9320638Z State: Starting, Action: WarmUpProbeSucceeded, LastError: , LastErrorTimestamp: 01/01/0001 00:00:00, LastErrorDetails: , Details: Site startup probe succeeded after 11.0207761 seconds., DetailsLevel: INFO
2026-06-03T21:06:49.1189159Z Site started.
2026-06-03T21:06:49.1191568Z State: Started, Action: None, LastError: , LastErrorTimestamp: 01/01/0001 00:00:00, LastErrorDetails: , Details: Site started at 06/03/2026 21:06:49 (UTC), DetailsLevel: INFO
2026-06-03T21:07:09.2537149Z State: Stopping, Action: StoppingSite, LastError: , LastErrorTimestamp: 01/01/0001 00:00:00, LastErrorDetails: , Details: Site started at 06/03/2026 21:04:08 (UTC), DetailsLevel: INFO
2026-06-03T21:07:09.2544469Z State: Stopping, Action: StoppingSiteContainers, LastError: , LastErrorTimestamp: 01/01/0001 00:00:00, LastErrorDetails: , Details: Site started at 06/03/2026 21:04:08 (UTC), DetailsLevel: INFO
2026-06-03T21:07:09.2547168Z Container is terminating. Grace period: 5 seconds.
2026-06-03T21:07:09.4037660Z Stop and delete container. Retry count = 0
2026-06-03T21:07:09.4039303Z Stopping container: b374186ec546_api-financeirax01.
2026-06-03T21:07:14.5610765Z Deleting container: b374186ec546_api-financeirax01. Retry count = 0
2026-06-03T21:07:15.0024842Z Container spec TerminationMessagePolicy  path 
2026-06-03T21:07:15.0102007Z Container is terminated. Total time elapsed: 5739 ms.
2026-06-03T21:07:15.7617502Z Site: api-financeirax01 stopped.
2026-06-03T21:11:43.6809511Z State: Starting, Action: EstablishingSiteNetworks, LastError: , LastErrorTimestamp: 01/01/0001 00:00:00, LastErrorDetails: , Details: , DetailsLevel: INFO
2026-06-03T21:11:44.7668312Z State: Starting, Action: StartingMsiContainer, LastError: , LastErrorTimestamp: 01/01/0001 00:00:00, LastErrorDetails: , Details: , DetailsLevel: INFO
2026-06-03T21:11:49.5824340Z State: Starting, Action: StartingSiteContainers, LastError: , LastErrorTimestamp: 01/01/0001 00:00:00, LastErrorDetails: , Details: , DetailsLevel: INFO
2026-06-03T21:11:49.5826062Z Container start method called.
2026-06-03T21:11:49.5826911Z State: Starting, Action: PullingImage, LastError: , LastErrorTimestamp: 01/01/0001 00:00:00, LastErrorDetails: , Details: Pulling image acrcallcenter100.azurecr.io/api-app:latest for api-financeirax01., DetailsLevel: INFO
2026-06-03T21:11:49.5872422Z Establishing network.
2026-06-03T21:11:49.5889121Z Pulling image: acrcallcenter100.azurecr.io/api-app:latest.
2026-06-03T21:11:49.8264884Z Container is starting.
2026-06-03T21:11:49.8265815Z State: Starting, Action: MountingVolumes, LastError: , LastErrorTimestamp: 01/01/0001 00:00:00, LastErrorDetails: , Details: Mounting volumes for api-financeirax01., DetailsLevel: INFO
2026-06-03T21:11:49.8267131Z Establishing user namespace if not established already.
2026-06-03T21:11:49.8268944Z Establishing network if not established already.
2026-06-03T21:11:49.8270650Z Mounting volumes.
2026-06-03T21:11:49.8272493Z Nested mountpoint volatile/logs
2026-06-03T21:11:49.8615711Z Nested mountpoint 
2026-06-03T21:11:49.9300287Z State: Starting, Action: CreatingContainer, LastError: , LastErrorTimestamp: 01/01/0001 00:00:00, LastErrorDetails: , Details: Finished pulling container image and mounting volumes for api-financeirax01. Allocatinng the rest of the container resources to finish container creation., DetailsLevel: INFO
2026-06-03T21:11:49.9308165Z Creating container.
2026-06-03T21:11:49.9328226Z Creating pipes for streaming container io.
2026-06-03T21:11:49.9331937Z Creating stdout named pipe at /podr/container/pipe/23560d50cb90_api-financeirax01/stdout_1bfc8501d4a340d5bf54c6164c5bb0a3.
2026-06-03T21:11:49.9400483Z Successfully created stdout named pipe at: /podr/container/pipe/23560d50cb90_api-financeirax01/stdout_1bfc8501d4a340d5bf54c6164c5bb0a3.
2026-06-03T21:11:49.9405719Z Opening named pipe /podr/container/pipe/23560d50cb90_api-financeirax01/stdout_1bfc8501d4a340d5bf54c6164c5bb0a3 for reading in non-blocking mode.
2026-06-03T21:11:49.9410931Z Successfully opened named pipe: /podr/container/pipe/23560d50cb90_api-financeirax01/stdout_1bfc8501d4a340d5bf54c6164c5bb0a3.
2026-06-03T21:11:49.9441764Z Successfully removed non-blocking flag from /podr/container/pipe/23560d50cb90_api-financeirax01/stdout_1bfc8501d4a340d5bf54c6164c5bb0a3.
2026-06-03T21:11:49.9445093Z Creating stderr named pipe at /podr/container/pipe/23560d50cb90_api-financeirax01/stderr_ecd63e96fd5a4acb8d9d7539e1f9d0bc.
2026-06-03T21:11:49.9447277Z Successfully created stderr named pipe at: /podr/container/pipe/23560d50cb90_api-financeirax01/stderr_ecd63e96fd5a4acb8d9d7539e1f9d0bc.
2026-06-03T21:11:49.9449497Z Opening named pipe /podr/container/pipe/23560d50cb90_api-financeirax01/stderr_ecd63e96fd5a4acb8d9d7539e1f9d0bc for reading in non-blocking mode.
2026-06-03T21:11:49.9451037Z Successfully opened named pipe: /podr/container/pipe/23560d50cb90_api-financeirax01/stderr_ecd63e96fd5a4acb8d9d7539e1f9d0bc.
2026-06-03T21:11:49.9452285Z Successfully removed non-blocking flag from /podr/container/pipe/23560d50cb90_api-financeirax01/stderr_ecd63e96fd5a4acb8d9d7539e1f9d0bc.
2026-06-03T21:11:49.9455339Z Overriding PORT environment variable with port exposed by container image.
2026-06-03T21:11:50.0488928Z Container image exposes ports: ContainerExposedPort { Port = 80, Protocol = TCP }. Sanitized list of ports is: 80. Resolved main port to 80.
2026-06-03T21:11:50.0490835Z Setting value of PORT variable to 80
2026-06-03T21:11:50.0495180Z Creating container with image: acrcallcenter100.azurecr.io/api-app:latest from registry: acrcallcenter100.azurecr.io and fully qualified image name: acrcallcenter100.azurecr.io/api-app:latest
2026-06-03T21:11:50.4315212Z Starting container: 23560d50cb90_api-financeirax01.
2026-06-03T21:11:50.5085856Z Starting watchers and probes.
2026-06-03T21:11:50.5089315Z Starting metrics collection.
2026-06-03T21:11:50.5099026Z Container is running.
2026-06-03T21:11:50.5104710Z State: Starting, Action: CreatingContainer, LastError: , LastErrorTimestamp: 01/01/0001 00:00:00, LastErrorDetails: , Details: Container api-financeirax01 successfully created and is running., DetailsLevel: INFO
2026-06-03T21:11:50.5505335Z Container start method finished after 964 ms.
2026-06-03T21:11:50.5524461Z State: Starting, Action: InitiatingSiteWarmUpProbe, LastError: , LastErrorTimestamp: 01/01/0001 00:00:00, LastErrorDetails: , Details: Container api-financeirax01 successfully created and is running., DetailsLevel: INFO
2026-06-03T21:11:50.5524841Z State: Starting, Action: WaitingForSiteWarmUpProbeSuccess, LastError: , LastErrorTimestamp: 01/01/0001 00:00:00, LastErrorDetails: , Details: Pinging warmup path to ensure container is ready to receive requests., DetailsLevel: INFO
2026-06-03T21:12:02.5803238Z Site startup probe succeeded after 12.0235817 seconds.
2026-06-03T21:12:02.6603968Z State: Starting, Action: WarmUpProbeSucceeded, LastError: , LastErrorTimestamp: 01/01/0001 00:00:00, LastErrorDetails: , Details: Site startup probe succeeded after 12.0235817 seconds., DetailsLevel: INFO
2026-06-03T21:12:02.8692076Z Site started.
2026-06-03T21:12:02.8699499Z State: Started, Action: None, LastError: , LastErrorTimestamp: 01/01/0001 00:00:00, LastErrorDetails: , Details: Site started at 06/03/2026 21:12:02 (UTC), DetailsLevel: INFO
2026-06-03T21:12:22.9710590Z State: Stopping, Action: StoppingSite, LastError: , LastErrorTimestamp: 01/01/0001 00:00:00, LastErrorDetails: , Details: Site started at 06/03/2026 21:06:49 (UTC), DetailsLevel: INFO
2026-06-03T21:12:22.9720122Z State: Stopping, Action: StoppingSiteContainers, LastError: , LastErrorTimestamp: 01/01/0001 00:00:00, LastErrorDetails: , Details: Site started at 06/03/2026 21:06:49 (UTC), DetailsLevel: INFO
2026-06-03T21:12:22.9721608Z Container is terminating. Grace period: 5 seconds.
2026-06-03T21:12:22.9814869Z Stop and delete container. Retry count = 0
2026-06-03T21:12:22.9816223Z Stopping container: 1e0b1c2097f3_api-financeirax01.
2026-06-03T21:12:26.6108221Z Deleting container: 1e0b1c2097f3_api-financeirax01. Retry count = 0
2026-06-03T21:12:26.7177314Z Container spec TerminationMessagePolicy  path 
2026-06-03T21:12:26.7179521Z Container is terminated. Total time elapsed: 3745 ms.
2026-06-03T21:12:26.9337032Z Site: api-financeirax01 stopped.
2026-06-03T21:14:53.8666064Z State: Starting, Action: EstablishingSiteNetworks, LastError: , LastErrorTimestamp: 01/01/0001 00:00:00, LastErrorDetails: , Details: , DetailsLevel: INFO
2026-06-03T21:14:55.0473046Z State: Starting, Action: StartingMsiContainer, LastError: , LastErrorTimestamp: 01/01/0001 00:00:00, LastErrorDetails: , Details: , DetailsLevel: INFO
2026-06-03T21:15:00.4808527Z State: Starting, Action: StartingSiteContainers, LastError: , LastErrorTimestamp: 01/01/0001 00:00:00, LastErrorDetails: , Details: , DetailsLevel: INFO
2026-06-03T21:15:00.4809849Z Container start method called.
2026-06-03T21:15:00.4810321Z State: Starting, Action: PullingImage, LastError: , LastErrorTimestamp: 01/01/0001 00:00:00, LastErrorDetails: , Details: Pulling image acrcallcenter100.azurecr.io/api-app:latest for api-financeirax01., DetailsLevel: INFO
2026-06-03T21:15:00.4811418Z Establishing network.
2026-06-03T21:15:00.4812877Z Pulling image: acrcallcenter100.azurecr.io/api-app:latest.
2026-06-03T21:15:01.1991117Z Container is starting.
2026-06-03T21:15:01.2070260Z State: Starting, Action: MountingVolumes, LastError: , LastErrorTimestamp: 01/01/0001 00:00:00, LastErrorDetails: , Details: Mounting volumes for api-financeirax01., DetailsLevel: INFO
2026-06-03T21:15:01.2079397Z Establishing user namespace if not established already.
2026-06-03T21:15:01.2124356Z Establishing network if not established already.
2026-06-03T21:15:01.2159205Z Mounting volumes.
2026-06-03T21:15:01.2269432Z Nested mountpoint volatile/logs
2026-06-03T21:15:01.2418677Z Nested mountpoint 
2026-06-03T21:15:01.3077486Z State: Starting, Action: CreatingContainer, LastError: , LastErrorTimestamp: 01/01/0001 00:00:00, LastErrorDetails: , Details: Finished pulling container image and mounting volumes for api-financeirax01. Allocatinng the rest of the container resources to finish container creation., DetailsLevel: INFO
2026-06-03T21:15:01.3079974Z Creating container.
2026-06-03T21:15:01.3081275Z Creating pipes for streaming container io.
2026-06-03T21:15:01.3086687Z Creating stdout named pipe at /podr/container/pipe/daa893a08e6a_api-financeirax01/stdout_e8513a1295de43908f0f4fff04b06462.
2026-06-03T21:15:01.3091227Z Successfully created stdout named pipe at: /podr/container/pipe/daa893a08e6a_api-financeirax01/stdout_e8513a1295de43908f0f4fff04b06462.
2026-06-03T21:15:01.3106140Z Opening named pipe /podr/container/pipe/daa893a08e6a_api-financeirax01/stdout_e8513a1295de43908f0f4fff04b06462 for reading in non-blocking mode.
2026-06-03T21:15:01.3107837Z Successfully opened named pipe: /podr/container/pipe/daa893a08e6a_api-financeirax01/stdout_e8513a1295de43908f0f4fff04b06462.
2026-06-03T21:15:01.3109253Z Successfully removed non-blocking flag from /podr/container/pipe/daa893a08e6a_api-financeirax01/stdout_e8513a1295de43908f0f4fff04b06462.
2026-06-03T21:15:01.3111223Z Creating stderr named pipe at /podr/container/pipe/daa893a08e6a_api-financeirax01/stderr_43cf122712fc4bbd8c9848c762af86f7.
2026-06-03T21:15:01.3113070Z Successfully created stderr named pipe at: /podr/container/pipe/daa893a08e6a_api-financeirax01/stderr_43cf122712fc4bbd8c9848c762af86f7.
2026-06-03T21:15:01.3204226Z Opening named pipe /podr/container/pipe/daa893a08e6a_api-financeirax01/stderr_43cf122712fc4bbd8c9848c762af86f7 for reading in non-blocking mode.
2026-06-03T21:15:01.3247384Z Successfully opened named pipe: /podr/container/pipe/daa893a08e6a_api-financeirax01/stderr_43cf122712fc4bbd8c9848c762af86f7.
2026-06-03T21:15:01.3250522Z Successfully removed non-blocking flag from /podr/container/pipe/daa893a08e6a_api-financeirax01/stderr_43cf122712fc4bbd8c9848c762af86f7.
2026-06-03T21:15:01.3264500Z Overriding PORT environment variable with port exposed by container image.
2026-06-03T21:15:01.5103719Z Container image exposes ports: ContainerExposedPort { Port = 80, Protocol = TCP }. Sanitized list of ports is: 80. Resolved main port to 80.
2026-06-03T21:15:01.5105636Z Setting value of PORT variable to 80
2026-06-03T21:15:01.5107947Z Creating container with image: acrcallcenter100.azurecr.io/api-app:latest from registry: acrcallcenter100.azurecr.io and fully qualified image name: acrcallcenter100.azurecr.io/api-app:latest
2026-06-03T21:15:02.0780543Z Starting container: daa893a08e6a_api-financeirax01.
2026-06-03T21:15:02.1003122Z Starting watchers and probes.
2026-06-03T21:15:02.1008740Z Starting metrics collection.
2026-06-03T21:15:02.1024770Z Container is running.
2026-06-03T21:15:02.1025880Z State: Starting, Action: CreatingContainer, LastError: , LastErrorTimestamp: 01/01/0001 00:00:00, LastErrorDetails: , Details: Container api-financeirax01 successfully created and is running., DetailsLevel: INFO
2026-06-03T21:15:02.1731668Z Container start method finished after 1692 ms.
2026-06-03T21:15:02.1905647Z State: Starting, Action: InitiatingSiteWarmUpProbe, LastError: , LastErrorTimestamp: 01/01/0001 00:00:00, LastErrorDetails: , Details: Container api-financeirax01 successfully created and is running., DetailsLevel: INFO
2026-06-03T21:15:02.1906239Z State: Starting, Action: WaitingForSiteWarmUpProbeSuccess, LastError: , LastErrorTimestamp: 01/01/0001 00:00:00, LastErrorDetails: , Details: Pinging warmup path to ensure container is ready to receive requests., DetailsLevel: INFO
2026-06-03T21:15:13.2243128Z Site startup probe succeeded after 11.0232138 seconds.
2026-06-03T21:15:13.2901289Z State: Starting, Action: WarmUpProbeSucceeded, LastError: , LastErrorTimestamp: 01/01/0001 00:00:00, LastErrorDetails: , Details: Site startup probe succeeded after 11.0232138 seconds., DetailsLevel: INFO
2026-06-03T21:15:13.5353194Z Site started.
2026-06-03T21:15:13.5358116Z State: Started, Action: None, LastError: , LastErrorTimestamp: 01/01/0001 00:00:00, LastErrorDetails: , Details: Site started at 06/03/2026 21:15:13 (UTC), DetailsLevel: INFO
2026-06-03T21:15:33.6579622Z State: Stopping, Action: StoppingSite, LastError: , LastErrorTimestamp: 01/01/0001 00:00:00, LastErrorDetails: , Details: Site started at 06/03/2026 21:12:02 (UTC), DetailsLevel: INFO
2026-06-03T21:15:33.6589133Z State: Stopping, Action: StoppingSiteContainers, LastError: , LastErrorTimestamp: 01/01/0001 00:00:00, LastErrorDetails: , Details: Site started at 06/03/2026 21:12:02 (UTC), DetailsLevel: INFO
2026-06-03T21:15:33.6590437Z Container is terminating. Grace period: 5 seconds.
2026-06-03T21:15:33.6649485Z Stop and delete container. Retry count = 0
2026-06-03T21:15:33.6651347Z Stopping container: 23560d50cb90_api-financeirax01.
2026-06-03T21:15:35.8899816Z Deleting container: 23560d50cb90_api-financeirax01. Retry count = 0
2026-06-03T21:15:36.0117556Z Container spec TerminationMessagePolicy  path 
2026-06-03T21:15:36.0121691Z Container is terminated. Total time elapsed: 2352 ms.
2026-06-03T21:15:36.2151785Z Site: api-financeirax01 stopped.
