2026-06-01T12:13:34.2868435+00:00 ContainerStatus: State: Starting, Action: EstablishingSiteNetworks, LastError: , LastErrorTimestamp: 01/01/0001 00:00:00, LastErrorDetails: , Details: , DetailsLevel: INFO
2026-06-01T12:13:35.3251914+00:00 ContainerStatus: State: Starting, Action: StartingMsiContainer, LastError: , LastErrorTimestamp: 01/01/0001 00:00:00, LastErrorDetails: , Details: , DetailsLevel: INFO
2026-06-01T12:13:38.5679099+00:00 ContainerStatus: State: Starting, Action: StartingSiteContainers, LastError: , LastErrorTimestamp: 01/01/0001 00:00:00, LastErrorDetails: , Details: , DetailsLevel: INFO
2026-06-01T12:13:38.5683190+00:00 ContainerStatus: Container start method called.
2026-06-01T12:13:38.5684543+00:00 ContainerStatus: State: Starting, Action: PullingImage, LastError: , LastErrorTimestamp: 01/01/0001 00:00:00, LastErrorDetails: , Details: Pulling image ckmcc0522172320.azurecr.io/km-api:app-only-20260531170503 for api-financeirax01., DetailsLevel: INFO
2026-06-01T12:13:38.5686466+00:00 ContainerStatus: Establishing network.
2026-06-01T12:13:38.5688475+00:00 ContainerStatus: Pulling image: ckmcc0522172320.azurecr.io/km-api:app-only-20260531170503.
2026-06-01T12:13:56.1114701+00:00 ContainerStatus: Image ckmcc0522172320.azurecr.io/km-api:app-only-20260531170503 is pulled from registry ckmcc0522172320.azurecr.io
2026-06-01T12:13:56.1116351+00:00 ContainerStatus: Container is starting.
2026-06-01T12:13:56.1334024+00:00 ContainerStatus: State: Starting, Action: MountingVolumes, LastError: , LastErrorTimestamp: 01/01/0001 00:00:00, LastErrorDetails: , Details: Mounting volumes for api-financeirax01., DetailsLevel: INFO
2026-06-01T12:13:56.1336327+00:00 ContainerStatus: Establishing user namespace if not established already.
2026-06-01T12:13:56.1337791+00:00 ContainerStatus: Establishing network if not established already.
2026-06-01T12:13:56.1340566+00:00 ContainerStatus: Mounting volumes.
2026-06-01T12:13:56.1442248+00:00 ContainerStatus: Nested mountpoint volatile/logs
2026-06-01T12:13:56.1510576+00:00 ContainerStatus: Nested mountpoint 
2026-06-01T12:13:56.1751868+00:00 ContainerStatus: State: Starting, Action: CreatingContainer, LastError: , LastErrorTimestamp: 01/01/0001 00:00:00, LastErrorDetails: , Details: Finished pulling container image and mounting volumes for api-financeirax01. Allocatinng the rest of the container resources to finish container creation., DetailsLevel: INFO
2026-06-01T12:13:56.1753248+00:00 ContainerStatus: Creating container.
2026-06-01T12:13:56.1754516+00:00 ContainerStatus: Creating pipes for streaming container io.
2026-06-01T12:13:56.1756484+00:00 ContainerStatus: Creating stdout named pipe at /podr/container/pipe/e110b24945ef_api-financeirax01/stdout_9a1f8e76b50747688186157577a864a2.
2026-06-01T12:13:56.1790406+00:00 ContainerStatus: Successfully created stdout named pipe at: /podr/container/pipe/e110b24945ef_api-financeirax01/stdout_9a1f8e76b50747688186157577a864a2.
2026-06-01T12:13:56.1793440+00:00 ContainerStatus: Opening named pipe /podr/container/pipe/e110b24945ef_api-financeirax01/stdout_9a1f8e76b50747688186157577a864a2 for reading in non-blocking mode.
2026-06-01T12:13:56.1794984+00:00 ContainerStatus: Successfully opened named pipe: /podr/container/pipe/e110b24945ef_api-financeirax01/stdout_9a1f8e76b50747688186157577a864a2.
2026-06-01T12:13:56.1796180+00:00 ContainerStatus: Successfully removed non-blocking flag from /podr/container/pipe/e110b24945ef_api-financeirax01/stdout_9a1f8e76b50747688186157577a864a2.
2026-06-01T12:13:56.1798295+00:00 ContainerStatus: Creating stderr named pipe at /podr/container/pipe/e110b24945ef_api-financeirax01/stderr_a6178e3475f9427cb737c67d4b1308c3.
2026-06-01T12:13:56.1818147+00:00 ContainerStatus: Successfully created stderr named pipe at: /podr/container/pipe/e110b24945ef_api-financeirax01/stderr_a6178e3475f9427cb737c67d4b1308c3.
2026-06-01T12:13:56.1838778+00:00 ContainerStatus: Opening named pipe /podr/container/pipe/e110b24945ef_api-financeirax01/stderr_a6178e3475f9427cb737c67d4b1308c3 for reading in non-blocking mode.
2026-06-01T12:13:56.1840448+00:00 ContainerStatus: Successfully opened named pipe: /podr/container/pipe/e110b24945ef_api-financeirax01/stderr_a6178e3475f9427cb737c67d4b1308c3.
2026-06-01T12:13:56.1841832+00:00 ContainerStatus: Successfully removed non-blocking flag from /podr/container/pipe/e110b24945ef_api-financeirax01/stderr_a6178e3475f9427cb737c67d4b1308c3.
2026-06-01T12:13:56.1844986+00:00 ContainerStatus: Overriding PORT environment variable with port exposed by container image.
2026-06-01T12:13:56.2971857+00:00 ContainerStatus: Container image exposes ports: ContainerExposedPort { Port = 80, Protocol = TCP }. Sanitized list of ports is: 80. Resolved main port to 80.
2026-06-01T12:13:56.2977729+00:00 ContainerStatus: Setting value of PORT variable to 80
2026-06-01T12:13:56.2983474+00:00 ContainerStatus: Creating container with image: ckmcc0522172320.azurecr.io/km-api:app-only-20260531170503 from registry: ckmcc0522172320.azurecr.io and fully qualified image name: ckmcc0522172320.azurecr.io/km-api:app-only-20260531170503
2026-06-01T12:13:56.6189284+00:00 ContainerStatus: Starting container: e110b24945ef_api-financeirax01.
2026-06-01T12:13:56.6450208+00:00 ContainerStatus: Starting watchers and probes.
2026-06-01T12:13:56.6457843+00:00 ContainerStatus: Starting metrics collection.
2026-06-01T12:13:56.6469815+00:00 ContainerStatus: Container is running.
2026-06-01T12:13:56.6470836+00:00 ContainerStatus: State: Starting, Action: CreatingContainer, LastError: , LastErrorTimestamp: 01/01/0001 00:00:00, LastErrorDetails: , Details: Container api-financeirax01 successfully created and is running., DetailsLevel: INFO
2026-06-01T12:13:56.7145404+00:00 ContainerStatus: Container start method finished after 18145 ms.
2026-06-01T12:13:56.7160496+00:00 ContainerStatus: State: Starting, Action: InitiatingSiteWarmUpProbe, LastError: , LastErrorTimestamp: 01/01/0001 00:00:00, LastErrorDetails: , Details: Container api-financeirax01 successfully created and is running., DetailsLevel: INFO
2026-06-01T12:13:56.7160822+00:00 ContainerStatus: State: Starting, Action: WaitingForSiteWarmUpProbeSuccess, LastError: , LastErrorTimestamp: 01/01/0001 00:00:00, LastErrorDetails: , Details: Pinging warmup path to ensure container is ready to receive requests., DetailsLevel: INFO
2026-06-01T12:14:01.8346421+00:00 ContainerStream: WARNING:root:No Application Insights Instrumentation Key found. Skipping configuration
2026-06-01T12:14:01.9262601+00:00 ContainerStream: WARNING:root:No Application Insights Instrumentation Key found. Skipping configuration
2026-06-01T12:14:01.9689717+00:00 ContainerStream: INFO:     Started server process [1]
2026-06-01T12:14:01.9690498+00:00 ContainerStream: INFO:     Waiting for application startup.
2026-06-01T12:14:02.2568698+00:00 ContainerStream: INFO:azure.identity.aio._credentials.managed_identity:ManagedIdentityCredential will use App Service managed identity with client_id: e445e544-9d78-419d-8597-1c5ac4c7e073
2026-06-01T12:14:04.5466637+00:00 ContainerStream: INFO:azure.identity._credentials.managed_identity:ManagedIdentityCredential will use App Service managed identity with client_id: e445e544-9d78-419d-8597-1c5ac4c7e073
2026-06-01T12:14:04.5728158+00:00 ContainerStream: INFO:azure.identity._internal.msal_managed_identity_client:AppServiceCredential.get_token_info succeeded
2026-06-01T12:14:04.5733969+00:00 ContainerStream: INFO:azure.identity._internal.decorators:ManagedIdentityCredential.get_token_info succeeded
2026-06-01T12:14:16.9604111+00:00 ContainerStream: INFO:azure.identity._internal.msal_managed_identity_client:AppServiceCredential.get_token_info succeeded
2026-06-01T12:14:16.9604558+00:00 ContainerStream: INFO:azure.identity._internal.decorators:ManagedIdentityCredential.get_token_info succeeded
2026-06-01T12:14:17.4803136+00:00 ContainerStream: INFO:azure.identity._credentials.managed_identity:ManagedIdentityCredential will use App Service managed identity with client_id: e445e544-9d78-419d-8597-1c5ac4c7e073
2026-06-01T12:14:17.4963172+00:00 ContainerStream: INFO:azure.identity._internal.msal_managed_identity_client:AppServiceCredential.get_token_info succeeded
2026-06-01T12:14:17.4964075+00:00 ContainerStream: INFO:azure.identity._internal.decorators:ManagedIdentityCredential.get_token_info succeeded
2026-06-01T12:14:18.0224488+00:00 ContainerStream: INFO:azure.identity._credentials.managed_identity:ManagedIdentityCredential will use App Service managed identity with client_id: e445e544-9d78-419d-8597-1c5ac4c7e073
2026-06-01T12:14:18.0423721+00:00 ContainerStream: INFO:azure.identity._internal.msal_managed_identity_client:AppServiceCredential.get_token_info succeeded
2026-06-01T12:14:18.0426954+00:00 ContainerStream: INFO:azure.identity._internal.decorators:ManagedIdentityCredential.get_token_info succeeded
2026-06-01T12:14:18.4871942+00:00 ContainerStream: INFO:     Application startup complete.
2026-06-01T12:14:18.4877520+00:00 ContainerStream: INFO:     Uvicorn running on http://0.0.0.0:80 (Press CTRL+C to quit)
2026-06-01T12:14:18.7301654+00:00 ContainerStream: INFO:     169.254.130.1:52915 - "GET /robots933456.txt HTTP/1.1" 404 Not Found
2026-06-01T12:14:18.7346381+00:00 ContainerStatus: Site startup probe succeeded after 22.0179159 seconds.
2026-06-01T12:14:18.8045613+00:00 ContainerStatus: State: Starting, Action: WarmUpProbeSucceeded, LastError: , LastErrorTimestamp: 01/01/0001 00:00:00, LastErrorDetails: , Details: Site startup probe succeeded after 22.0179159 seconds., DetailsLevel: INFO
2026-06-01T12:14:18.9555340+00:00 ContainerStatus: Site started.
2026-06-01T12:14:18.9556644+00:00 ContainerStatus: State: Started, Action: None, LastError: , LastErrorTimestamp: 01/01/0001 00:00:00, LastErrorDetails: , Details: Site started at 06/01/2026 12:14:18 (UTC), DetailsLevel: INFO
