2026-05-30T02:02:32.0223046+00:00 ContainerStatus: State: Starting, Action: EstablishingSiteNetworks, LastError: , LastErrorTimestamp: 01/01/0001 00:00:00, LastErrorDetails: , Details: , DetailsLevel: INFO
2026-05-30T02:02:33.6697093+00:00 ContainerStatus: State: Starting, Action: StartingSiteContainers, LastError: , LastErrorTimestamp: 01/01/0001 00:00:00, LastErrorDetails: , Details: , DetailsLevel: INFO
2026-05-30T02:02:33.6748429+00:00 ContainerStatus: Container start method called.
2026-05-30T02:02:33.6864330+00:00 ContainerStatus: State: Starting, Action: PullingImage, LastError: , LastErrorTimestamp: 01/01/0001 00:00:00, LastErrorDetails: , Details: Pulling image ckmcc0522172320.azurecr.io/webapp-financeirax:app-only-20260529201308 for app-financeirax01., DetailsLevel: INFO
2026-05-30T02:02:33.6866949+00:00 ContainerStatus: Establishing network.
2026-05-30T02:02:33.6870393+00:00 ContainerStatus: Pulling image: ckmcc0522172320.azurecr.io/webapp-financeirax:app-only-20260529201308.
2026-05-30T02:02:36.6771251+00:00 ContainerStatus: Image ckmcc0522172320.azurecr.io/webapp-financeirax:app-only-20260529201308 is pulled from registry ckmcc0522172320.azurecr.io
2026-05-30T02:02:36.6881524+00:00 ContainerStatus: Container is starting.
2026-05-30T02:02:36.6893776+00:00 ContainerStatus: State: Starting, Action: MountingVolumes, LastError: , LastErrorTimestamp: 01/01/0001 00:00:00, LastErrorDetails: , Details: Mounting volumes for app-financeirax01., DetailsLevel: INFO
2026-05-30T02:02:36.6899406+00:00 ContainerStatus: Establishing user namespace if not established already.
2026-05-30T02:02:36.6902906+00:00 ContainerStatus: Establishing network if not established already.
2026-05-30T02:02:36.6904629+00:00 ContainerStatus: Mounting volumes.
2026-05-30T02:02:36.6956132+00:00 ContainerStatus: Nested mountpoint volatile/logs
2026-05-30T02:02:36.7080933+00:00 ContainerStatus: Nested mountpoint 
2026-05-30T02:02:36.7268267+00:00 ContainerStatus: State: Starting, Action: CreatingContainer, LastError: , LastErrorTimestamp: 01/01/0001 00:00:00, LastErrorDetails: , Details: Finished pulling container image and mounting volumes for app-financeirax01. Allocatinng the rest of the container resources to finish container creation., DetailsLevel: INFO
2026-05-30T02:02:36.7270091+00:00 ContainerStatus: Creating container.
2026-05-30T02:02:36.7285350+00:00 ContainerStatus: Creating pipes for streaming container io.
2026-05-30T02:02:36.7295677+00:00 ContainerStatus: Creating stdout named pipe at /podr/container/pipe/b08dfe244906_app-financeirax01/stdout_e5cc53be44d447288bd68efc865e8fae.
2026-05-30T02:02:36.7311820+00:00 ContainerStatus: Successfully created stdout named pipe at: /podr/container/pipe/b08dfe244906_app-financeirax01/stdout_e5cc53be44d447288bd68efc865e8fae.
2026-05-30T02:02:36.7351551+00:00 ContainerStatus: Opening named pipe /podr/container/pipe/b08dfe244906_app-financeirax01/stdout_e5cc53be44d447288bd68efc865e8fae for reading in non-blocking mode.
2026-05-30T02:02:36.7362376+00:00 ContainerStatus: Successfully opened named pipe: /podr/container/pipe/b08dfe244906_app-financeirax01/stdout_e5cc53be44d447288bd68efc865e8fae.
2026-05-30T02:02:36.7370521+00:00 ContainerStatus: Successfully removed non-blocking flag from /podr/container/pipe/b08dfe244906_app-financeirax01/stdout_e5cc53be44d447288bd68efc865e8fae.
2026-05-30T02:02:36.7396431+00:00 ContainerStatus: Creating stderr named pipe at /podr/container/pipe/b08dfe244906_app-financeirax01/stderr_4dd7c633040c476ba951ff5d7431edb6.
2026-05-30T02:02:36.7405206+00:00 ContainerStatus: Successfully created stderr named pipe at: /podr/container/pipe/b08dfe244906_app-financeirax01/stderr_4dd7c633040c476ba951ff5d7431edb6.
2026-05-30T02:02:36.7413535+00:00 ContainerStatus: Opening named pipe /podr/container/pipe/b08dfe244906_app-financeirax01/stderr_4dd7c633040c476ba951ff5d7431edb6 for reading in non-blocking mode.
2026-05-30T02:02:36.7419401+00:00 ContainerStatus: Successfully opened named pipe: /podr/container/pipe/b08dfe244906_app-financeirax01/stderr_4dd7c633040c476ba951ff5d7431edb6.
2026-05-30T02:02:36.7423015+00:00 ContainerStatus: Successfully removed non-blocking flag from /podr/container/pipe/b08dfe244906_app-financeirax01/stderr_4dd7c633040c476ba951ff5d7431edb6.
2026-05-30T02:02:36.7454332+00:00 ContainerStatus: Overriding PORT environment variable with port exposed by container image.
2026-05-30T02:02:36.8937663+00:00 ContainerStatus: Container image exposes ports: ContainerExposedPort { Port = 80, Protocol = TCP }. Sanitized list of ports is: 80. Resolved main port to 80.
2026-05-30T02:02:36.8946969+00:00 ContainerStatus: Setting value of PORT variable to 80
2026-05-30T02:02:36.8977298+00:00 ContainerStatus: Creating container with image: ckmcc0522172320.azurecr.io/webapp-financeirax:app-only-20260529201308 from registry: ckmcc0522172320.azurecr.io and fully qualified image name: ckmcc0522172320.azurecr.io/webapp-financeirax:app-only-20260529201308
2026-05-30T02:02:38.0025123+00:00 ContainerStatus: Starting container: b08dfe244906_app-financeirax01.
2026-05-30T02:02:38.0992691+00:00 ContainerStatus: Starting watchers and probes.
2026-05-30T02:02:38.1165731+00:00 ContainerStream: APP_API_BASE_URL=https://api-financeirax01.azurewebsites.net
2026-05-30T02:02:38.1200816+00:00 ContainerStatus: Starting metrics collection.
2026-05-30T02:02:38.1280725+00:00 ContainerStatus: Container is running.
2026-05-30T02:02:38.1288494+00:00 ContainerStatus: State: Starting, Action: CreatingContainer, LastError: , LastErrorTimestamp: 01/01/0001 00:00:00, LastErrorDetails: , Details: Container app-financeirax01 successfully created and is running., DetailsLevel: INFO
2026-05-30T02:02:38.2475709+00:00 ContainerStatus: Container start method finished after 4572 ms.
2026-05-30T02:02:38.2565295+00:00 ContainerStatus: State: Starting, Action: InitiatingSiteWarmUpProbe, LastError: , LastErrorTimestamp: 01/01/0001 00:00:00, LastErrorDetails: , Details: Container app-financeirax01 successfully created and is running., DetailsLevel: INFO
2026-05-30T02:02:38.2603673+00:00 ContainerStatus: State: Starting, Action: WaitingForSiteWarmUpProbeSuccess, LastError: , LastErrorTimestamp: 01/01/0001 00:00:00, LastErrorDetails: , Details: Pinging warmup path to ensure container is ready to receive requests., DetailsLevel: INFO
2026-05-30T02:02:38.8422101+00:00 ContainerStream: 2026/05/30 02:02:38 [notice] 1#1: using the "epoll" event method
2026-05-30T02:02:38.8426414+00:00 ContainerStream: done
2026-05-30T02:02:38.8473216+00:00 ContainerStream: 2026/05/30 02:02:38 [notice] 1#1: nginx/1.31.1
2026-05-30T02:02:38.8473396+00:00 ContainerStream: 2026/05/30 02:02:38 [notice] 1#1: built by gcc 15.2.0 (Alpine 15.2.0) 
2026-05-30T02:02:38.8473477+00:00 ContainerStream: 2026/05/30 02:02:38 [notice] 1#1: OS: Linux 6.6.138.1-1.azl3
2026-05-30T02:02:38.8473592+00:00 ContainerStream: 2026/05/30 02:02:38 [notice] 1#1: getrlimit(RLIMIT_NOFILE): 131072:131072
2026-05-30T02:02:38.8473696+00:00 ContainerStream: 2026/05/30 02:02:38 [notice] 1#1: start worker processes
2026-05-30T02:02:38.8473766+00:00 ContainerStream: 2026/05/30 02:02:38 [notice] 1#1: start worker process 20
2026-05-30T02:02:38.8473881+00:00 ContainerStream: 2026/05/30 02:02:38 [notice] 1#1: start worker process 21
2026-05-30T02:02:39.2886777+00:00 ContainerStream: 169.254.129.1 - - [30/May/2026:02:02:39 +0000] "GET /robots933456.txt HTTP/1.1" 200 551 "-" "HealthCheck/1.0" "-"
2026-05-30T02:02:39.3007344+00:00 ContainerStatus: Site startup probe succeeded after 1.0255162 seconds.
2026-05-30T02:02:39.4217240+00:00 ContainerStatus: State: Starting, Action: WarmUpProbeSucceeded, LastError: , LastErrorTimestamp: 01/01/0001 00:00:00, LastErrorDetails: , Details: Site startup probe succeeded after 1.0255162 seconds., DetailsLevel: INFO
2026-05-30T02:02:39.7183492+00:00 ContainerStatus: State: Starting, Action: StartingAuthContainer, LastError: , LastErrorTimestamp: 01/01/0001 00:00:00, LastErrorDetails: , Details: Site startup probe succeeded after 1.0255162 seconds., DetailsLevel: INFO
2026-05-30T02:02:44.8419858+00:00 ContainerStatus: Site is running with deployment version: 1cc2bc00-e644-42c2-978c-0e2b9bcb8657
2026-05-30T02:02:44.8425766+00:00 ContainerStatus: Site started.
2026-05-30T02:02:44.8439907+00:00 ContainerStatus: State: Started, Action: None, LastError: , LastErrorTimestamp: 01/01/0001 00:00:00, LastErrorDetails: , Details: Site started at 05/30/2026 02:02:44 (UTC), DetailsLevel: INFO
