2026-06-03T19:28:49.6929913Z State: Starting, Action: EstablishingSiteNetworks, LastError: , LastErrorTimestamp: 01/01/0001 00:00:00, LastErrorDetails: , Details: , DetailsLevel: INFO
2026-06-03T19:28:51.0614180Z State: Starting, Action: StartingMsiContainer, LastError: , LastErrorTimestamp: 01/01/0001 00:00:00, LastErrorDetails: , Details: , DetailsLevel: INFO
2026-06-03T19:28:55.0741773Z State: Starting, Action: StartingSiteContainers, LastError: , LastErrorTimestamp: 01/01/0001 00:00:00, LastErrorDetails: , Details: , DetailsLevel: INFO
2026-06-03T19:28:55.0746976Z Container start method called.
2026-06-03T19:28:55.0748313Z State: Starting, Action: PullingImage, LastError: , LastErrorTimestamp: 01/01/0001 00:00:00, LastErrorDetails: , Details: Pulling image ckmcc0522172320.azurecr.io/km-api:app-only-20260531170503 for api-financeirax01., DetailsLevel: INFO
2026-06-03T19:28:55.0755346Z Establishing network.
2026-06-03T19:28:55.0767144Z Pulling image: ckmcc0522172320.azurecr.io/km-api:app-only-20260531170503.
2026-06-03T19:29:07.7619366Z Container pull image failed with reason: ImagePullFailure. Revert by terminate.
2026-06-03T19:29:07.7629746Z Container is terminating. Grace period: 5 seconds.
2026-06-03T19:29:07.7632233Z Container spec TerminationMessagePolicy  path 
2026-06-03T19:29:07.7633925Z Container is terminated. Total time elapsed: 0 ms.
2026-06-03T19:29:07.7635266Z Site container: api-financeirax01 terminated during site startup.
2026-06-03T19:29:07.7636659Z State: Stopping, Action: CancellingStartup, LastError: , LastErrorTimestamp: 01/01/0001 00:00:00, LastErrorDetails: , Details: Site container: api-financeirax01 terminated during site startup. Cancelling site startup., DetailsLevel: ERR
2026-06-03T19:29:07.7681735Z State: Stopping, Action: CancellingStartup, LastError: ImagePullFailure, LastErrorTimestamp: 06/03/2026 19:29:07, LastErrorDetails: Failed to pull image: ckmcc0522172320.azurecr.io/km-api:app-only-20260531170503. Cannot resolve registry address. If VNET is enbaled, check if there's a custom DNS in the VNET that's not resolving the regitry address. Also check if it's blocked by policy or firewall, Details: Site container: api-financeirax01 terminated during site startup. Cancelling site startup., DetailsLevel: ERR
2026-06-03T19:29:07.7749183Z Failed to start site. Revert by stopping site.
2026-06-03T19:29:07.7752686Z State: Stopping, Action: StoppingSite, LastError: ImagePullFailure, LastErrorTimestamp: 06/03/2026 19:29:07, LastErrorDetails: Failed to pull image: ckmcc0522172320.azurecr.io/km-api:app-only-20260531170503. Cannot resolve registry address. If VNET is enbaled, check if there's a custom DNS in the VNET that's not resolving the regitry address. Also check if it's blocked by policy or firewall, Details: Site container: api-financeirax01 terminated during site startup. Cancelling site startup., DetailsLevel: ERR
2026-06-03T19:29:07.7755008Z State: Stopping, Action: StoppingSiteContainers, LastError: ImagePullFailure, LastErrorTimestamp: 06/03/2026 19:29:07, LastErrorDetails: Failed to pull image: ckmcc0522172320.azurecr.io/km-api:app-only-20260531170503. Cannot resolve registry address. If VNET is enbaled, check if there's a custom DNS in the VNET that's not resolving the regitry address. Also check if it's blocked by policy or firewall, Details: Site container: api-financeirax01 terminated during site startup. Cancelling site startup., DetailsLevel: ERR
2026-06-03T19:29:07.9674836Z Site container: api-financeirax01_managedIdentity terminated during site startup.
2026-06-03T19:29:07.9695252Z State: Stopping, Action: StoppingSiteContainers, LastError: ImagePullFailure, LastErrorTimestamp: 06/03/2026 19:29:07, LastErrorDetails: Failed to pull image: ckmcc0522172320.azurecr.io/km-api:app-only-20260531170503. Cannot resolve registry address. If VNET is enbaled, check if there's a custom DNS in the VNET that's not resolving the regitry address. Also check if it's blocked by policy or firewall, Details: Site container: api-financeirax01 terminated during site startup. Cancelling site startup., DetailsLevel: ERR
2026-06-03T19:29:07.9705729Z Site: api-financeirax01 stopped.
2026-06-03T19:29:09.564Z INFO  - Pulling image: mcr.microsoft.com/appsvc/msitokenservice:stage3
2026-06-03T19:29:10.266Z INFO  - stage3 Pulling from appsvc/msitokenservice
2026-06-03T19:29:10.269Z INFO  - 5e5b36758685 Already exists
2026-06-03T19:29:10.271Z INFO  - d12740de851f Already exists
2026-06-03T19:29:10.275Z INFO  - ff86293c9e8b Pulling fs layer
2026-06-03T19:29:10.278Z INFO  - 4f4fb700ef54 Pulling fs layer
2026-06-03T19:29:10.280Z INFO  - 2cf9343f1fe1 Pulling fs layer
2026-06-03T19:29:10.281Z INFO  - 61762e38b07d Pulling fs layer
2026-06-03T19:29:10.303Z INFO  - ff86293c9e8b Verifying Checksum
2026-06-03T19:29:10.305Z INFO  - ff86293c9e8b Download complete
2026-06-03T19:29:10.321Z INFO  - 4f4fb700ef54 Downloading 32B / 32B
2026-06-03T19:29:10.323Z INFO  - 4f4fb700ef54 Verifying Checksum
2026-06-03T19:29:10.324Z INFO  - 4f4fb700ef54 Download complete
2026-06-03T19:29:10.327Z INFO  - 2cf9343f1fe1 Downloading 10MB / 21MB
2026-06-03T19:29:10.424Z INFO  - 2cf9343f1fe1 Verifying Checksum
2026-06-03T19:29:10.427Z INFO  - 2cf9343f1fe1 Download complete
2026-06-03T19:29:10.451Z INFO  - 61762e38b07d Downloading 2MB / 21MB
2026-06-03T19:29:10.553Z INFO  - 61762e38b07d Downloading 9MB / 21MB
2026-06-03T19:29:10.618Z INFO  - ff86293c9e8b Extracting 480KB / 6MB
2026-06-03T19:29:10.792Z INFO  - 61762e38b07d Verifying Checksum
2026-06-03T19:29:10.793Z INFO  - 61762e38b07d Download complete
2026-06-03T19:29:10.853Z INFO  - ff86293c9e8b Extracting 1MB / 6MB
2026-06-03T19:29:10.957Z INFO  - ff86293c9e8b Extracting 4MB / 6MB
2026-06-03T19:29:11.082Z INFO  - ff86293c9e8b Extracting 6MB / 6MB
2026-06-03T19:29:11.583Z INFO  - ff86293c9e8b Pull complete
2026-06-03T19:29:11.610Z INFO  - 4f4fb700ef54 Extracting 32B / 32B
2026-06-03T19:29:11.655Z INFO  - 4f4fb700ef54 Extracting 32B / 32B
2026-06-03T19:29:11.771Z INFO  - 4f4fb700ef54 Pull complete
2026-06-03T19:29:12.171Z INFO  - 2cf9343f1fe1 Extracting 6MB / 21MB
2026-06-03T19:29:12.380Z INFO  - 2cf9343f1fe1 Extracting 10MB / 21MB
2026-06-03T19:29:12.486Z INFO  - 2cf9343f1fe1 Extracting 13MB / 21MB
2026-06-03T19:29:12.587Z INFO  - 2cf9343f1fe1 Extracting 14MB / 21MB
2026-06-03T19:29:12.722Z INFO  - 2cf9343f1fe1 Extracting 16MB / 21MB
2026-06-03T19:29:12.824Z INFO  - 2cf9343f1fe1 Extracting 19MB / 21MB
2026-06-03T19:29:12.944Z INFO  - 2cf9343f1fe1 Extracting 21MB / 21MB
2026-06-03T19:29:13.092Z INFO  - 2cf9343f1fe1 Extracting 21MB / 21MB
2026-06-03T19:29:13.751Z INFO  - 2cf9343f1fe1 Pull complete
2026-06-03T19:29:14.041Z INFO  - 61762e38b07d Extracting 6MB / 21MB
2026-06-03T19:29:14.142Z INFO  - 61762e38b07d Extracting 9MB / 21MB
2026-06-03T19:29:14.451Z INFO  - 61762e38b07d Extracting 18MB / 21MB
2026-06-03T19:29:14.608Z INFO  - 61762e38b07d Extracting 21MB / 21MB
2026-06-03T19:29:15.197Z INFO  - 61762e38b07d Pull complete
2026-06-03T19:29:15.720Z INFO  -  Digest: sha256:87e292c11a9f1b68dcbfe9785ceca58e44e366f163f7fbf2ad2fb1e6c13fde18
2026-06-03T19:29:15.754Z INFO  -  Status: Downloaded newer image for mcr.microsoft.com/appsvc/msitokenservice:stage3
2026-06-03T19:29:15.767Z INFO  - Pull Image successful, Time taken: 6 Seconds
2026-06-03T19:29:15.838Z INFO  - Starting container for site
2026-06-03T19:29:15.840Z INFO  - docker run -d --expose=8081 --name api-financeirax01_0_5b817279_msiProxy -e WEBSITE_ROLE_INSTANCE_ID=0 -e WEBSITE_HOSTNAME=api-financeirax01.azurewebsites.net -e WEBSITE_INSTANCE_ID=9c598b6dd274cc38ed128d84365459626394818ee891d207c4a3c43ad40d25a2 -e HTTP_LOGGING_ENABLED=1 mcr.microsoft.com/appsvc/msitokenservice:stage3 
2026-06-03T19:29:20.802Z INFO  - Pulling image: ckmcc0522172320.azurecr.io/km-api:app-only-20260531170503
2026-06-03T19:29:20.845Z ERROR - DockerApiException: Docker API responded with status code=InternalServerError, response={"message":"Get \"https://ckmcc0522172320.azurecr.io/v2/\": dial tcp: lookup ckmcc0522172320.azurecr.io: no such host"}

2026-06-03T19:29:20.846Z ERROR - Pulling docker image ckmcc0522172320.azurecr.io/km-api:app-only-20260531170503 failed:
2026-06-03T19:29:20.881Z ERROR - DockerApiException: Docker API responded with status code=InternalServerError, response={"message":"Get \"https://ckmcc0522172320.azurecr.io/v2/\": dial tcp: lookup ckmcc0522172320.azurecr.io: no such host"}

2026-06-03T19:29:20.886Z WARN  - Image pull failed. Defaulting to local copy if present.
2026-06-03T19:29:20.889Z ERROR - Image pull failed: Verify docker image configuration and credentials (if using private repository)
2026-06-03T19:29:26.352Z INFO  - Stopping site api-financeirax01 because it failed during startup.
2026-06-03T19:29:36.839Z INFO  - Pulling image: mcr.microsoft.com/appsvc/msitokenservice:stage3
2026-06-03T19:29:36.941Z INFO  - stage3 Pulling from appsvc/msitokenservice
2026-06-03T19:29:36.956Z INFO  -  Digest: sha256:87e292c11a9f1b68dcbfe9785ceca58e44e366f163f7fbf2ad2fb1e6c13fde18
2026-06-03T19:29:36.958Z INFO  -  Status: Image is up to date for mcr.microsoft.com/appsvc/msitokenservice:stage3
2026-06-03T19:29:36.962Z INFO  - Pull Image successful, Time taken: 0 Seconds
2026-06-03T19:29:36.975Z INFO  - Starting container for site
2026-06-03T19:29:36.976Z INFO  - docker run -d --expose=8081 --name api-financeirax01_0_8669838d_msiProxy -e WEBSITE_ROLE_INSTANCE_ID=0 -e WEBSITE_HOSTNAME=api-financeirax01.azurewebsites.net -e WEBSITE_INSTANCE_ID=9c598b6dd274cc38ed128d84365459626394818ee891d207c4a3c43ad40d25a2 -e HTTP_LOGGING_ENABLED=1 mcr.microsoft.com/appsvc/msitokenservice:stage3 
2026-06-03T19:29:40.290Z INFO  - Pulling image: ckmcc0522172320.azurecr.io/km-api:app-only-20260531170503
2026-06-03T19:29:40.326Z ERROR - DockerApiException: Docker API responded with status code=InternalServerError, response={"message":"Get \"https://ckmcc0522172320.azurecr.io/v2/\": dial tcp: lookup ckmcc0522172320.azurecr.io: no such host"}

2026-06-03T19:29:40.328Z ERROR - Pulling docker image ckmcc0522172320.azurecr.io/km-api:app-only-20260531170503 failed:
2026-06-03T19:29:40.344Z ERROR - DockerApiException: Docker API responded with status code=InternalServerError, response={"message":"Get \"https://ckmcc0522172320.azurecr.io/v2/\": dial tcp: lookup ckmcc0522172320.azurecr.io: no such host"}

2026-06-03T19:29:40.346Z WARN  - Image pull failed. Defaulting to local copy if present.
2026-06-03T19:29:40.351Z ERROR - Image pull failed: Verify docker image configuration and credentials (if using private repository)
2026-06-03T19:29:45.835Z INFO  - Stopping site api-financeirax01 because it failed during startup.
2026-06-03T19:29:56.097Z INFO  - Pulling image: mcr.microsoft.com/appsvc/msitokenservice:stage3
2026-06-03T19:29:56.187Z INFO  - stage3 Pulling from appsvc/msitokenservice
2026-06-03T19:29:56.202Z INFO  -  Digest: sha256:87e292c11a9f1b68dcbfe9785ceca58e44e366f163f7fbf2ad2fb1e6c13fde18
2026-06-03T19:29:56.205Z INFO  -  Status: Image is up to date for mcr.microsoft.com/appsvc/msitokenservice:stage3
2026-06-03T19:29:56.218Z INFO  - Pull Image successful, Time taken: 0 Seconds
2026-06-03T19:29:56.232Z INFO  - Starting container for site
2026-06-03T19:29:56.233Z INFO  - docker run -d --expose=8081 --name api-financeirax01_0_af7542a8_msiProxy -e WEBSITE_ROLE_INSTANCE_ID=0 -e WEBSITE_HOSTNAME=api-financeirax01.azurewebsites.net -e WEBSITE_INSTANCE_ID=9c598b6dd274cc38ed128d84365459626394818ee891d207c4a3c43ad40d25a2 -e HTTP_LOGGING_ENABLED=1 mcr.microsoft.com/appsvc/msitokenservice:stage3 
2026-06-03T19:29:59.546Z INFO  - Pulling image: ckmcc0522172320.azurecr.io/km-api:app-only-20260531170503
2026-06-03T19:29:59.582Z ERROR - DockerApiException: Docker API responded with status code=InternalServerError, response={"message":"Get \"https://ckmcc0522172320.azurecr.io/v2/\": dial tcp: lookup ckmcc0522172320.azurecr.io: no such host"}

2026-06-03T19:29:59.584Z ERROR - Pulling docker image ckmcc0522172320.azurecr.io/km-api:app-only-20260531170503 failed:
2026-06-03T19:29:59.612Z ERROR - DockerApiException: Docker API responded with status code=InternalServerError, response={"message":"Get \"https://ckmcc0522172320.azurecr.io/v2/\": dial tcp: lookup ckmcc0522172320.azurecr.io: no such host"}

2026-06-03T19:29:59.616Z WARN  - Image pull failed. Defaulting to local copy if present.
2026-06-03T19:29:59.619Z ERROR - Image pull failed: Verify docker image configuration and credentials (if using private repository)
2026-06-03T19:30:05.050Z INFO  - Stopping site api-financeirax01 because it failed during startup.
2026-06-03T19:30:15.356Z INFO  - Pulling image: mcr.microsoft.com/appsvc/msitokenservice:stage3
2026-06-03T19:30:15.452Z INFO  - stage3 Pulling from appsvc/msitokenservice
2026-06-03T19:30:15.470Z INFO  -  Digest: sha256:87e292c11a9f1b68dcbfe9785ceca58e44e366f163f7fbf2ad2fb1e6c13fde18
2026-06-03T19:30:15.472Z INFO  -  Status: Image is up to date for mcr.microsoft.com/appsvc/msitokenservice:stage3
2026-06-03T19:30:15.478Z INFO  - Pull Image successful, Time taken: 0 Seconds
2026-06-03T19:30:15.519Z INFO  - Starting container for site
2026-06-03T19:30:15.520Z INFO  - docker run -d --expose=8081 --name api-financeirax01_0_8b7da931_msiProxy -e WEBSITE_ROLE_INSTANCE_ID=0 -e WEBSITE_HOSTNAME=api-financeirax01.azurewebsites.net -e WEBSITE_INSTANCE_ID=9c598b6dd274cc38ed128d84365459626394818ee891d207c4a3c43ad40d25a2 -e HTTP_LOGGING_ENABLED=1 mcr.microsoft.com/appsvc/msitokenservice:stage3 
2026-06-03T19:30:19.347Z INFO  - Pulling image: ckmcc0522172320.azurecr.io/km-api:app-only-20260531170503
2026-06-03T19:30:19.368Z ERROR - DockerApiException: Docker API responded with status code=InternalServerError, response={"message":"Get \"https://ckmcc0522172320.azurecr.io/v2/\": dial tcp: lookup ckmcc0522172320.azurecr.io: no such host"}

2026-06-03T19:30:19.369Z ERROR - Pulling docker image ckmcc0522172320.azurecr.io/km-api:app-only-20260531170503 failed:
2026-06-03T19:30:19.386Z ERROR - DockerApiException: Docker API responded with status code=InternalServerError, response={"message":"Get \"https://ckmcc0522172320.azurecr.io/v2/\": dial tcp: lookup ckmcc0522172320.azurecr.io: no such host"}

2026-06-03T19:30:19.387Z WARN  - Image pull failed. Defaulting to local copy if present.
2026-06-03T19:30:19.391Z ERROR - Image pull failed: Verify docker image configuration and credentials (if using private repository)
2026-06-03T19:30:24.837Z INFO  - Stopping site api-financeirax01 because it failed during startup.
2026-06-03T19:32:40.572Z INFO  - Pulling image: mcr.microsoft.com/appsvc/msitokenservice:stage3
2026-06-03T19:32:40.657Z INFO  - stage3 Pulling from appsvc/msitokenservice
2026-06-03T19:32:40.672Z INFO  -  Digest: sha256:87e292c11a9f1b68dcbfe9785ceca58e44e366f163f7fbf2ad2fb1e6c13fde18
2026-06-03T19:32:40.673Z INFO  -  Status: Image is up to date for mcr.microsoft.com/appsvc/msitokenservice:stage3
2026-06-03T19:32:40.678Z INFO  - Pull Image successful, Time taken: 0 Seconds
2026-06-03T19:32:40.695Z INFO  - Starting container for site
2026-06-03T19:32:40.696Z INFO  - docker run -d --expose=8081 --name api-financeirax01_0_d32f319a_msiProxy -e WEBSITE_ROLE_INSTANCE_ID=0 -e WEBSITE_HOSTNAME=api-financeirax01.azurewebsites.net -e WEBSITE_INSTANCE_ID=9c598b6dd274cc38ed128d84365459626394818ee891d207c4a3c43ad40d25a2 -e HTTP_LOGGING_ENABLED=1 mcr.microsoft.com/appsvc/msitokenservice:stage3 
2026-06-03T19:32:43.907Z INFO  - Pulling image: ckmcc0522172320.azurecr.io/km-api:app-only-20260531170503
2026-06-03T19:32:43.931Z ERROR - DockerApiException: Docker API responded with status code=InternalServerError, response={"message":"Get \"https://ckmcc0522172320.azurecr.io/v2/\": dial tcp: lookup ckmcc0522172320.azurecr.io: no such host"}

2026-06-03T19:32:43.934Z ERROR - Pulling docker image ckmcc0522172320.azurecr.io/km-api:app-only-20260531170503 failed:
2026-06-03T19:32:43.963Z ERROR - DockerApiException: Docker API responded with status code=InternalServerError, response={"message":"Get \"https://ckmcc0522172320.azurecr.io/v2/\": dial tcp: lookup ckmcc0522172320.azurecr.io: no such host"}

2026-06-03T19:32:43.965Z WARN  - Image pull failed. Defaulting to local copy if present.
2026-06-03T19:32:43.968Z ERROR - Image pull failed: Verify docker image configuration and credentials (if using private repository)
2026-06-03T19:32:49.426Z INFO  - Stopping site api-financeirax01 because it failed during startup.
2026-06-03T19:35:10.0451709Z State: Starting, Action: EstablishingSiteNetworks, LastError: , LastErrorTimestamp: 01/01/0001 00:00:00, LastErrorDetails: , Details: , DetailsLevel: INFO
2026-06-03T19:35:10.9008901Z State: Starting, Action: StartingMsiContainer, LastError: , LastErrorTimestamp: 01/01/0001 00:00:00, LastErrorDetails: , Details: , DetailsLevel: INFO
2026-06-03T19:35:14.0108750Z State: Starting, Action: StartingSiteContainers, LastError: , LastErrorTimestamp: 01/01/0001 00:00:00, LastErrorDetails: , Details: , DetailsLevel: INFO
2026-06-03T19:35:14.0116296Z Container start method called.
2026-06-03T19:35:14.0122287Z State: Starting, Action: PullingImage, LastError: , LastErrorTimestamp: 01/01/0001 00:00:00, LastErrorDetails: , Details: Pulling image ckmcc0522172320.azurecr.io/km-api:app-only-20260531170503 for api-financeirax01., DetailsLevel: INFO
2026-06-03T19:35:14.0123820Z Establishing network.
2026-06-03T19:35:14.0125305Z Pulling image: ckmcc0522172320.azurecr.io/km-api:app-only-20260531170503.
2026-06-03T19:35:26.7866080Z Container pull image failed with reason: ImagePullFailure. Revert by terminate.
2026-06-03T19:35:26.7870067Z Container is terminating. Grace period: 5 seconds.
2026-06-03T19:35:26.7872071Z Container spec TerminationMessagePolicy  path 
2026-06-03T19:35:26.7873756Z Container is terminated. Total time elapsed: 0 ms.
2026-06-03T19:35:26.7886775Z Site container: api-financeirax01 terminated during site startup.
2026-06-03T19:35:26.7967426Z State: Stopping, Action: CancellingStartup, LastError: , LastErrorTimestamp: 01/01/0001 00:00:00, LastErrorDetails: , Details: Site container: api-financeirax01 terminated during site startup. Cancelling site startup., DetailsLevel: ERR
2026-06-03T19:35:26.8006995Z State: Stopping, Action: CancellingStartup, LastError: ImagePullFailure, LastErrorTimestamp: 06/03/2026 19:35:26, LastErrorDetails: Failed to pull image: ckmcc0522172320.azurecr.io/km-api:app-only-20260531170503. Cannot resolve registry address. If VNET is enbaled, check if there's a custom DNS in the VNET that's not resolving the regitry address. Also check if it's blocked by policy or firewall, Details: Site container: api-financeirax01 terminated during site startup. Cancelling site startup., DetailsLevel: ERR
2026-06-03T19:35:26.8197281Z Failed to start site. Revert by stopping site.
2026-06-03T19:35:26.8235275Z State: Stopping, Action: StoppingSite, LastError: ImagePullFailure, LastErrorTimestamp: 06/03/2026 19:35:26, LastErrorDetails: Failed to pull image: ckmcc0522172320.azurecr.io/km-api:app-only-20260531170503. Cannot resolve registry address. If VNET is enbaled, check if there's a custom DNS in the VNET that's not resolving the regitry address. Also check if it's blocked by policy or firewall, Details: Site container: api-financeirax01 terminated during site startup. Cancelling site startup., DetailsLevel: ERR
2026-06-03T19:35:26.8246116Z State: Stopping, Action: StoppingSiteContainers, LastError: ImagePullFailure, LastErrorTimestamp: 06/03/2026 19:35:26, LastErrorDetails: Failed to pull image: ckmcc0522172320.azurecr.io/km-api:app-only-20260531170503. Cannot resolve registry address. If VNET is enbaled, check if there's a custom DNS in the VNET that's not resolving the regitry address. Also check if it's blocked by policy or firewall, Details: Site container: api-financeirax01 terminated during site startup. Cancelling site startup., DetailsLevel: ERR
2026-06-03T19:35:27.0656148Z Site container: api-financeirax01_managedIdentity terminated during site startup.
2026-06-03T19:35:27.0665380Z State: Stopping, Action: StoppingSiteContainers, LastError: ImagePullFailure, LastErrorTimestamp: 06/03/2026 19:35:26, LastErrorDetails: Failed to pull image: ckmcc0522172320.azurecr.io/km-api:app-only-20260531170503. Cannot resolve registry address. If VNET is enbaled, check if there's a custom DNS in the VNET that's not resolving the regitry address. Also check if it's blocked by policy or firewall, Details: Site container: api-financeirax01 terminated during site startup. Cancelling site startup., DetailsLevel: ERR
2026-06-03T19:35:27.0668949Z Site: api-financeirax01 stopped.
2026-06-03T19:35:27.0742527Z State: Stopping, Action: UnmountingVolumes, LastError: ImagePullFailure, LastErrorTimestamp: 06/03/2026 19:35:26, LastErrorDetails: Failed to pull image: ckmcc0522172320.azurecr.io/km-api:app-only-20260531170503. Cannot resolve registry address. If VNET is enbaled, check if there's a custom DNS in the VNET that's not resolving the regitry address. Also check if it's blocked by policy or firewall, Details: Site container: api-financeirax01 terminated during site startup. Cancelling site startup., DetailsLevel: ERR
2026-06-03T19:35:27.1451727Z State: Stopping, Action: StoppingSiteNetworks, LastError: ImagePullFailure, LastErrorTimestamp: 06/03/2026 19:35:26, LastErrorDetails: Failed to pull image: ckmcc0522172320.azurecr.io/km-api:app-only-20260531170503. Cannot resolve registry address. If VNET is enbaled, check if there's a custom DNS in the VNET that's not resolving the regitry address. Also check if it's blocked by policy or firewall, Details: Site container: api-financeirax01 terminated during site startup. Cancelling site startup., DetailsLevel: ERR
2026-06-03T19:35:27.3697573Z State: Stopped, Action: None, LastError: ImagePullFailure, LastErrorTimestamp: 06/03/2026 19:35:26, LastErrorDetails: Failed to pull image: ckmcc0522172320.azurecr.io/km-api:app-only-20260531170503. Cannot resolve registry address. If VNET is enbaled, check if there's a custom DNS in the VNET that's not resolving the regitry address. Also check if it's blocked by policy or firewall, Details: Site stopped at 06/03/2026 19:35:27 (UTC), DetailsLevel: ERR
2026-06-03T19:35:27.5617233Z State: Stopped, Action: None, LastError: ImagePullFailure, LastErrorTimestamp: 06/03/2026 19:35:26, LastErrorDetails: Failed to pull image: ckmcc0522172320.azurecr.io/km-api:app-only-20260531170503. Cannot resolve registry address. If VNET is enbaled, check if there's a custom DNS in the VNET that's not resolving the regitry address. Also check if it's blocked by policy or firewall, Details: Site stopped at 06/03/2026 19:35:27 (UTC), DetailsLevel: ERR
2026-06-03T19:35:33.7498194Z State: Starting, Action: EstablishingSiteNetworks, LastError: ImagePullFailure, LastErrorTimestamp: 06/03/2026 19:35:26, LastErrorDetails: Failed to pull image: ckmcc0522172320.azurecr.io/km-api:app-only-20260531170503. Cannot resolve registry address. If VNET is enbaled, check if there's a custom DNS in the VNET that's not resolving the regitry address. Also check if it's blocked by policy or firewall, Details: Site stopped at 06/03/2026 19:35:27 (UTC), DetailsLevel: ERR
2026-06-03T19:35:34.3217244Z State: Starting, Action: StartingMsiContainer, LastError: ImagePullFailure, LastErrorTimestamp: 06/03/2026 19:35:26, LastErrorDetails: Failed to pull image: ckmcc0522172320.azurecr.io/km-api:app-only-20260531170503. Cannot resolve registry address. If VNET is enbaled, check if there's a custom DNS in the VNET that's not resolving the regitry address. Also check if it's blocked by policy or firewall, Details: Site stopped at 06/03/2026 19:35:27 (UTC), DetailsLevel: ERR
2026-06-03T19:35:37.0203146Z State: Starting, Action: StartingSiteContainers, LastError: ImagePullFailure, LastErrorTimestamp: 06/03/2026 19:35:26, LastErrorDetails: Failed to pull image: ckmcc0522172320.azurecr.io/km-api:app-only-20260531170503. Cannot resolve registry address. If VNET is enbaled, check if there's a custom DNS in the VNET that's not resolving the regitry address. Also check if it's blocked by policy or firewall, Details: Site stopped at 06/03/2026 19:35:27 (UTC), DetailsLevel: ERR
2026-06-03T19:35:37.0204690Z Container start method called.
2026-06-03T19:35:37.0205288Z State: Starting, Action: PullingImage, LastError: ImagePullFailure, LastErrorTimestamp: 06/03/2026 19:35:26, LastErrorDetails: Failed to pull image: ckmcc0522172320.azurecr.io/km-api:app-only-20260531170503. Cannot resolve registry address. If VNET is enbaled, check if there's a custom DNS in the VNET that's not resolving the regitry address. Also check if it's blocked by policy or firewall, Details: Pulling image ckmcc0522172320.azurecr.io/km-api:app-only-20260531170503 for api-financeirax01., DetailsLevel: INFO
2026-06-03T19:35:37.0206805Z Establishing network.
2026-06-03T19:35:37.0247740Z Pulling image: ckmcc0522172320.azurecr.io/km-api:app-only-20260531170503.
2026-06-03T19:35:49.4588282Z Container pull image failed with reason: ImagePullFailure. Revert by terminate.
2026-06-03T19:35:49.4590626Z Container is terminating. Grace period: 5 seconds.
2026-06-03T19:35:49.4592074Z Container spec TerminationMessagePolicy  path 
2026-06-03T19:35:49.4598780Z Container is terminated. Total time elapsed: 0 ms.
2026-06-03T19:35:49.4601018Z Site container: api-financeirax01 terminated during site startup.
2026-06-03T19:35:49.4601849Z State: Stopping, Action: CancellingStartup, LastError: ImagePullFailure, LastErrorTimestamp: 06/03/2026 19:35:26, LastErrorDetails: Failed to pull image: ckmcc0522172320.azurecr.io/km-api:app-only-20260531170503. Cannot resolve registry address. If VNET is enbaled, check if there's a custom DNS in the VNET that's not resolving the regitry address. Also check if it's blocked by policy or firewall, Details: Site container: api-financeirax01 terminated during site startup. Cancelling site startup., DetailsLevel: ERR
2026-06-03T19:35:49.4615230Z State: Stopping, Action: CancellingStartup, LastError: ImagePullFailure, LastErrorTimestamp: 06/03/2026 19:35:49, LastErrorDetails: Failed to pull image: ckmcc0522172320.azurecr.io/km-api:app-only-20260531170503. Cannot resolve registry address. If VNET is enbaled, check if there's a custom DNS in the VNET that's not resolving the regitry address. Also check if it's blocked by policy or firewall, Details: Site container: api-financeirax01 terminated during site startup. Cancelling site startup., DetailsLevel: ERR
2026-06-03T19:35:49.4701865Z Failed to start site. Revert by stopping site.
2026-06-03T19:35:49.4708191Z State: Stopping, Action: StoppingSite, LastError: ImagePullFailure, LastErrorTimestamp: 06/03/2026 19:35:49, LastErrorDetails: Failed to pull image: ckmcc0522172320.azurecr.io/km-api:app-only-20260531170503. Cannot resolve registry address. If VNET is enbaled, check if there's a custom DNS in the VNET that's not resolving the regitry address. Also check if it's blocked by policy or firewall, Details: Site container: api-financeirax01 terminated during site startup. Cancelling site startup., DetailsLevel: ERR
2026-06-03T19:35:49.4712903Z State: Stopping, Action: StoppingSiteContainers, LastError: ImagePullFailure, LastErrorTimestamp: 06/03/2026 19:35:49, LastErrorDetails: Failed to pull image: ckmcc0522172320.azurecr.io/km-api:app-only-20260531170503. Cannot resolve registry address. If VNET is enbaled, check if there's a custom DNS in the VNET that's not resolving the regitry address. Also check if it's blocked by policy or firewall, Details: Site container: api-financeirax01 terminated during site startup. Cancelling site startup., DetailsLevel: ERR
2026-06-03T19:35:49.6238022Z Site container: api-financeirax01_managedIdentity terminated during site startup.
2026-06-03T19:35:49.6241893Z State: Stopping, Action: StoppingSiteContainers, LastError: ImagePullFailure, LastErrorTimestamp: 06/03/2026 19:35:49, LastErrorDetails: Failed to pull image: ckmcc0522172320.azurecr.io/km-api:app-only-20260531170503. Cannot resolve registry address. If VNET is enbaled, check if there's a custom DNS in the VNET that's not resolving the regitry address. Also check if it's blocked by policy or firewall, Details: Site container: api-financeirax01 terminated during site startup. Cancelling site startup., DetailsLevel: ERR
2026-06-03T19:35:49.6244363Z Site: api-financeirax01 stopped.
2026-06-03T19:35:49.6296467Z State: Stopping, Action: UnmountingVolumes, LastError: ImagePullFailure, LastErrorTimestamp: 06/03/2026 19:35:49, LastErrorDetails: Failed to pull image: ckmcc0522172320.azurecr.io/km-api:app-only-20260531170503. Cannot resolve registry address. If VNET is enbaled, check if there's a custom DNS in the VNET that's not resolving the regitry address. Also check if it's blocked by policy or firewall, Details: Site container: api-financeirax01 terminated during site startup. Cancelling site startup., DetailsLevel: ERR
2026-06-03T19:35:49.6963542Z State: Stopping, Action: StoppingSiteNetworks, LastError: ImagePullFailure, LastErrorTimestamp: 06/03/2026 19:35:49, LastErrorDetails: Failed to pull image: ckmcc0522172320.azurecr.io/km-api:app-only-20260531170503. Cannot resolve registry address. If VNET is enbaled, check if there's a custom DNS in the VNET that's not resolving the regitry address. Also check if it's blocked by policy or firewall, Details: Site container: api-financeirax01 terminated during site startup. Cancelling site startup., DetailsLevel: ERR
2026-06-03T19:35:49.9541040Z Site: api-financeirax01 will be blocked for 1 minutes till 06/03/2026 19:36:49
2026-06-03T19:35:49.9549308Z State: Blocked, Action: StoppingSiteNetworks, LastError: ImagePullFailure, LastErrorTimestamp: 06/03/2026 19:35:49, LastErrorDetails: Failed to pull image: ckmcc0522172320.azurecr.io/km-api:app-only-20260531170503. Cannot resolve registry address. If VNET is enbaled, check if there's a custom DNS in the VNET that's not resolving the regitry address. Also check if it's blocked by policy or firewall, Details: Site: api-financeirax01 will be blocked for 1 minutes till 06/03/2026 19:36:49, DetailsLevel: WARN
2026-06-03T19:35:49.9643886Z State: Stopped, Action: None, LastError: ImagePullFailure, LastErrorTimestamp: 06/03/2026 19:35:49, LastErrorDetails: Failed to pull image: ckmcc0522172320.azurecr.io/km-api:app-only-20260531170503. Cannot resolve registry address. If VNET is enbaled, check if there's a custom DNS in the VNET that's not resolving the regitry address. Also check if it's blocked by policy or firewall, Details: Site stopped at 06/03/2026 19:35:49 (UTC), DetailsLevel: WARN
2026-06-03T19:35:50.0766935Z State: Stopped, Action: None, LastError: ImagePullFailure, LastErrorTimestamp: 06/03/2026 19:35:49, LastErrorDetails: Failed to pull image: ckmcc0522172320.azurecr.io/km-api:app-only-20260531170503. Cannot resolve registry address. If VNET is enbaled, check if there's a custom DNS in the VNET that's not resolving the regitry address. Also check if it's blocked by policy or firewall, Details: Site stopped at 06/03/2026 19:35:49 (UTC), DetailsLevel: WARN
2026-06-03T19:35:55.1324080Z State: Blocked, Action: None, LastError: ImagePullFailure, LastErrorTimestamp: 06/03/2026 19:35:49, LastErrorDetails: Failed to pull image: ckmcc0522172320.azurecr.io/km-api:app-only-20260531170503. Cannot resolve registry address. If VNET is enbaled, check if there's a custom DNS in the VNET that's not resolving the regitry address. Also check if it's blocked by policy or firewall, Details: Site is blocked due to multiple, consecutive cold start failures. Site scheduled to be unblocked at 06/03/2026 19:36:49, DetailsLevel: WARN
2026-06-03T19:35:55.1324513Z Start site prohibitted because the site is being blocked.
2026-06-03T19:36:00.1848597Z State: Blocked, Action: None, LastError: ImagePullFailure, LastErrorTimestamp: 06/03/2026 19:35:49, LastErrorDetails: Failed to pull image: ckmcc0522172320.azurecr.io/km-api:app-only-20260531170503. Cannot resolve registry address. If VNET is enbaled, check if there's a custom DNS in the VNET that's not resolving the regitry address. Also check if it's blocked by policy or firewall, Details: Site is blocked due to multiple, consecutive cold start failures. Site scheduled to be unblocked at 06/03/2026 19:36:49, DetailsLevel: WARN
2026-06-03T19:36:00.1849777Z Start site prohibitted because the site is being blocked.
2026-06-03T19:36:05.2545674Z State: Blocked, Action: None, LastError: ImagePullFailure, LastErrorTimestamp: 06/03/2026 19:35:49, LastErrorDetails: Failed to pull image: ckmcc0522172320.azurecr.io/km-api:app-only-20260531170503. Cannot resolve registry address. If VNET is enbaled, check if there's a custom DNS in the VNET that's not resolving the regitry address. Also check if it's blocked by policy or firewall, Details: Site is blocked due to multiple, consecutive cold start failures. Site scheduled to be unblocked at 06/03/2026 19:36:49, DetailsLevel: WARN
2026-06-03T19:36:05.2549427Z Start site prohibitted because the site is being blocked.
2026-06-03T19:36:10.3199616Z State: Blocked, Action: None, LastError: ImagePullFailure, LastErrorTimestamp: 06/03/2026 19:35:49, LastErrorDetails: Failed to pull image: ckmcc0522172320.azurecr.io/km-api:app-only-20260531170503. Cannot resolve registry address. If VNET is enbaled, check if there's a custom DNS in the VNET that's not resolving the regitry address. Also check if it's blocked by policy or firewall, Details: Site is blocked due to multiple, consecutive cold start failures. Site scheduled to be unblocked at 06/03/2026 19:36:49, DetailsLevel: WARN
2026-06-03T19:36:10.3199980Z Start site prohibitted because the site is being blocked.
2026-06-03T19:36:15.3781343Z State: Blocked, Action: None, LastError: ImagePullFailure, LastErrorTimestamp: 06/03/2026 19:35:49, LastErrorDetails: Failed to pull image: ckmcc0522172320.azurecr.io/km-api:app-only-20260531170503. Cannot resolve registry address. If VNET is enbaled, check if there's a custom DNS in the VNET that's not resolving the regitry address. Also check if it's blocked by policy or firewall, Details: Site is blocked due to multiple, consecutive cold start failures. Site scheduled to be unblocked at 06/03/2026 19:36:49, DetailsLevel: WARN
2026-06-03T19:36:15.3781645Z Start site prohibitted because the site is being blocked.
2026-06-03T19:36:20.4250830Z State: Blocked, Action: None, LastError: ImagePullFailure, LastErrorTimestamp: 06/03/2026 19:35:49, LastErrorDetails: Failed to pull image: ckmcc0522172320.azurecr.io/km-api:app-only-20260531170503. Cannot resolve registry address. If VNET is enbaled, check if there's a custom DNS in the VNET that's not resolving the regitry address. Also check if it's blocked by policy or firewall, Details: Site is blocked due to multiple, consecutive cold start failures. Site scheduled to be unblocked at 06/03/2026 19:36:49, DetailsLevel: WARN
2026-06-03T19:36:20.4251115Z Start site prohibitted because the site is being blocked.
2026-06-03T19:36:25.4601144Z State: Blocked, Action: None, LastError: ImagePullFailure, LastErrorTimestamp: 06/03/2026 19:35:49, LastErrorDetails: Failed to pull image: ckmcc0522172320.azurecr.io/km-api:app-only-20260531170503. Cannot resolve registry address. If VNET is enbaled, check if there's a custom DNS in the VNET that's not resolving the regitry address. Also check if it's blocked by policy or firewall, Details: Site is blocked due to multiple, consecutive cold start failures. Site scheduled to be unblocked at 06/03/2026 19:36:49, DetailsLevel: WARN
2026-06-03T19:36:25.4601668Z Start site prohibitted because the site is being blocked.
2026-06-03T19:36:30.5175807Z State: Blocked, Action: None, LastError: ImagePullFailure, LastErrorTimestamp: 06/03/2026 19:35:49, LastErrorDetails: Failed to pull image: ckmcc0522172320.azurecr.io/km-api:app-only-20260531170503. Cannot resolve registry address. If VNET is enbaled, check if there's a custom DNS in the VNET that's not resolving the regitry address. Also check if it's blocked by policy or firewall, Details: Site is blocked due to multiple, consecutive cold start failures. Site scheduled to be unblocked at 06/03/2026 19:36:49, DetailsLevel: WARN
2026-06-03T19:36:30.5176077Z Start site prohibitted because the site is being blocked.
2026-06-03T19:36:35.5785366Z State: Blocked, Action: None, LastError: ImagePullFailure, LastErrorTimestamp: 06/03/2026 19:35:49, LastErrorDetails: Failed to pull image: ckmcc0522172320.azurecr.io/km-api:app-only-20260531170503. Cannot resolve registry address. If VNET is enbaled, check if there's a custom DNS in the VNET that's not resolving the regitry address. Also check if it's blocked by policy or firewall, Details: Site is blocked due to multiple, consecutive cold start failures. Site scheduled to be unblocked at 06/03/2026 19:36:49, DetailsLevel: WARN
2026-06-03T19:36:35.5785760Z Start site prohibitted because the site is being blocked.
2026-06-03T19:36:40.8054976Z State: Blocked, Action: None, LastError: ImagePullFailure, LastErrorTimestamp: 06/03/2026 19:35:49, LastErrorDetails: Failed to pull image: ckmcc0522172320.azurecr.io/km-api:app-only-20260531170503. Cannot resolve registry address. If VNET is enbaled, check if there's a custom DNS in the VNET that's not resolving the regitry address. Also check if it's blocked by policy or firewall, Details: Site is blocked due to multiple, consecutive cold start failures. Site scheduled to be unblocked at 06/03/2026 19:36:49, DetailsLevel: WARN
2026-06-03T19:36:40.8055285Z Start site prohibitted because the site is being blocked.
2026-06-03T19:36:45.8706081Z State: Blocked, Action: None, LastError: ImagePullFailure, LastErrorTimestamp: 06/03/2026 19:35:49, LastErrorDetails: Failed to pull image: ckmcc0522172320.azurecr.io/km-api:app-only-20260531170503. Cannot resolve registry address. If VNET is enbaled, check if there's a custom DNS in the VNET that's not resolving the regitry address. Also check if it's blocked by policy or firewall, Details: Site is blocked due to multiple, consecutive cold start failures. Site scheduled to be unblocked at 06/03/2026 19:36:49, DetailsLevel: WARN
2026-06-03T19:36:45.8746158Z Start site prohibitted because the site is being blocked.
2026-06-03T19:36:49.9554716Z Site: api-financeirax01 is unblocked.
2026-06-03T19:36:50.9301998Z State: Starting, Action: EstablishingSiteNetworks, LastError: ImagePullFailure, LastErrorTimestamp: 06/03/2026 19:35:49, LastErrorDetails: Failed to pull image: ckmcc0522172320.azurecr.io/km-api:app-only-20260531170503. Cannot resolve registry address. If VNET is enbaled, check if there's a custom DNS in the VNET that's not resolving the regitry address. Also check if it's blocked by policy or firewall, Details: Site is blocked due to multiple, consecutive cold start failures. Site scheduled to be unblocked at 06/03/2026 19:36:49, DetailsLevel: WARN
2026-06-03T19:36:51.4125395Z State: Starting, Action: StartingMsiContainer, LastError: ImagePullFailure, LastErrorTimestamp: 06/03/2026 19:35:49, LastErrorDetails: Failed to pull image: ckmcc0522172320.azurecr.io/km-api:app-only-20260531170503. Cannot resolve registry address. If VNET is enbaled, check if there's a custom DNS in the VNET that's not resolving the regitry address. Also check if it's blocked by policy or firewall, Details: Site is blocked due to multiple, consecutive cold start failures. Site scheduled to be unblocked at 06/03/2026 19:36:49, DetailsLevel: WARN
2026-06-03T19:36:54.0850743Z State: Starting, Action: StartingSiteContainers, LastError: ImagePullFailure, LastErrorTimestamp: 06/03/2026 19:35:49, LastErrorDetails: Failed to pull image: ckmcc0522172320.azurecr.io/km-api:app-only-20260531170503. Cannot resolve registry address. If VNET is enbaled, check if there's a custom DNS in the VNET that's not resolving the regitry address. Also check if it's blocked by policy or firewall, Details: Site is blocked due to multiple, consecutive cold start failures. Site scheduled to be unblocked at 06/03/2026 19:36:49, DetailsLevel: WARN
2026-06-03T19:36:54.0852944Z Container start method called.
2026-06-03T19:36:54.0853534Z State: Starting, Action: PullingImage, LastError: ImagePullFailure, LastErrorTimestamp: 06/03/2026 19:35:49, LastErrorDetails: Failed to pull image: ckmcc0522172320.azurecr.io/km-api:app-only-20260531170503. Cannot resolve registry address. If VNET is enbaled, check if there's a custom DNS in the VNET that's not resolving the regitry address. Also check if it's blocked by policy or firewall, Details: Pulling image ckmcc0522172320.azurecr.io/km-api:app-only-20260531170503 for api-financeirax01., DetailsLevel: INFO
2026-06-03T19:36:54.0856256Z Establishing network.
2026-06-03T19:36:54.0857881Z Pulling image: ckmcc0522172320.azurecr.io/km-api:app-only-20260531170503.
2026-06-03T19:37:06.6464808Z Container pull image failed with reason: ImagePullFailure. Revert by terminate.
2026-06-03T19:37:06.6467220Z Container is terminating. Grace period: 5 seconds.
2026-06-03T19:37:06.6468728Z Container spec TerminationMessagePolicy  path 
2026-06-03T19:37:06.6470063Z Container is terminated. Total time elapsed: 0 ms.
2026-06-03T19:37:06.6471173Z Site container: api-financeirax01 terminated during site startup.
2026-06-03T19:37:06.6472204Z State: Stopping, Action: CancellingStartup, LastError: ImagePullFailure, LastErrorTimestamp: 06/03/2026 19:35:49, LastErrorDetails: Failed to pull image: ckmcc0522172320.azurecr.io/km-api:app-only-20260531170503. Cannot resolve registry address. If VNET is enbaled, check if there's a custom DNS in the VNET that's not resolving the regitry address. Also check if it's blocked by policy or firewall, Details: Site container: api-financeirax01 terminated during site startup. Cancelling site startup., DetailsLevel: ERR
2026-06-03T19:37:06.6479223Z State: Stopping, Action: CancellingStartup, LastError: ImagePullFailure, LastErrorTimestamp: 06/03/2026 19:37:06, LastErrorDetails: Failed to pull image: ckmcc0522172320.azurecr.io/km-api:app-only-20260531170503. Cannot resolve registry address. If VNET is enbaled, check if there's a custom DNS in the VNET that's not resolving the regitry address. Also check if it's blocked by policy or firewall, Details: Site container: api-financeirax01 terminated during site startup. Cancelling site startup., DetailsLevel: ERR
2026-06-03T19:37:06.6552049Z Failed to start site. Revert by stopping site.
2026-06-03T19:37:06.6558021Z State: Stopping, Action: StoppingSite, LastError: ImagePullFailure, LastErrorTimestamp: 06/03/2026 19:37:06, LastErrorDetails: Failed to pull image: ckmcc0522172320.azurecr.io/km-api:app-only-20260531170503. Cannot resolve registry address. If VNET is enbaled, check if there's a custom DNS in the VNET that's not resolving the regitry address. Also check if it's blocked by policy or firewall, Details: Site container: api-financeirax01 terminated during site startup. Cancelling site startup., DetailsLevel: ERR
2026-06-03T19:37:06.6562176Z State: Stopping, Action: StoppingSiteContainers, LastError: ImagePullFailure, LastErrorTimestamp: 06/03/2026 19:37:06, LastErrorDetails: Failed to pull image: ckmcc0522172320.azurecr.io/km-api:app-only-20260531170503. Cannot resolve registry address. If VNET is enbaled, check if there's a custom DNS in the VNET that's not resolving the regitry address. Also check if it's blocked by policy or firewall, Details: Site container: api-financeirax01 terminated during site startup. Cancelling site startup., DetailsLevel: ERR
2026-06-03T19:37:06.8887560Z Site container: api-financeirax01_managedIdentity terminated during site startup.
2026-06-03T19:37:06.8888798Z State: Stopping, Action: StoppingSiteContainers, LastError: ImagePullFailure, LastErrorTimestamp: 06/03/2026 19:37:06, LastErrorDetails: Failed to pull image: ckmcc0522172320.azurecr.io/km-api:app-only-20260531170503. Cannot resolve registry address. If VNET is enbaled, check if there's a custom DNS in the VNET that's not resolving the regitry address. Also check if it's blocked by policy or firewall, Details: Site container: api-financeirax01 terminated during site startup. Cancelling site startup., DetailsLevel: ERR
2026-06-03T19:37:06.8890631Z Site: api-financeirax01 stopped.
2026-06-03T19:37:06.8959224Z State: Stopping, Action: UnmountingVolumes, LastError: ImagePullFailure, LastErrorTimestamp: 06/03/2026 19:37:06, LastErrorDetails: Failed to pull image: ckmcc0522172320.azurecr.io/km-api:app-only-20260531170503. Cannot resolve registry address. If VNET is enbaled, check if there's a custom DNS in the VNET that's not resolving the regitry address. Also check if it's blocked by policy or firewall, Details: Site container: api-financeirax01 terminated during site startup. Cancelling site startup., DetailsLevel: ERR
2026-06-03T19:37:06.9609802Z State: Stopping, Action: StoppingSiteNetworks, LastError: ImagePullFailure, LastErrorTimestamp: 06/03/2026 19:37:06, LastErrorDetails: Failed to pull image: ckmcc0522172320.azurecr.io/km-api:app-only-20260531170503. Cannot resolve registry address. If VNET is enbaled, check if there's a custom DNS in the VNET that's not resolving the regitry address. Also check if it's blocked by policy or firewall, Details: Site container: api-financeirax01 terminated during site startup. Cancelling site startup., DetailsLevel: ERR
2026-06-03T19:37:07.2180464Z Site: api-financeirax01 will be blocked for 1 minutes till 06/03/2026 19:38:07
2026-06-03T19:37:07.2192246Z State: Blocked, Action: StoppingSiteNetworks, LastError: ImagePullFailure, LastErrorTimestamp: 06/03/2026 19:37:06, LastErrorDetails: Failed to pull image: ckmcc0522172320.azurecr.io/km-api:app-only-20260531170503. Cannot resolve registry address. If VNET is enbaled, check if there's a custom DNS in the VNET that's not resolving the regitry address. Also check if it's blocked by policy or firewall, Details: Site: api-financeirax01 will be blocked for 1 minutes till 06/03/2026 19:38:07, DetailsLevel: WARN
2026-06-03T19:37:07.2212632Z State: Stopped, Action: None, LastError: ImagePullFailure, LastErrorTimestamp: 06/03/2026 19:37:06, LastErrorDetails: Failed to pull image: ckmcc0522172320.azurecr.io/km-api:app-only-20260531170503. Cannot resolve registry address. If VNET is enbaled, check if there's a custom DNS in the VNET that's not resolving the regitry address. Also check if it's blocked by policy or firewall, Details: Site stopped at 06/03/2026 19:37:07 (UTC), DetailsLevel: WARN
2026-06-03T19:37:07.3923306Z State: Stopped, Action: None, LastError: ImagePullFailure, LastErrorTimestamp: 06/03/2026 19:37:06, LastErrorDetails: Failed to pull image: ckmcc0522172320.azurecr.io/km-api:app-only-20260531170503. Cannot resolve registry address. If VNET is enbaled, check if there's a custom DNS in the VNET that's not resolving the regitry address. Also check if it's blocked by policy or firewall, Details: Site stopped at 06/03/2026 19:37:07 (UTC), DetailsLevel: WARN
2026-06-03T19:37:12.4451022Z State: Blocked, Action: None, LastError: ImagePullFailure, LastErrorTimestamp: 06/03/2026 19:37:06, LastErrorDetails: Failed to pull image: ckmcc0522172320.azurecr.io/km-api:app-only-20260531170503. Cannot resolve registry address. If VNET is enbaled, check if there's a custom DNS in the VNET that's not resolving the regitry address. Also check if it's blocked by policy or firewall, Details: Site is blocked due to multiple, consecutive cold start failures. Site scheduled to be unblocked at 06/03/2026 19:38:07, DetailsLevel: WARN
2026-06-03T19:37:12.4453787Z Start site prohibitted because the site is being blocked.
2026-06-03T19:37:17.6502368Z State: Blocked, Action: None, LastError: ImagePullFailure, LastErrorTimestamp: 06/03/2026 19:37:06, LastErrorDetails: Failed to pull image: ckmcc0522172320.azurecr.io/km-api:app-only-20260531170503. Cannot resolve registry address. If VNET is enbaled, check if there's a custom DNS in the VNET that's not resolving the regitry address. Also check if it's blocked by policy or firewall, Details: Site is blocked due to multiple, consecutive cold start failures. Site scheduled to be unblocked at 06/03/2026 19:38:07, DetailsLevel: WARN
2026-06-03T19:37:17.6507068Z Start site prohibitted because the site is being blocked.
2026-06-03T19:37:22.7029937Z State: Blocked, Action: None, LastError: ImagePullFailure, LastErrorTimestamp: 06/03/2026 19:37:06, LastErrorDetails: Failed to pull image: ckmcc0522172320.azurecr.io/km-api:app-only-20260531170503. Cannot resolve registry address. If VNET is enbaled, check if there's a custom DNS in the VNET that's not resolving the regitry address. Also check if it's blocked by policy or firewall, Details: Site is blocked due to multiple, consecutive cold start failures. Site scheduled to be unblocked at 06/03/2026 19:38:07, DetailsLevel: WARN
2026-06-03T19:37:22.7030240Z Start site prohibitted because the site is being blocked.
2026-06-03T19:37:27.7530707Z State: Blocked, Action: None, LastError: ImagePullFailure, LastErrorTimestamp: 06/03/2026 19:37:06, LastErrorDetails: Failed to pull image: ckmcc0522172320.azurecr.io/km-api:app-only-20260531170503. Cannot resolve registry address. If VNET is enbaled, check if there's a custom DNS in the VNET that's not resolving the regitry address. Also check if it's blocked by policy or firewall, Details: Site is blocked due to multiple, consecutive cold start failures. Site scheduled to be unblocked at 06/03/2026 19:38:07, DetailsLevel: WARN
2026-06-03T19:37:27.7531173Z Start site prohibitted because the site is being blocked.
2026-06-03T19:37:32.7984382Z State: Blocked, Action: None, LastError: ImagePullFailure, LastErrorTimestamp: 06/03/2026 19:37:06, LastErrorDetails: Failed to pull image: ckmcc0522172320.azurecr.io/km-api:app-only-20260531170503. Cannot resolve registry address. If VNET is enbaled, check if there's a custom DNS in the VNET that's not resolving the regitry address. Also check if it's blocked by policy or firewall, Details: Site is blocked due to multiple, consecutive cold start failures. Site scheduled to be unblocked at 06/03/2026 19:38:07, DetailsLevel: WARN
2026-06-03T19:37:32.7984759Z Start site prohibitted because the site is being blocked.
2026-06-03T19:37:37.8376053Z State: Blocked, Action: None, LastError: ImagePullFailure, LastErrorTimestamp: 06/03/2026 19:37:06, LastErrorDetails: Failed to pull image: ckmcc0522172320.azurecr.io/km-api:app-only-20260531170503. Cannot resolve registry address. If VNET is enbaled, check if there's a custom DNS in the VNET that's not resolving the regitry address. Also check if it's blocked by policy or firewall, Details: Site is blocked due to multiple, consecutive cold start failures. Site scheduled to be unblocked at 06/03/2026 19:38:07, DetailsLevel: WARN
2026-06-03T19:37:37.8378295Z Start site prohibitted because the site is being blocked.
2026-06-03T19:37:42.8783128Z State: Blocked, Action: None, LastError: ImagePullFailure, LastErrorTimestamp: 06/03/2026 19:37:06, LastErrorDetails: Failed to pull image: ckmcc0522172320.azurecr.io/km-api:app-only-20260531170503. Cannot resolve registry address. If VNET is enbaled, check if there's a custom DNS in the VNET that's not resolving the regitry address. Also check if it's blocked by policy or firewall, Details: Site is blocked due to multiple, consecutive cold start failures. Site scheduled to be unblocked at 06/03/2026 19:38:07, DetailsLevel: WARN
2026-06-03T19:37:42.8785375Z Start site prohibitted because the site is being blocked.
2026-06-03T19:37:47.9397681Z State: Blocked, Action: None, LastError: ImagePullFailure, LastErrorTimestamp: 06/03/2026 19:37:06, LastErrorDetails: Failed to pull image: ckmcc0522172320.azurecr.io/km-api:app-only-20260531170503. Cannot resolve registry address. If VNET is enbaled, check if there's a custom DNS in the VNET that's not resolving the regitry address. Also check if it's blocked by policy or firewall, Details: Site is blocked due to multiple, consecutive cold start failures. Site scheduled to be unblocked at 06/03/2026 19:38:07, DetailsLevel: WARN
2026-06-03T19:37:47.9398015Z Start site prohibitted because the site is being blocked.
2026-06-03T19:37:53.0013472Z State: Blocked, Action: None, LastError: ImagePullFailure, LastErrorTimestamp: 06/03/2026 19:37:06, LastErrorDetails: Failed to pull image: ckmcc0522172320.azurecr.io/km-api:app-only-20260531170503. Cannot resolve registry address. If VNET is enbaled, check if there's a custom DNS in the VNET that's not resolving the regitry address. Also check if it's blocked by policy or firewall, Details: Site is blocked due to multiple, consecutive cold start failures. Site scheduled to be unblocked at 06/03/2026 19:38:07, DetailsLevel: WARN
2026-06-03T19:37:53.0013836Z Start site prohibitted because the site is being blocked.
2026-06-03T19:37:58.0436430Z State: Blocked, Action: None, LastError: ImagePullFailure, LastErrorTimestamp: 06/03/2026 19:37:06, LastErrorDetails: Failed to pull image: ckmcc0522172320.azurecr.io/km-api:app-only-20260531170503. Cannot resolve registry address. If VNET is enbaled, check if there's a custom DNS in the VNET that's not resolving the regitry address. Also check if it's blocked by policy or firewall, Details: Site is blocked due to multiple, consecutive cold start failures. Site scheduled to be unblocked at 06/03/2026 19:38:07, DetailsLevel: WARN
2026-06-03T19:37:58.0438185Z Start site prohibitted because the site is being blocked.
2026-06-03T19:38:03.1146040Z State: Blocked, Action: None, LastError: ImagePullFailure, LastErrorTimestamp: 06/03/2026 19:37:06, LastErrorDetails: Failed to pull image: ckmcc0522172320.azurecr.io/km-api:app-only-20260531170503. Cannot resolve registry address. If VNET is enbaled, check if there's a custom DNS in the VNET that's not resolving the regitry address. Also check if it's blocked by policy or firewall, Details: Site is blocked due to multiple, consecutive cold start failures. Site scheduled to be unblocked at 06/03/2026 19:38:07, DetailsLevel: WARN
2026-06-03T19:38:03.1146419Z Start site prohibitted because the site is being blocked.
2026-06-03T19:38:07.2160543Z Site: api-financeirax01 is unblocked.
2026-06-03T19:38:08.1878372Z State: Starting, Action: EstablishingSiteNetworks, LastError: ImagePullFailure, LastErrorTimestamp: 06/03/2026 19:37:06, LastErrorDetails: Failed to pull image: ckmcc0522172320.azurecr.io/km-api:app-only-20260531170503. Cannot resolve registry address. If VNET is enbaled, check if there's a custom DNS in the VNET that's not resolving the regitry address. Also check if it's blocked by policy or firewall, Details: Site is blocked due to multiple, consecutive cold start failures. Site scheduled to be unblocked at 06/03/2026 19:38:07, DetailsLevel: WARN
2026-06-03T19:38:08.7330494Z State: Starting, Action: StartingMsiContainer, LastError: ImagePullFailure, LastErrorTimestamp: 06/03/2026 19:37:06, LastErrorDetails: Failed to pull image: ckmcc0522172320.azurecr.io/km-api:app-only-20260531170503. Cannot resolve registry address. If VNET is enbaled, check if there's a custom DNS in the VNET that's not resolving the regitry address. Also check if it's blocked by policy or firewall, Details: Site is blocked due to multiple, consecutive cold start failures. Site scheduled to be unblocked at 06/03/2026 19:38:07, DetailsLevel: WARN
2026-06-03T19:38:11.4305574Z State: Starting, Action: StartingSiteContainers, LastError: ImagePullFailure, LastErrorTimestamp: 06/03/2026 19:37:06, LastErrorDetails: Failed to pull image: ckmcc0522172320.azurecr.io/km-api:app-only-20260531170503. Cannot resolve registry address. If VNET is enbaled, check if there's a custom DNS in the VNET that's not resolving the regitry address. Also check if it's blocked by policy or firewall, Details: Site is blocked due to multiple, consecutive cold start failures. Site scheduled to be unblocked at 06/03/2026 19:38:07, DetailsLevel: WARN
2026-06-03T19:38:11.4307220Z Container start method called.
2026-06-03T19:38:11.4308173Z State: Starting, Action: PullingImage, LastError: ImagePullFailure, LastErrorTimestamp: 06/03/2026 19:37:06, LastErrorDetails: Failed to pull image: ckmcc0522172320.azurecr.io/km-api:app-only-20260531170503. Cannot resolve registry address. If VNET is enbaled, check if there's a custom DNS in the VNET that's not resolving the regitry address. Also check if it's blocked by policy or firewall, Details: Pulling image ckmcc0522172320.azurecr.io/km-api:app-only-20260531170503 for api-financeirax01., DetailsLevel: INFO
2026-06-03T19:38:11.4309494Z Establishing network.
2026-06-03T19:38:11.4311139Z Pulling image: ckmcc0522172320.azurecr.io/km-api:app-only-20260531170503.
2026-06-03T19:38:23.8792532Z Container pull image failed with reason: ImagePullFailure. Revert by terminate.
2026-06-03T19:38:23.8794986Z Container is terminating. Grace period: 5 seconds.
2026-06-03T19:38:23.8799723Z Container spec TerminationMessagePolicy  path 
2026-06-03T19:38:23.8801538Z Container is terminated. Total time elapsed: 0 ms.
2026-06-03T19:38:23.8806144Z Site container: api-financeirax01 terminated during site startup.
2026-06-03T19:38:23.8807992Z State: Stopping, Action: CancellingStartup, LastError: ImagePullFailure, LastErrorTimestamp: 06/03/2026 19:37:06, LastErrorDetails: Failed to pull image: ckmcc0522172320.azurecr.io/km-api:app-only-20260531170503. Cannot resolve registry address. If VNET is enbaled, check if there's a custom DNS in the VNET that's not resolving the regitry address. Also check if it's blocked by policy or firewall, Details: Site container: api-financeirax01 terminated during site startup. Cancelling site startup., DetailsLevel: ERR
2026-06-03T19:38:23.8840903Z State: Stopping, Action: CancellingStartup, LastError: ImagePullFailure, LastErrorTimestamp: 06/03/2026 19:38:23, LastErrorDetails: Failed to pull image: ckmcc0522172320.azurecr.io/km-api:app-only-20260531170503. Cannot resolve registry address. If VNET is enbaled, check if there's a custom DNS in the VNET that's not resolving the regitry address. Also check if it's blocked by policy or firewall, Details: Site container: api-financeirax01 terminated during site startup. Cancelling site startup., DetailsLevel: ERR
2026-06-03T19:38:23.8907689Z Failed to start site. Revert by stopping site.
2026-06-03T19:38:23.8910798Z State: Stopping, Action: StoppingSite, LastError: ImagePullFailure, LastErrorTimestamp: 06/03/2026 19:38:23, LastErrorDetails: Failed to pull image: ckmcc0522172320.azurecr.io/km-api:app-only-20260531170503. Cannot resolve registry address. If VNET is enbaled, check if there's a custom DNS in the VNET that's not resolving the regitry address. Also check if it's blocked by policy or firewall, Details: Site container: api-financeirax01 terminated during site startup. Cancelling site startup., DetailsLevel: ERR
2026-06-03T19:38:23.8915036Z State: Stopping, Action: StoppingSiteContainers, LastError: ImagePullFailure, LastErrorTimestamp: 06/03/2026 19:38:23, LastErrorDetails: Failed to pull image: ckmcc0522172320.azurecr.io/km-api:app-only-20260531170503. Cannot resolve registry address. If VNET is enbaled, check if there's a custom DNS in the VNET that's not resolving the regitry address. Also check if it's blocked by policy or firewall, Details: Site container: api-financeirax01 terminated during site startup. Cancelling site startup., DetailsLevel: ERR
2026-06-03T19:38:24.0400082Z Site container: api-financeirax01_managedIdentity terminated during site startup.
2026-06-03T19:38:24.0402449Z State: Stopping, Action: StoppingSiteContainers, LastError: ImagePullFailure, LastErrorTimestamp: 06/03/2026 19:38:23, LastErrorDetails: Failed to pull image: ckmcc0522172320.azurecr.io/km-api:app-only-20260531170503. Cannot resolve registry address. If VNET is enbaled, check if there's a custom DNS in the VNET that's not resolving the regitry address. Also check if it's blocked by policy or firewall, Details: Site container: api-financeirax01 terminated during site startup. Cancelling site startup., DetailsLevel: ERR
2026-06-03T19:38:24.0404574Z Site: api-financeirax01 stopped.
