2026-06-03T21:07:34.1064220Z     __ __          __      __    _ __     
2026-06-03T21:07:34.1065748Z    / //_/_  _ ____/ /_  __/ /   (_) /____ 
2026-06-03T21:07:34.1065811Z   / ,< / / / / __  / / / / /   / / __/ _  
2026-06-03T21:07:34.1065885Z  / /| / /_/ / /_/ / /_/ / /___/ / /_/  __/
2026-06-03T21:07:34.1065925Z /_/ |_\__,_/\__,_/\__,_/_____/_/\__/\___/ 
2026-06-03T21:07:34.1065967Z 
2026-06-03T21:07:34.1066004Z                                           
2026-06-03T21:07:34.1066035Z DEBUG CONSOLE | AZURE APP SERVICE ON LINUX
2026-06-03T21:07:34.1066066Z 
2026-06-03T21:07:34.1066101Z Documentation: http://aka.ms/webapp-linux
2026-06-03T21:07:34.1066134Z Kudu Version : 20260513.7
2026-06-03T21:07:34.1066183Z Commit       : b50d86d9b8573549200649bf549408e5bf953c23
2026-06-03T21:07:34.1066218Z Instance Name: 10-30-28-14
2026-06-03T21:07:34.1066254Z Instance Id  : d7fc4e0dc208afba813eb2632608554a67b4fad809e7ace2e7840db84468fbcf
2026-06-03T21:07:34.1066284Z 
2026-06-03T21:07:37.7636513Z chown: changing ownership of '/temp': Operation not permitted
2026-06-03T21:07:37.7790100Z chmod: changing permissions of '/temp': Operation not permitted
2026-06-03T21:07:39.5345822Z Restarting OpenBSD Secure Shell server: sshd.
2026-06-03T21:07:39.7129471Z node not running, starting node /opt/webssh/index.js
2026-06-03T21:07:42.3798866Z Wed Jun 3 21:07:42 UTC 2026 running .net core
2026-06-03T21:07:42.9952852Z Startup : 09.07.42.983019
2026-06-03T21:07:43.0252650Z Configure Services : 09.07.43.025070
2026-06-03T21:07:43.2495302Z Configure : 09.07.43.249349
2026-06-03T21:07:43.4934341Z Setting Up Routes : 09.07.43.493193
2026-06-03T21:07:43.5032941Z Exiting Configure : 09.07.43.503161
2026-06-03T21:07:43.5555034Z warn: Microsoft.AspNetCore.DataProtection.KeyManagement.XmlKeyManager[35]
2026-06-03T21:07:43.5555459Z       No XML encryptor configured. Key {27427e20-919c-4ea6-9a6e-6b5a466be5a3} may be persisted to storage in unencrypted form.
2026-06-03T21:07:43.7102334Z Hosting environment: Production
2026-06-03T21:07:43.7102734Z Content root path: /opt/Kudu
2026-06-03T21:07:43.7106623Z Now listening on: http://0.0.0.0:8181
2026-06-03T21:07:43.7106718Z Application started. Press Ctrl+C to shut down.
