2026-06-03T11:32:16.7389416Z State: Starting, Action: EstablishingSiteNetworks, LastError: , LastErrorTimestamp: 01/01/0001 00:00:00, LastErrorDetails: , Details: , DetailsLevel: INFO
2026-06-03T11:32:18.1152791Z State: Starting, Action: StartingSiteContainers, LastError: , LastErrorTimestamp: 01/01/0001 00:00:00, LastErrorDetails: , Details: , DetailsLevel: INFO
2026-06-03T11:32:18.1170187Z Container start method called.
2026-06-03T11:32:18.1255648Z State: Starting, Action: PullingImage, LastError: , LastErrorTimestamp: 01/01/0001 00:00:00, LastErrorDetails: , Details: Pulling image ckmcc0522172320.azurecr.io/webapp-financeirax:app-only-20260531170503 for app-financeirax01., DetailsLevel: INFO
2026-06-03T11:32:18.1258521Z Establishing network.
2026-06-03T11:32:18.1262406Z Pulling image: ckmcc0522172320.azurecr.io/webapp-financeirax:app-only-20260531170503.
2026-06-03T11:32:30.7463752Z Container pull image failed with reason: ImagePullFailure. Revert by terminate.
2026-06-03T11:32:30.7489446Z Container is terminating. Grace period: 5 seconds.
2026-06-03T11:32:30.7506403Z Container spec TerminationMessagePolicy  path 
2026-06-03T11:32:30.7527775Z Container is terminated. Total time elapsed: 3 ms.
2026-06-03T11:32:30.7529696Z Site container: app-financeirax01 terminated during site startup.
2026-06-03T11:32:30.7550071Z State: Stopping, Action: CancellingStartup, LastError: , LastErrorTimestamp: 01/01/0001 00:00:00, LastErrorDetails: , Details: Site container: app-financeirax01 terminated during site startup. Cancelling site startup., DetailsLevel: ERR
2026-06-03T11:32:30.7640665Z State: Stopping, Action: CancellingStartup, LastError: ImagePullFailure, LastErrorTimestamp: 06/03/2026 11:32:30, LastErrorDetails: Failed to pull image: ckmcc0522172320.azurecr.io/webapp-financeirax:app-only-20260531170503. Cannot resolve registry address. If VNET is enbaled, check if there's a custom DNS in the VNET that's not resolving the regitry address. Also check if it's blocked by policy or firewall, Details: Site container: app-financeirax01 terminated during site startup. Cancelling site startup., DetailsLevel: ERR
2026-06-03T11:32:30.7686654Z Failed to start site. Revert by stopping site.
2026-06-03T11:32:30.7729968Z State: Stopping, Action: StoppingSite, LastError: ImagePullFailure, LastErrorTimestamp: 06/03/2026 11:32:30, LastErrorDetails: Failed to pull image: ckmcc0522172320.azurecr.io/webapp-financeirax:app-only-20260531170503. Cannot resolve registry address. If VNET is enbaled, check if there's a custom DNS in the VNET that's not resolving the regitry address. Also check if it's blocked by policy or firewall, Details: Site container: app-financeirax01 terminated during site startup. Cancelling site startup., DetailsLevel: ERR
2026-06-03T11:32:30.7754716Z State: Stopping, Action: StoppingSiteContainers, LastError: ImagePullFailure, LastErrorTimestamp: 06/03/2026 11:32:30, LastErrorDetails: Failed to pull image: ckmcc0522172320.azurecr.io/webapp-financeirax:app-only-20260531170503. Cannot resolve registry address. If VNET is enbaled, check if there's a custom DNS in the VNET that's not resolving the regitry address. Also check if it's blocked by policy or firewall, Details: Site container: app-financeirax01 terminated during site startup. Cancelling site startup., DetailsLevel: ERR
2026-06-03T11:32:30.7767022Z Site: app-financeirax01 stopped.
2026-06-03T11:33:07.875Z INFO  - Pulling image: ckmcc0522172320.azurecr.io/webapp-financeirax:app-only-20260531170503
2026-06-03T11:33:08.175Z ERROR - DockerApiException: Docker API responded with status code=InternalServerError, response={"message":"Get \"https://ckmcc0522172320.azurecr.io/v2/\": dial tcp: lookup ckmcc0522172320.azurecr.io: no such host"}

2026-06-03T11:33:08.222Z ERROR - Pulling docker image ckmcc0522172320.azurecr.io/webapp-financeirax:app-only-20260531170503 failed:
2026-06-03T11:33:08.282Z ERROR - DockerApiException: Docker API responded with status code=InternalServerError, response={"message":"Get \"https://ckmcc0522172320.azurecr.io/v2/\": dial tcp: lookup ckmcc0522172320.azurecr.io: no such host"}

2026-06-03T11:33:08.284Z WARN  - Image pull failed. Defaulting to local copy if present.
2026-06-03T11:33:08.287Z ERROR - Image pull failed: Verify docker image configuration and credentials (if using private repository)
2026-06-03T11:33:08.327Z INFO  - Stopping site app-financeirax01 because it failed during startup.
2026-06-03T11:33:20.702Z INFO  - Pulling image: ckmcc0522172320.azurecr.io/webapp-financeirax:app-only-20260531170503
2026-06-03T11:33:20.754Z ERROR - DockerApiException: Docker API responded with status code=InternalServerError, response={"message":"Get \"https://ckmcc0522172320.azurecr.io/v2/\": dial tcp: lookup ckmcc0522172320.azurecr.io: no such host"}

2026-06-03T11:33:20.755Z ERROR - Pulling docker image ckmcc0522172320.azurecr.io/webapp-financeirax:app-only-20260531170503 failed:
2026-06-03T11:33:20.836Z ERROR - DockerApiException: Docker API responded with status code=InternalServerError, response={"message":"Get \"https://ckmcc0522172320.azurecr.io/v2/\": dial tcp: lookup ckmcc0522172320.azurecr.io: no such host"}

2026-06-03T11:33:20.837Z WARN  - Image pull failed. Defaulting to local copy if present.
2026-06-03T11:33:20.840Z ERROR - Image pull failed: Verify docker image configuration and credentials (if using private repository)
2026-06-03T11:33:20.842Z INFO  - Stopping site app-financeirax01 because it failed during startup.
2026-06-03T11:33:33.564Z INFO  - Pulling image: ckmcc0522172320.azurecr.io/webapp-financeirax:app-only-20260531170503
2026-06-03T11:33:33.681Z ERROR - DockerApiException: Docker API responded with status code=InternalServerError, response={"message":"Get \"https://ckmcc0522172320.azurecr.io/v2/\": dial tcp: lookup ckmcc0522172320.azurecr.io: no such host"}

2026-06-03T11:33:33.682Z ERROR - Pulling docker image ckmcc0522172320.azurecr.io/webapp-financeirax:app-only-20260531170503 failed:
2026-06-03T11:33:33.927Z ERROR - DockerApiException: Docker API responded with status code=InternalServerError, response={"message":"Get \"https://ckmcc0522172320.azurecr.io/v2/\": dial tcp: lookup ckmcc0522172320.azurecr.io: no such host"}

2026-06-03T11:33:33.928Z WARN  - Image pull failed. Defaulting to local copy if present.
2026-06-03T11:33:33.933Z ERROR - Image pull failed: Verify docker image configuration and credentials (if using private repository)
2026-06-03T11:33:33.938Z INFO  - Stopping site app-financeirax01 because it failed during startup.
2026-06-03T11:33:44.277Z INFO  - Pulling image: ckmcc0522172320.azurecr.io/webapp-financeirax:app-only-20260531170503
2026-06-03T11:33:44.395Z ERROR - DockerApiException: Docker API responded with status code=InternalServerError, response={"message":"Get \"https://ckmcc0522172320.azurecr.io/v2/\": dial tcp: lookup ckmcc0522172320.azurecr.io: no such host"}

2026-06-03T11:33:44.397Z ERROR - Pulling docker image ckmcc0522172320.azurecr.io/webapp-financeirax:app-only-20260531170503 failed:
2026-06-03T11:33:44.494Z ERROR - DockerApiException: Docker API responded with status code=InternalServerError, response={"message":"Get \"https://ckmcc0522172320.azurecr.io/v2/\": dial tcp: lookup ckmcc0522172320.azurecr.io: no such host"}

2026-06-03T11:33:44.496Z WARN  - Image pull failed. Defaulting to local copy if present.
2026-06-03T11:33:44.498Z ERROR - Image pull failed: Verify docker image configuration and credentials (if using private repository)
2026-06-03T11:33:44.501Z INFO  - Stopping site app-financeirax01 because it failed during startup.
2026-06-03T11:36:06.918Z INFO  - Pulling image: ckmcc0522172320.azurecr.io/webapp-financeirax:app-only-20260531170503
2026-06-03T11:36:06.950Z ERROR - DockerApiException: Docker API responded with status code=InternalServerError, response={"message":"Get \"https://ckmcc0522172320.azurecr.io/v2/\": dial tcp: lookup ckmcc0522172320.azurecr.io: no such host"}

2026-06-03T11:36:06.952Z ERROR - Pulling docker image ckmcc0522172320.azurecr.io/webapp-financeirax:app-only-20260531170503 failed:
2026-06-03T11:36:07.013Z ERROR - DockerApiException: Docker API responded with status code=InternalServerError, response={"message":"Get \"https://ckmcc0522172320.azurecr.io/v2/\": dial tcp: lookup ckmcc0522172320.azurecr.io: no such host"}

2026-06-03T11:36:07.014Z WARN  - Image pull failed. Defaulting to local copy if present.
2026-06-03T11:36:07.016Z ERROR - Image pull failed: Verify docker image configuration and credentials (if using private repository)
2026-06-03T11:36:07.018Z INFO  - Stopping site app-financeirax01 because it failed during startup.
2026-06-03T11:38:32.6412985Z State: Starting, Action: EstablishingSiteNetworks, LastError: , LastErrorTimestamp: 01/01/0001 00:00:00, LastErrorDetails: , Details: , DetailsLevel: INFO
2026-06-03T11:38:34.1627005Z State: Starting, Action: StartingSiteContainers, LastError: , LastErrorTimestamp: 01/01/0001 00:00:00, LastErrorDetails: , Details: , DetailsLevel: INFO
2026-06-03T11:38:34.1628431Z Container start method called.
2026-06-03T11:38:34.1629021Z State: Starting, Action: PullingImage, LastError: , LastErrorTimestamp: 01/01/0001 00:00:00, LastErrorDetails: , Details: Pulling image ckmcc0522172320.azurecr.io/webapp-financeirax:app-only-20260531170503 for app-financeirax01., DetailsLevel: INFO
2026-06-03T11:38:34.1630201Z Establishing network.
2026-06-03T11:38:34.1631729Z Pulling image: ckmcc0522172320.azurecr.io/webapp-financeirax:app-only-20260531170503.
2026-06-03T11:38:46.8886189Z Container pull image failed with reason: ImagePullFailure. Revert by terminate.
2026-06-03T11:38:46.8887920Z Container is terminating. Grace period: 5 seconds.
2026-06-03T11:38:46.8889075Z Container spec TerminationMessagePolicy  path 
2026-06-03T11:38:46.8890025Z Container is terminated. Total time elapsed: 0 ms.
2026-06-03T11:38:46.8890827Z Site container: app-financeirax01 terminated during site startup.
2026-06-03T11:38:46.8901041Z State: Stopping, Action: CancellingStartup, LastError: , LastErrorTimestamp: 01/01/0001 00:00:00, LastErrorDetails: , Details: Site container: app-financeirax01 terminated during site startup. Cancelling site startup., DetailsLevel: ERR
2026-06-03T11:38:46.8921102Z State: Stopping, Action: CancellingStartup, LastError: ImagePullFailure, LastErrorTimestamp: 06/03/2026 11:38:46, LastErrorDetails: Failed to pull image: ckmcc0522172320.azurecr.io/webapp-financeirax:app-only-20260531170503. Cannot resolve registry address. If VNET is enbaled, check if there's a custom DNS in the VNET that's not resolving the regitry address. Also check if it's blocked by policy or firewall, Details: Site container: app-financeirax01 terminated during site startup. Cancelling site startup., DetailsLevel: ERR
2026-06-03T11:38:46.8981965Z Failed to start site. Revert by stopping site.
2026-06-03T11:38:46.8984852Z State: Stopping, Action: StoppingSite, LastError: ImagePullFailure, LastErrorTimestamp: 06/03/2026 11:38:46, LastErrorDetails: Failed to pull image: ckmcc0522172320.azurecr.io/webapp-financeirax:app-only-20260531170503. Cannot resolve registry address. If VNET is enbaled, check if there's a custom DNS in the VNET that's not resolving the regitry address. Also check if it's blocked by policy or firewall, Details: Site container: app-financeirax01 terminated during site startup. Cancelling site startup., DetailsLevel: ERR
2026-06-03T11:38:46.8988378Z State: Stopping, Action: StoppingSiteContainers, LastError: ImagePullFailure, LastErrorTimestamp: 06/03/2026 11:38:46, LastErrorDetails: Failed to pull image: ckmcc0522172320.azurecr.io/webapp-financeirax:app-only-20260531170503. Cannot resolve registry address. If VNET is enbaled, check if there's a custom DNS in the VNET that's not resolving the regitry address. Also check if it's blocked by policy or firewall, Details: Site container: app-financeirax01 terminated during site startup. Cancelling site startup., DetailsLevel: ERR
2026-06-03T11:38:46.8988618Z Site: app-financeirax01 stopped.
2026-06-03T11:38:46.9068835Z State: Stopping, Action: UnmountingVolumes, LastError: ImagePullFailure, LastErrorTimestamp: 06/03/2026 11:38:46, LastErrorDetails: Failed to pull image: ckmcc0522172320.azurecr.io/webapp-financeirax:app-only-20260531170503. Cannot resolve registry address. If VNET is enbaled, check if there's a custom DNS in the VNET that's not resolving the regitry address. Also check if it's blocked by policy or firewall, Details: Site container: app-financeirax01 terminated during site startup. Cancelling site startup., DetailsLevel: ERR
2026-06-03T11:38:46.9607125Z State: Stopping, Action: StoppingSiteNetworks, LastError: ImagePullFailure, LastErrorTimestamp: 06/03/2026 11:38:46, LastErrorDetails: Failed to pull image: ckmcc0522172320.azurecr.io/webapp-financeirax:app-only-20260531170503. Cannot resolve registry address. If VNET is enbaled, check if there's a custom DNS in the VNET that's not resolving the regitry address. Also check if it's blocked by policy or firewall, Details: Site container: app-financeirax01 terminated during site startup. Cancelling site startup., DetailsLevel: ERR
2026-06-03T11:38:47.1854574Z State: Stopped, Action: None, LastError: ImagePullFailure, LastErrorTimestamp: 06/03/2026 11:38:46, LastErrorDetails: Failed to pull image: ckmcc0522172320.azurecr.io/webapp-financeirax:app-only-20260531170503. Cannot resolve registry address. If VNET is enbaled, check if there's a custom DNS in the VNET that's not resolving the regitry address. Also check if it's blocked by policy or firewall, Details: Site stopped at 06/03/2026 11:38:47 (UTC), DetailsLevel: ERR
2026-06-03T11:38:47.3223739Z State: Stopped, Action: None, LastError: ImagePullFailure, LastErrorTimestamp: 06/03/2026 11:38:46, LastErrorDetails: Failed to pull image: ckmcc0522172320.azurecr.io/webapp-financeirax:app-only-20260531170503. Cannot resolve registry address. If VNET is enbaled, check if there's a custom DNS in the VNET that's not resolving the regitry address. Also check if it's blocked by policy or firewall, Details: Site stopped at 06/03/2026 11:38:47 (UTC), DetailsLevel: ERR
2026-06-03T11:38:52.6519012Z State: Starting, Action: EstablishingSiteNetworks, LastError: ImagePullFailure, LastErrorTimestamp: 06/03/2026 11:38:46, LastErrorDetails: Failed to pull image: ckmcc0522172320.azurecr.io/webapp-financeirax:app-only-20260531170503. Cannot resolve registry address. If VNET is enbaled, check if there's a custom DNS in the VNET that's not resolving the regitry address. Also check if it's blocked by policy or firewall, Details: Site stopped at 06/03/2026 11:38:47 (UTC), DetailsLevel: ERR
2026-06-03T11:38:53.1487291Z State: Starting, Action: StartingSiteContainers, LastError: ImagePullFailure, LastErrorTimestamp: 06/03/2026 11:38:46, LastErrorDetails: Failed to pull image: ckmcc0522172320.azurecr.io/webapp-financeirax:app-only-20260531170503. Cannot resolve registry address. If VNET is enbaled, check if there's a custom DNS in the VNET that's not resolving the regitry address. Also check if it's blocked by policy or firewall, Details: Site stopped at 06/03/2026 11:38:47 (UTC), DetailsLevel: ERR
2026-06-03T11:38:53.1489139Z Container start method called.
2026-06-03T11:38:53.1489756Z State: Starting, Action: PullingImage, LastError: ImagePullFailure, LastErrorTimestamp: 06/03/2026 11:38:46, LastErrorDetails: Failed to pull image: ckmcc0522172320.azurecr.io/webapp-financeirax:app-only-20260531170503. Cannot resolve registry address. If VNET is enbaled, check if there's a custom DNS in the VNET that's not resolving the regitry address. Also check if it's blocked by policy or firewall, Details: Pulling image ckmcc0522172320.azurecr.io/webapp-financeirax:app-only-20260531170503 for app-financeirax01., DetailsLevel: INFO
2026-06-03T11:38:53.1491022Z Establishing network.
2026-06-03T11:38:53.1501344Z Pulling image: ckmcc0522172320.azurecr.io/webapp-financeirax:app-only-20260531170503.
2026-06-03T11:39:05.6041581Z Container pull image failed with reason: ImagePullFailure. Revert by terminate.
2026-06-03T11:39:05.6043613Z Container is terminating. Grace period: 5 seconds.
2026-06-03T11:39:05.6044991Z Container spec TerminationMessagePolicy  path 
2026-06-03T11:39:05.6047015Z Container is terminated. Total time elapsed: 0 ms.
2026-06-03T11:39:05.6048499Z Site container: app-financeirax01 terminated during site startup.
2026-06-03T11:39:05.6050701Z State: Stopping, Action: CancellingStartup, LastError: ImagePullFailure, LastErrorTimestamp: 06/03/2026 11:38:46, LastErrorDetails: Failed to pull image: ckmcc0522172320.azurecr.io/webapp-financeirax:app-only-20260531170503. Cannot resolve registry address. If VNET is enbaled, check if there's a custom DNS in the VNET that's not resolving the regitry address. Also check if it's blocked by policy or firewall, Details: Site container: app-financeirax01 terminated during site startup. Cancelling site startup., DetailsLevel: ERR
2026-06-03T11:39:05.6061231Z State: Stopping, Action: CancellingStartup, LastError: ImagePullFailure, LastErrorTimestamp: 06/03/2026 11:39:05, LastErrorDetails: Failed to pull image: ckmcc0522172320.azurecr.io/webapp-financeirax:app-only-20260531170503. Cannot resolve registry address. If VNET is enbaled, check if there's a custom DNS in the VNET that's not resolving the regitry address. Also check if it's blocked by policy or firewall, Details: Site container: app-financeirax01 terminated during site startup. Cancelling site startup., DetailsLevel: ERR
2026-06-03T11:39:05.6152105Z Failed to start site. Revert by stopping site.
2026-06-03T11:39:05.6153813Z State: Stopping, Action: StoppingSite, LastError: ImagePullFailure, LastErrorTimestamp: 06/03/2026 11:39:05, LastErrorDetails: Failed to pull image: ckmcc0522172320.azurecr.io/webapp-financeirax:app-only-20260531170503. Cannot resolve registry address. If VNET is enbaled, check if there's a custom DNS in the VNET that's not resolving the regitry address. Also check if it's blocked by policy or firewall, Details: Site container: app-financeirax01 terminated during site startup. Cancelling site startup., DetailsLevel: ERR
2026-06-03T11:39:05.6158500Z State: Stopping, Action: StoppingSiteContainers, LastError: ImagePullFailure, LastErrorTimestamp: 06/03/2026 11:39:05, LastErrorDetails: Failed to pull image: ckmcc0522172320.azurecr.io/webapp-financeirax:app-only-20260531170503. Cannot resolve registry address. If VNET is enbaled, check if there's a custom DNS in the VNET that's not resolving the regitry address. Also check if it's blocked by policy or firewall, Details: Site container: app-financeirax01 terminated during site startup. Cancelling site startup., DetailsLevel: ERR
2026-06-03T11:39:05.6158719Z Site: app-financeirax01 stopped.
2026-06-03T11:39:05.6309725Z State: Stopping, Action: UnmountingVolumes, LastError: ImagePullFailure, LastErrorTimestamp: 06/03/2026 11:39:05, LastErrorDetails: Failed to pull image: ckmcc0522172320.azurecr.io/webapp-financeirax:app-only-20260531170503. Cannot resolve registry address. If VNET is enbaled, check if there's a custom DNS in the VNET that's not resolving the regitry address. Also check if it's blocked by policy or firewall, Details: Site container: app-financeirax01 terminated during site startup. Cancelling site startup., DetailsLevel: ERR
2026-06-03T11:39:05.6895759Z State: Stopping, Action: StoppingSiteNetworks, LastError: ImagePullFailure, LastErrorTimestamp: 06/03/2026 11:39:05, LastErrorDetails: Failed to pull image: ckmcc0522172320.azurecr.io/webapp-financeirax:app-only-20260531170503. Cannot resolve registry address. If VNET is enbaled, check if there's a custom DNS in the VNET that's not resolving the regitry address. Also check if it's blocked by policy or firewall, Details: Site container: app-financeirax01 terminated during site startup. Cancelling site startup., DetailsLevel: ERR
2026-06-03T11:39:05.8831735Z Site: app-financeirax01 will be blocked for 1 minutes till 06/03/2026 11:40:05
2026-06-03T11:39:05.8833971Z State: Blocked, Action: StoppingSiteNetworks, LastError: ImagePullFailure, LastErrorTimestamp: 06/03/2026 11:39:05, LastErrorDetails: Failed to pull image: ckmcc0522172320.azurecr.io/webapp-financeirax:app-only-20260531170503. Cannot resolve registry address. If VNET is enbaled, check if there's a custom DNS in the VNET that's not resolving the regitry address. Also check if it's blocked by policy or firewall, Details: Site: app-financeirax01 will be blocked for 1 minutes till 06/03/2026 11:40:05, DetailsLevel: WARN
2026-06-03T11:39:05.8909752Z State: Stopped, Action: None, LastError: ImagePullFailure, LastErrorTimestamp: 06/03/2026 11:39:05, LastErrorDetails: Failed to pull image: ckmcc0522172320.azurecr.io/webapp-financeirax:app-only-20260531170503. Cannot resolve registry address. If VNET is enbaled, check if there's a custom DNS in the VNET that's not resolving the regitry address. Also check if it's blocked by policy or firewall, Details: Site stopped at 06/03/2026 11:39:05 (UTC), DetailsLevel: WARN
2026-06-03T11:39:06.0143699Z State: Stopped, Action: None, LastError: ImagePullFailure, LastErrorTimestamp: 06/03/2026 11:39:05, LastErrorDetails: Failed to pull image: ckmcc0522172320.azurecr.io/webapp-financeirax:app-only-20260531170503. Cannot resolve registry address. If VNET is enbaled, check if there's a custom DNS in the VNET that's not resolving the regitry address. Also check if it's blocked by policy or firewall, Details: Site stopped at 06/03/2026 11:39:05 (UTC), DetailsLevel: WARN
2026-06-03T11:39:11.0504225Z State: Blocked, Action: None, LastError: ImagePullFailure, LastErrorTimestamp: 06/03/2026 11:39:05, LastErrorDetails: Failed to pull image: ckmcc0522172320.azurecr.io/webapp-financeirax:app-only-20260531170503. Cannot resolve registry address. If VNET is enbaled, check if there's a custom DNS in the VNET that's not resolving the regitry address. Also check if it's blocked by policy or firewall, Details: Site is blocked due to multiple, consecutive cold start failures. Site scheduled to be unblocked at 06/03/2026 11:40:05, DetailsLevel: WARN
2026-06-03T11:39:11.0504926Z Start site prohibitted because the site is being blocked.
2026-06-03T11:39:16.1188920Z State: Blocked, Action: None, LastError: ImagePullFailure, LastErrorTimestamp: 06/03/2026 11:39:05, LastErrorDetails: Failed to pull image: ckmcc0522172320.azurecr.io/webapp-financeirax:app-only-20260531170503. Cannot resolve registry address. If VNET is enbaled, check if there's a custom DNS in the VNET that's not resolving the regitry address. Also check if it's blocked by policy or firewall, Details: Site is blocked due to multiple, consecutive cold start failures. Site scheduled to be unblocked at 06/03/2026 11:40:05, DetailsLevel: WARN
2026-06-03T11:39:16.1189351Z Start site prohibitted because the site is being blocked.
2026-06-03T11:39:21.1628440Z State: Blocked, Action: None, LastError: ImagePullFailure, LastErrorTimestamp: 06/03/2026 11:39:05, LastErrorDetails: Failed to pull image: ckmcc0522172320.azurecr.io/webapp-financeirax:app-only-20260531170503. Cannot resolve registry address. If VNET is enbaled, check if there's a custom DNS in the VNET that's not resolving the regitry address. Also check if it's blocked by policy or firewall, Details: Site is blocked due to multiple, consecutive cold start failures. Site scheduled to be unblocked at 06/03/2026 11:40:05, DetailsLevel: WARN
2026-06-03T11:39:21.1628738Z Start site prohibitted because the site is being blocked.
2026-06-03T11:39:26.2228362Z State: Blocked, Action: None, LastError: ImagePullFailure, LastErrorTimestamp: 06/03/2026 11:39:05, LastErrorDetails: Failed to pull image: ckmcc0522172320.azurecr.io/webapp-financeirax:app-only-20260531170503. Cannot resolve registry address. If VNET is enbaled, check if there's a custom DNS in the VNET that's not resolving the regitry address. Also check if it's blocked by policy or firewall, Details: Site is blocked due to multiple, consecutive cold start failures. Site scheduled to be unblocked at 06/03/2026 11:40:05, DetailsLevel: WARN
2026-06-03T11:39:26.2228708Z Start site prohibitted because the site is being blocked.
2026-06-03T11:39:31.2885207Z State: Blocked, Action: None, LastError: ImagePullFailure, LastErrorTimestamp: 06/03/2026 11:39:05, LastErrorDetails: Failed to pull image: ckmcc0522172320.azurecr.io/webapp-financeirax:app-only-20260531170503. Cannot resolve registry address. If VNET is enbaled, check if there's a custom DNS in the VNET that's not resolving the regitry address. Also check if it's blocked by policy or firewall, Details: Site is blocked due to multiple, consecutive cold start failures. Site scheduled to be unblocked at 06/03/2026 11:40:05, DetailsLevel: WARN
2026-06-03T11:39:31.2885480Z Start site prohibitted because the site is being blocked.
2026-06-03T11:39:36.3875280Z State: Blocked, Action: None, LastError: ImagePullFailure, LastErrorTimestamp: 06/03/2026 11:39:05, LastErrorDetails: Failed to pull image: ckmcc0522172320.azurecr.io/webapp-financeirax:app-only-20260531170503. Cannot resolve registry address. If VNET is enbaled, check if there's a custom DNS in the VNET that's not resolving the regitry address. Also check if it's blocked by policy or firewall, Details: Site is blocked due to multiple, consecutive cold start failures. Site scheduled to be unblocked at 06/03/2026 11:40:05, DetailsLevel: WARN
2026-06-03T11:39:36.3875585Z Start site prohibitted because the site is being blocked.
2026-06-03T11:39:41.7737336Z State: Blocked, Action: None, LastError: ImagePullFailure, LastErrorTimestamp: 06/03/2026 11:39:05, LastErrorDetails: Failed to pull image: ckmcc0522172320.azurecr.io/webapp-financeirax:app-only-20260531170503. Cannot resolve registry address. If VNET is enbaled, check if there's a custom DNS in the VNET that's not resolving the regitry address. Also check if it's blocked by policy or firewall, Details: Site is blocked due to multiple, consecutive cold start failures. Site scheduled to be unblocked at 06/03/2026 11:40:05, DetailsLevel: WARN
2026-06-03T11:39:41.7737668Z Start site prohibitted because the site is being blocked.
2026-06-03T11:39:46.9760739Z State: Blocked, Action: None, LastError: ImagePullFailure, LastErrorTimestamp: 06/03/2026 11:39:05, LastErrorDetails: Failed to pull image: ckmcc0522172320.azurecr.io/webapp-financeirax:app-only-20260531170503. Cannot resolve registry address. If VNET is enbaled, check if there's a custom DNS in the VNET that's not resolving the regitry address. Also check if it's blocked by policy or firewall, Details: Site is blocked due to multiple, consecutive cold start failures. Site scheduled to be unblocked at 06/03/2026 11:40:05, DetailsLevel: WARN
2026-06-03T11:39:46.9761818Z Start site prohibitted because the site is being blocked.
2026-06-03T11:39:52.1441326Z State: Blocked, Action: None, LastError: ImagePullFailure, LastErrorTimestamp: 06/03/2026 11:39:05, LastErrorDetails: Failed to pull image: ckmcc0522172320.azurecr.io/webapp-financeirax:app-only-20260531170503. Cannot resolve registry address. If VNET is enbaled, check if there's a custom DNS in the VNET that's not resolving the regitry address. Also check if it's blocked by policy or firewall, Details: Site is blocked due to multiple, consecutive cold start failures. Site scheduled to be unblocked at 06/03/2026 11:40:05, DetailsLevel: WARN
2026-06-03T11:39:52.1441694Z Start site prohibitted because the site is being blocked.
2026-06-03T11:39:57.4396509Z State: Blocked, Action: None, LastError: ImagePullFailure, LastErrorTimestamp: 06/03/2026 11:39:05, LastErrorDetails: Failed to pull image: ckmcc0522172320.azurecr.io/webapp-financeirax:app-only-20260531170503. Cannot resolve registry address. If VNET is enbaled, check if there's a custom DNS in the VNET that's not resolving the regitry address. Also check if it's blocked by policy or firewall, Details: Site is blocked due to multiple, consecutive cold start failures. Site scheduled to be unblocked at 06/03/2026 11:40:05, DetailsLevel: WARN
2026-06-03T11:39:57.4396837Z Start site prohibitted because the site is being blocked.
2026-06-03T11:40:02.5028971Z State: Blocked, Action: None, LastError: ImagePullFailure, LastErrorTimestamp: 06/03/2026 11:39:05, LastErrorDetails: Failed to pull image: ckmcc0522172320.azurecr.io/webapp-financeirax:app-only-20260531170503. Cannot resolve registry address. If VNET is enbaled, check if there's a custom DNS in the VNET that's not resolving the regitry address. Also check if it's blocked by policy or firewall, Details: Site is blocked due to multiple, consecutive cold start failures. Site scheduled to be unblocked at 06/03/2026 11:40:05, DetailsLevel: WARN
2026-06-03T11:40:02.5029289Z Start site prohibitted because the site is being blocked.
2026-06-03T11:40:05.8857177Z Site: app-financeirax01 is unblocked.
2026-06-03T11:40:07.6594663Z State: Starting, Action: EstablishingSiteNetworks, LastError: ImagePullFailure, LastErrorTimestamp: 06/03/2026 11:39:05, LastErrorDetails: Failed to pull image: ckmcc0522172320.azurecr.io/webapp-financeirax:app-only-20260531170503. Cannot resolve registry address. If VNET is enbaled, check if there's a custom DNS in the VNET that's not resolving the regitry address. Also check if it's blocked by policy or firewall, Details: Site is blocked due to multiple, consecutive cold start failures. Site scheduled to be unblocked at 06/03/2026 11:40:05, DetailsLevel: WARN
2026-06-03T11:40:08.3778916Z State: Starting, Action: StartingSiteContainers, LastError: ImagePullFailure, LastErrorTimestamp: 06/03/2026 11:39:05, LastErrorDetails: Failed to pull image: ckmcc0522172320.azurecr.io/webapp-financeirax:app-only-20260531170503. Cannot resolve registry address. If VNET is enbaled, check if there's a custom DNS in the VNET that's not resolving the regitry address. Also check if it's blocked by policy or firewall, Details: Site is blocked due to multiple, consecutive cold start failures. Site scheduled to be unblocked at 06/03/2026 11:40:05, DetailsLevel: WARN
2026-06-03T11:40:08.3780147Z Container start method called.
2026-06-03T11:40:08.3780556Z State: Starting, Action: PullingImage, LastError: ImagePullFailure, LastErrorTimestamp: 06/03/2026 11:39:05, LastErrorDetails: Failed to pull image: ckmcc0522172320.azurecr.io/webapp-financeirax:app-only-20260531170503. Cannot resolve registry address. If VNET is enbaled, check if there's a custom DNS in the VNET that's not resolving the regitry address. Also check if it's blocked by policy or firewall, Details: Pulling image ckmcc0522172320.azurecr.io/webapp-financeirax:app-only-20260531170503 for app-financeirax01., DetailsLevel: INFO
2026-06-03T11:40:08.3781683Z Establishing network.
2026-06-03T11:40:08.3784610Z Pulling image: ckmcc0522172320.azurecr.io/webapp-financeirax:app-only-20260531170503.
2026-06-03T11:40:22.2885390Z Container pull image failed with reason: ImagePullFailure. Revert by terminate.
2026-06-03T11:40:22.2890722Z Container is terminating. Grace period: 5 seconds.
2026-06-03T11:40:22.2893020Z Container spec TerminationMessagePolicy  path 
2026-06-03T11:40:22.2894987Z Container is terminated. Total time elapsed: 0 ms.
2026-06-03T11:40:22.2896812Z Site container: app-financeirax01 terminated during site startup.
2026-06-03T11:40:22.2898292Z State: Stopping, Action: CancellingStartup, LastError: ImagePullFailure, LastErrorTimestamp: 06/03/2026 11:39:05, LastErrorDetails: Failed to pull image: ckmcc0522172320.azurecr.io/webapp-financeirax:app-only-20260531170503. Cannot resolve registry address. If VNET is enbaled, check if there's a custom DNS in the VNET that's not resolving the regitry address. Also check if it's blocked by policy or firewall, Details: Site container: app-financeirax01 terminated during site startup. Cancelling site startup., DetailsLevel: ERR
2026-06-03T11:40:22.2909385Z State: Stopping, Action: CancellingStartup, LastError: ImagePullFailure, LastErrorTimestamp: 06/03/2026 11:40:22, LastErrorDetails: Failed to pull image: ckmcc0522172320.azurecr.io/webapp-financeirax:app-only-20260531170503. Cannot resolve registry address. If VNET is enbaled, check if there's a custom DNS in the VNET that's not resolving the regitry address. Also check if it's blocked by policy or firewall, Details: Site container: app-financeirax01 terminated during site startup. Cancelling site startup., DetailsLevel: ERR
2026-06-03T11:40:22.2948553Z Failed to start site. Revert by stopping site.
2026-06-03T11:40:22.2950203Z State: Stopping, Action: StoppingSite, LastError: ImagePullFailure, LastErrorTimestamp: 06/03/2026 11:40:22, LastErrorDetails: Failed to pull image: ckmcc0522172320.azurecr.io/webapp-financeirax:app-only-20260531170503. Cannot resolve registry address. If VNET is enbaled, check if there's a custom DNS in the VNET that's not resolving the regitry address. Also check if it's blocked by policy or firewall, Details: Site container: app-financeirax01 terminated during site startup. Cancelling site startup., DetailsLevel: ERR
2026-06-03T11:40:22.2953371Z State: Stopping, Action: StoppingSiteContainers, LastError: ImagePullFailure, LastErrorTimestamp: 06/03/2026 11:40:22, LastErrorDetails: Failed to pull image: ckmcc0522172320.azurecr.io/webapp-financeirax:app-only-20260531170503. Cannot resolve registry address. If VNET is enbaled, check if there's a custom DNS in the VNET that's not resolving the regitry address. Also check if it's blocked by policy or firewall, Details: Site container: app-financeirax01 terminated during site startup. Cancelling site startup., DetailsLevel: ERR
2026-06-03T11:40:22.2953522Z Site: app-financeirax01 stopped.
2026-06-03T11:40:22.3039845Z State: Stopping, Action: UnmountingVolumes, LastError: ImagePullFailure, LastErrorTimestamp: 06/03/2026 11:40:22, LastErrorDetails: Failed to pull image: ckmcc0522172320.azurecr.io/webapp-financeirax:app-only-20260531170503. Cannot resolve registry address. If VNET is enbaled, check if there's a custom DNS in the VNET that's not resolving the regitry address. Also check if it's blocked by policy or firewall, Details: Site container: app-financeirax01 terminated during site startup. Cancelling site startup., DetailsLevel: ERR
2026-06-03T11:40:22.3503597Z State: Stopping, Action: StoppingSiteNetworks, LastError: ImagePullFailure, LastErrorTimestamp: 06/03/2026 11:40:22, LastErrorDetails: Failed to pull image: ckmcc0522172320.azurecr.io/webapp-financeirax:app-only-20260531170503. Cannot resolve registry address. If VNET is enbaled, check if there's a custom DNS in the VNET that's not resolving the regitry address. Also check if it's blocked by policy or firewall, Details: Site container: app-financeirax01 terminated during site startup. Cancelling site startup., DetailsLevel: ERR
2026-06-03T11:40:22.6241584Z Site: app-financeirax01 will be blocked for 1 minutes till 06/03/2026 11:41:22
2026-06-03T11:40:22.6247376Z State: Blocked, Action: StoppingSiteNetworks, LastError: ImagePullFailure, LastErrorTimestamp: 06/03/2026 11:40:22, LastErrorDetails: Failed to pull image: ckmcc0522172320.azurecr.io/webapp-financeirax:app-only-20260531170503. Cannot resolve registry address. If VNET is enbaled, check if there's a custom DNS in the VNET that's not resolving the regitry address. Also check if it's blocked by policy or firewall, Details: Site: app-financeirax01 will be blocked for 1 minutes till 06/03/2026 11:41:22, DetailsLevel: WARN
2026-06-03T11:40:22.6257126Z State: Stopped, Action: None, LastError: ImagePullFailure, LastErrorTimestamp: 06/03/2026 11:40:22, LastErrorDetails: Failed to pull image: ckmcc0522172320.azurecr.io/webapp-financeirax:app-only-20260531170503. Cannot resolve registry address. If VNET is enbaled, check if there's a custom DNS in the VNET that's not resolving the regitry address. Also check if it's blocked by policy or firewall, Details: Site stopped at 06/03/2026 11:40:22 (UTC), DetailsLevel: WARN
2026-06-03T11:40:22.7813466Z State: Stopped, Action: None, LastError: ImagePullFailure, LastErrorTimestamp: 06/03/2026 11:40:22, LastErrorDetails: Failed to pull image: ckmcc0522172320.azurecr.io/webapp-financeirax:app-only-20260531170503. Cannot resolve registry address. If VNET is enbaled, check if there's a custom DNS in the VNET that's not resolving the regitry address. Also check if it's blocked by policy or firewall, Details: Site stopped at 06/03/2026 11:40:22 (UTC), DetailsLevel: WARN
2026-06-03T11:40:27.8215066Z State: Blocked, Action: None, LastError: ImagePullFailure, LastErrorTimestamp: 06/03/2026 11:40:22, LastErrorDetails: Failed to pull image: ckmcc0522172320.azurecr.io/webapp-financeirax:app-only-20260531170503. Cannot resolve registry address. If VNET is enbaled, check if there's a custom DNS in the VNET that's not resolving the regitry address. Also check if it's blocked by policy or firewall, Details: Site is blocked due to multiple, consecutive cold start failures. Site scheduled to be unblocked at 06/03/2026 11:41:22, DetailsLevel: WARN
2026-06-03T11:40:27.8215325Z Start site prohibitted because the site is being blocked.
2026-06-03T11:40:32.9020065Z State: Blocked, Action: None, LastError: ImagePullFailure, LastErrorTimestamp: 06/03/2026 11:40:22, LastErrorDetails: Failed to pull image: ckmcc0522172320.azurecr.io/webapp-financeirax:app-only-20260531170503. Cannot resolve registry address. If VNET is enbaled, check if there's a custom DNS in the VNET that's not resolving the regitry address. Also check if it's blocked by policy or firewall, Details: Site is blocked due to multiple, consecutive cold start failures. Site scheduled to be unblocked at 06/03/2026 11:41:22, DetailsLevel: WARN
2026-06-03T11:40:32.9020439Z Start site prohibitted because the site is being blocked.
2026-06-03T11:40:38.0185625Z State: Blocked, Action: None, LastError: ImagePullFailure, LastErrorTimestamp: 06/03/2026 11:40:22, LastErrorDetails: Failed to pull image: ckmcc0522172320.azurecr.io/webapp-financeirax:app-only-20260531170503. Cannot resolve registry address. If VNET is enbaled, check if there's a custom DNS in the VNET that's not resolving the regitry address. Also check if it's blocked by policy or firewall, Details: Site is blocked due to multiple, consecutive cold start failures. Site scheduled to be unblocked at 06/03/2026 11:41:22, DetailsLevel: WARN
2026-06-03T11:40:38.0185952Z Start site prohibitted because the site is being blocked.
2026-06-03T11:40:43.0681005Z State: Blocked, Action: None, LastError: ImagePullFailure, LastErrorTimestamp: 06/03/2026 11:40:22, LastErrorDetails: Failed to pull image: ckmcc0522172320.azurecr.io/webapp-financeirax:app-only-20260531170503. Cannot resolve registry address. If VNET is enbaled, check if there's a custom DNS in the VNET that's not resolving the regitry address. Also check if it's blocked by policy or firewall, Details: Site is blocked due to multiple, consecutive cold start failures. Site scheduled to be unblocked at 06/03/2026 11:41:22, DetailsLevel: WARN
2026-06-03T11:40:43.0681322Z Start site prohibitted because the site is being blocked.
2026-06-03T11:40:48.1381016Z State: Blocked, Action: None, LastError: ImagePullFailure, LastErrorTimestamp: 06/03/2026 11:40:22, LastErrorDetails: Failed to pull image: ckmcc0522172320.azurecr.io/webapp-financeirax:app-only-20260531170503. Cannot resolve registry address. If VNET is enbaled, check if there's a custom DNS in the VNET that's not resolving the regitry address. Also check if it's blocked by policy or firewall, Details: Site is blocked due to multiple, consecutive cold start failures. Site scheduled to be unblocked at 06/03/2026 11:41:22, DetailsLevel: WARN
2026-06-03T11:40:48.1381322Z Start site prohibitted because the site is being blocked.
2026-06-03T11:40:53.3666193Z State: Blocked, Action: None, LastError: ImagePullFailure, LastErrorTimestamp: 06/03/2026 11:40:22, LastErrorDetails: Failed to pull image: ckmcc0522172320.azurecr.io/webapp-financeirax:app-only-20260531170503. Cannot resolve registry address. If VNET is enbaled, check if there's a custom DNS in the VNET that's not resolving the regitry address. Also check if it's blocked by policy or firewall, Details: Site is blocked due to multiple, consecutive cold start failures. Site scheduled to be unblocked at 06/03/2026 11:41:22, DetailsLevel: WARN
2026-06-03T11:40:53.3666494Z Start site prohibitted because the site is being blocked.
2026-06-03T11:40:58.4462487Z State: Blocked, Action: None, LastError: ImagePullFailure, LastErrorTimestamp: 06/03/2026 11:40:22, LastErrorDetails: Failed to pull image: ckmcc0522172320.azurecr.io/webapp-financeirax:app-only-20260531170503. Cannot resolve registry address. If VNET is enbaled, check if there's a custom DNS in the VNET that's not resolving the regitry address. Also check if it's blocked by policy or firewall, Details: Site is blocked due to multiple, consecutive cold start failures. Site scheduled to be unblocked at 06/03/2026 11:41:22, DetailsLevel: WARN
2026-06-03T11:40:58.4463023Z Start site prohibitted because the site is being blocked.
2026-06-03T11:41:03.7506662Z State: Blocked, Action: None, LastError: ImagePullFailure, LastErrorTimestamp: 06/03/2026 11:40:22, LastErrorDetails: Failed to pull image: ckmcc0522172320.azurecr.io/webapp-financeirax:app-only-20260531170503. Cannot resolve registry address. If VNET is enbaled, check if there's a custom DNS in the VNET that's not resolving the regitry address. Also check if it's blocked by policy or firewall, Details: Site is blocked due to multiple, consecutive cold start failures. Site scheduled to be unblocked at 06/03/2026 11:41:22, DetailsLevel: WARN
2026-06-03T11:41:03.7506939Z Start site prohibitted because the site is being blocked.
2026-06-03T11:41:08.8088768Z State: Blocked, Action: None, LastError: ImagePullFailure, LastErrorTimestamp: 06/03/2026 11:40:22, LastErrorDetails: Failed to pull image: ckmcc0522172320.azurecr.io/webapp-financeirax:app-only-20260531170503. Cannot resolve registry address. If VNET is enbaled, check if there's a custom DNS in the VNET that's not resolving the regitry address. Also check if it's blocked by policy or firewall, Details: Site is blocked due to multiple, consecutive cold start failures. Site scheduled to be unblocked at 06/03/2026 11:41:22, DetailsLevel: WARN
2026-06-03T11:41:08.8089090Z Start site prohibitted because the site is being blocked.
2026-06-03T11:41:14.0603253Z State: Blocked, Action: None, LastError: ImagePullFailure, LastErrorTimestamp: 06/03/2026 11:40:22, LastErrorDetails: Failed to pull image: ckmcc0522172320.azurecr.io/webapp-financeirax:app-only-20260531170503. Cannot resolve registry address. If VNET is enbaled, check if there's a custom DNS in the VNET that's not resolving the regitry address. Also check if it's blocked by policy or firewall, Details: Site is blocked due to multiple, consecutive cold start failures. Site scheduled to be unblocked at 06/03/2026 11:41:22, DetailsLevel: WARN
2026-06-03T11:41:14.0605378Z Start site prohibitted because the site is being blocked.
2026-06-03T11:41:19.4455201Z State: Blocked, Action: None, LastError: ImagePullFailure, LastErrorTimestamp: 06/03/2026 11:40:22, LastErrorDetails: Failed to pull image: ckmcc0522172320.azurecr.io/webapp-financeirax:app-only-20260531170503. Cannot resolve registry address. If VNET is enbaled, check if there's a custom DNS in the VNET that's not resolving the regitry address. Also check if it's blocked by policy or firewall, Details: Site is blocked due to multiple, consecutive cold start failures. Site scheduled to be unblocked at 06/03/2026 11:41:22, DetailsLevel: WARN
2026-06-03T11:41:19.4455493Z Start site prohibitted because the site is being blocked.
2026-06-03T11:41:22.7725417Z Site: app-financeirax01 is unblocked.
2026-06-03T11:41:24.6368292Z State: Starting, Action: EstablishingSiteNetworks, LastError: ImagePullFailure, LastErrorTimestamp: 06/03/2026 11:40:22, LastErrorDetails: Failed to pull image: ckmcc0522172320.azurecr.io/webapp-financeirax:app-only-20260531170503. Cannot resolve registry address. If VNET is enbaled, check if there's a custom DNS in the VNET that's not resolving the regitry address. Also check if it's blocked by policy or firewall, Details: Site is blocked due to multiple, consecutive cold start failures. Site scheduled to be unblocked at 06/03/2026 11:41:22, DetailsLevel: WARN
2026-06-03T11:41:25.3662671Z State: Starting, Action: StartingSiteContainers, LastError: ImagePullFailure, LastErrorTimestamp: 06/03/2026 11:40:22, LastErrorDetails: Failed to pull image: ckmcc0522172320.azurecr.io/webapp-financeirax:app-only-20260531170503. Cannot resolve registry address. If VNET is enbaled, check if there's a custom DNS in the VNET that's not resolving the regitry address. Also check if it's blocked by policy or firewall, Details: Site is blocked due to multiple, consecutive cold start failures. Site scheduled to be unblocked at 06/03/2026 11:41:22, DetailsLevel: WARN
2026-06-03T11:41:25.3663933Z Container start method called.
2026-06-03T11:41:25.3664332Z State: Starting, Action: PullingImage, LastError: ImagePullFailure, LastErrorTimestamp: 06/03/2026 11:40:22, LastErrorDetails: Failed to pull image: ckmcc0522172320.azurecr.io/webapp-financeirax:app-only-20260531170503. Cannot resolve registry address. If VNET is enbaled, check if there's a custom DNS in the VNET that's not resolving the regitry address. Also check if it's blocked by policy or firewall, Details: Pulling image ckmcc0522172320.azurecr.io/webapp-financeirax:app-only-20260531170503 for app-financeirax01., DetailsLevel: INFO
2026-06-03T11:41:25.3665434Z Establishing network.
2026-06-03T11:41:25.3667882Z Pulling image: ckmcc0522172320.azurecr.io/webapp-financeirax:app-only-20260531170503.
2026-06-03T11:41:38.1389835Z Container pull image failed with reason: ImagePullFailure. Revert by terminate.
2026-06-03T11:41:38.1392616Z Container is terminating. Grace period: 5 seconds.
2026-06-03T11:41:38.1394021Z Container spec TerminationMessagePolicy  path 
2026-06-03T11:41:38.1395315Z Container is terminated. Total time elapsed: 0 ms.
2026-06-03T11:41:38.1396680Z Site container: app-financeirax01 terminated during site startup.
2026-06-03T11:41:38.1397740Z State: Stopping, Action: CancellingStartup, LastError: ImagePullFailure, LastErrorTimestamp: 06/03/2026 11:40:22, LastErrorDetails: Failed to pull image: ckmcc0522172320.azurecr.io/webapp-financeirax:app-only-20260531170503. Cannot resolve registry address. If VNET is enbaled, check if there's a custom DNS in the VNET that's not resolving the regitry address. Also check if it's blocked by policy or firewall, Details: Site container: app-financeirax01 terminated during site startup. Cancelling site startup., DetailsLevel: ERR
2026-06-03T11:41:38.1405539Z State: Stopping, Action: CancellingStartup, LastError: ImagePullFailure, LastErrorTimestamp: 06/03/2026 11:41:38, LastErrorDetails: Failed to pull image: ckmcc0522172320.azurecr.io/webapp-financeirax:app-only-20260531170503. Cannot resolve registry address. If VNET is enbaled, check if there's a custom DNS in the VNET that's not resolving the regitry address. Also check if it's blocked by policy or firewall, Details: Site container: app-financeirax01 terminated during site startup. Cancelling site startup., DetailsLevel: ERR
2026-06-03T11:41:38.1466612Z Failed to start site. Revert by stopping site.
2026-06-03T11:41:38.1467817Z State: Stopping, Action: StoppingSite, LastError: ImagePullFailure, LastErrorTimestamp: 06/03/2026 11:41:38, LastErrorDetails: Failed to pull image: ckmcc0522172320.azurecr.io/webapp-financeirax:app-only-20260531170503. Cannot resolve registry address. If VNET is enbaled, check if there's a custom DNS in the VNET that's not resolving the regitry address. Also check if it's blocked by policy or firewall, Details: Site container: app-financeirax01 terminated during site startup. Cancelling site startup., DetailsLevel: ERR
2026-06-03T11:41:38.1469745Z State: Stopping, Action: StoppingSiteContainers, LastError: ImagePullFailure, LastErrorTimestamp: 06/03/2026 11:41:38, LastErrorDetails: Failed to pull image: ckmcc0522172320.azurecr.io/webapp-financeirax:app-only-20260531170503. Cannot resolve registry address. If VNET is enbaled, check if there's a custom DNS in the VNET that's not resolving the regitry address. Also check if it's blocked by policy or firewall, Details: Site container: app-financeirax01 terminated during site startup. Cancelling site startup., DetailsLevel: ERR
2026-06-03T11:41:38.1469908Z Site: app-financeirax01 stopped.
