2026-06-03T18:18:25.6385996Z State: Starting, Action: EstablishingSiteNetworks, LastError: , LastErrorTimestamp: 01/01/0001 00:00:00, LastErrorDetails: , Details: , DetailsLevel: INFO
2026-06-03T18:18:26.1836317Z State: Starting, Action: StartingSiteContainers, LastError: , LastErrorTimestamp: 01/01/0001 00:00:00, LastErrorDetails: , Details: , DetailsLevel: INFO
2026-06-03T18:18:26.1844815Z Container start method called.
2026-06-03T18:18:26.1871449Z State: Starting, Action: PullingImage, LastError: , LastErrorTimestamp: 01/01/0001 00:00:00, LastErrorDetails: , Details: Pulling image ckmcc0522172320.azurecr.io/webapp-financeirax:app-only-20260531170503 for app-financeirax01., DetailsLevel: INFO
2026-06-03T18:18:26.1904079Z Establishing network.
2026-06-03T18:18:26.1912244Z Pulling image: ckmcc0522172320.azurecr.io/webapp-financeirax:app-only-20260531170503.
2026-06-03T18:18:38.9099348Z Container pull image failed with reason: ImagePullFailure. Revert by terminate.
2026-06-03T18:18:38.9140354Z Container is terminating. Grace period: 5 seconds.
2026-06-03T18:18:38.9155896Z Container spec TerminationMessagePolicy  path 
2026-06-03T18:18:38.9174935Z Container is terminated. Total time elapsed: 3 ms.
2026-06-03T18:18:38.9176859Z Site container: app-financeirax01 terminated during site startup.
2026-06-03T18:18:38.9196212Z State: Stopping, Action: CancellingStartup, LastError: , LastErrorTimestamp: 01/01/0001 00:00:00, LastErrorDetails: , Details: Site container: app-financeirax01 terminated during site startup. Cancelling site startup., DetailsLevel: ERR
2026-06-03T18:18:38.9292994Z State: Stopping, Action: CancellingStartup, LastError: ImagePullFailure, LastErrorTimestamp: 06/03/2026 18:18:38, LastErrorDetails: Failed to pull image: ckmcc0522172320.azurecr.io/webapp-financeirax:app-only-20260531170503. Cannot resolve registry address. If VNET is enbaled, check if there's a custom DNS in the VNET that's not resolving the regitry address. Also check if it's blocked by policy or firewall, Details: Site container: app-financeirax01 terminated during site startup. Cancelling site startup., DetailsLevel: ERR
2026-06-03T18:18:38.9342442Z Failed to start site. Revert by stopping site.
2026-06-03T18:18:38.9389892Z State: Stopping, Action: StoppingSite, LastError: ImagePullFailure, LastErrorTimestamp: 06/03/2026 18:18:38, LastErrorDetails: Failed to pull image: ckmcc0522172320.azurecr.io/webapp-financeirax:app-only-20260531170503. Cannot resolve registry address. If VNET is enbaled, check if there's a custom DNS in the VNET that's not resolving the regitry address. Also check if it's blocked by policy or firewall, Details: Site container: app-financeirax01 terminated during site startup. Cancelling site startup., DetailsLevel: ERR
2026-06-03T18:18:38.9412712Z State: Stopping, Action: StoppingSiteContainers, LastError: ImagePullFailure, LastErrorTimestamp: 06/03/2026 18:18:38, LastErrorDetails: Failed to pull image: ckmcc0522172320.azurecr.io/webapp-financeirax:app-only-20260531170503. Cannot resolve registry address. If VNET is enbaled, check if there's a custom DNS in the VNET that's not resolving the regitry address. Also check if it's blocked by policy or firewall, Details: Site container: app-financeirax01 terminated during site startup. Cancelling site startup., DetailsLevel: ERR
2026-06-03T18:18:38.9425148Z Site: app-financeirax01 stopped.
2026-06-03T18:19:03.289Z INFO  - Pulling image: ckmcc0522172320.azurecr.io/webapp-financeirax:app-only-20260531170503
2026-06-03T18:19:03.381Z ERROR - DockerApiException: Docker API responded with status code=InternalServerError, response={"message":"Get \"https://ckmcc0522172320.azurecr.io/v2/\": dial tcp: lookup ckmcc0522172320.azurecr.io: no such host"}

2026-06-03T18:19:03.382Z ERROR - Pulling docker image ckmcc0522172320.azurecr.io/webapp-financeirax:app-only-20260531170503 failed:
2026-06-03T18:19:03.421Z ERROR - DockerApiException: Docker API responded with status code=InternalServerError, response={"message":"Get \"https://ckmcc0522172320.azurecr.io/v2/\": dial tcp: lookup ckmcc0522172320.azurecr.io: no such host"}

2026-06-03T18:19:03.423Z WARN  - Image pull failed. Defaulting to local copy if present.
2026-06-03T18:19:03.426Z ERROR - Image pull failed: Verify docker image configuration and credentials (if using private repository)
2026-06-03T18:19:03.447Z INFO  - Stopping site app-financeirax01 because it failed during startup.
2026-06-03T18:19:11.002Z INFO  - Pulling image: ckmcc0522172320.azurecr.io/webapp-financeirax:app-only-20260531170503
2026-06-03T18:19:11.044Z ERROR - DockerApiException: Docker API responded with status code=InternalServerError, response={"message":"Get \"https://ckmcc0522172320.azurecr.io/v2/\": dial tcp: lookup ckmcc0522172320.azurecr.io: no such host"}

2026-06-03T18:19:11.046Z ERROR - Pulling docker image ckmcc0522172320.azurecr.io/webapp-financeirax:app-only-20260531170503 failed:
2026-06-03T18:19:11.102Z ERROR - DockerApiException: Docker API responded with status code=InternalServerError, response={"message":"Get \"https://ckmcc0522172320.azurecr.io/v2/\": dial tcp: lookup ckmcc0522172320.azurecr.io: no such host"}

2026-06-03T18:19:11.105Z WARN  - Image pull failed. Defaulting to local copy if present.
2026-06-03T18:19:11.112Z ERROR - Image pull failed: Verify docker image configuration and credentials (if using private repository)
2026-06-03T18:19:11.119Z INFO  - Stopping site app-financeirax01 because it failed during startup.
2026-06-03T18:19:22.348Z INFO  - Pulling image: ckmcc0522172320.azurecr.io/webapp-financeirax:app-only-20260531170503
2026-06-03T18:19:22.381Z ERROR - DockerApiException: Docker API responded with status code=InternalServerError, response={"message":"Get \"https://ckmcc0522172320.azurecr.io/v2/\": dial tcp: lookup ckmcc0522172320.azurecr.io: no such host"}

2026-06-03T18:19:22.389Z ERROR - Pulling docker image ckmcc0522172320.azurecr.io/webapp-financeirax:app-only-20260531170503 failed:
2026-06-03T18:19:22.419Z ERROR - DockerApiException: Docker API responded with status code=InternalServerError, response={"message":"Get \"https://ckmcc0522172320.azurecr.io/v2/\": dial tcp: lookup ckmcc0522172320.azurecr.io: no such host"}

2026-06-03T18:19:22.422Z WARN  - Image pull failed. Defaulting to local copy if present.
2026-06-03T18:19:22.431Z ERROR - Image pull failed: Verify docker image configuration and credentials (if using private repository)
2026-06-03T18:19:22.438Z INFO  - Stopping site app-financeirax01 because it failed during startup.
2026-06-03T18:19:34.796Z INFO  - Pulling image: ckmcc0522172320.azurecr.io/webapp-financeirax:app-only-20260531170503
2026-06-03T18:19:34.870Z ERROR - DockerApiException: Docker API responded with status code=InternalServerError, response={"message":"Get \"https://ckmcc0522172320.azurecr.io/v2/\": dial tcp: lookup ckmcc0522172320.azurecr.io: no such host"}

2026-06-03T18:19:34.872Z ERROR - Pulling docker image ckmcc0522172320.azurecr.io/webapp-financeirax:app-only-20260531170503 failed:
2026-06-03T18:19:34.920Z ERROR - DockerApiException: Docker API responded with status code=InternalServerError, response={"message":"Get \"https://ckmcc0522172320.azurecr.io/v2/\": dial tcp: lookup ckmcc0522172320.azurecr.io: no such host"}

2026-06-03T18:19:34.923Z WARN  - Image pull failed. Defaulting to local copy if present.
2026-06-03T18:19:34.930Z ERROR - Image pull failed: Verify docker image configuration and credentials (if using private repository)
2026-06-03T18:19:34.949Z INFO  - Stopping site app-financeirax01 because it failed during startup.
2026-06-03T18:21:35.968Z INFO  - Pulling image: ckmcc0522172320.azurecr.io/webapp-financeirax:app-only-20260531170503
2026-06-03T18:21:36.025Z ERROR - DockerApiException: Docker API responded with status code=InternalServerError, response={"message":"Get \"https://ckmcc0522172320.azurecr.io/v2/\": dial tcp: lookup ckmcc0522172320.azurecr.io: no such host"}

2026-06-03T18:21:36.026Z ERROR - Pulling docker image ckmcc0522172320.azurecr.io/webapp-financeirax:app-only-20260531170503 failed:
2026-06-03T18:21:36.087Z ERROR - DockerApiException: Docker API responded with status code=InternalServerError, response={"message":"Get \"https://ckmcc0522172320.azurecr.io/v2/\": dial tcp: lookup ckmcc0522172320.azurecr.io: no such host"}

2026-06-03T18:21:36.088Z WARN  - Image pull failed. Defaulting to local copy if present.
2026-06-03T18:21:36.093Z ERROR - Image pull failed: Verify docker image configuration and credentials (if using private repository)
2026-06-03T18:21:36.098Z INFO  - Stopping site app-financeirax01 because it failed during startup.
2026-06-03T18:24:06.863Z INFO  - Pulling image: ckmcc0522172320.azurecr.io/webapp-financeirax:app-only-20260531170503
2026-06-03T18:24:06.896Z ERROR - DockerApiException: Docker API responded with status code=InternalServerError, response={"message":"Get \"https://ckmcc0522172320.azurecr.io/v2/\": dial tcp: lookup ckmcc0522172320.azurecr.io: no such host"}

2026-06-03T18:24:06.897Z ERROR - Pulling docker image ckmcc0522172320.azurecr.io/webapp-financeirax:app-only-20260531170503 failed:
2026-06-03T18:24:06.926Z ERROR - DockerApiException: Docker API responded with status code=InternalServerError, response={"message":"Get \"https://ckmcc0522172320.azurecr.io/v2/\": dial tcp: lookup ckmcc0522172320.azurecr.io: no such host"}

2026-06-03T18:24:06.928Z WARN  - Image pull failed. Defaulting to local copy if present.
2026-06-03T18:24:06.948Z ERROR - Image pull failed: Verify docker image configuration and credentials (if using private repository)
2026-06-03T18:24:06.951Z INFO  - Stopping site app-financeirax01 because it failed during startup.
2026-06-03T18:26:37.492Z INFO  - Pulling image: ckmcc0522172320.azurecr.io/webapp-financeirax:app-only-20260531170503
2026-06-03T18:26:37.538Z ERROR - DockerApiException: Docker API responded with status code=InternalServerError, response={"message":"Get \"https://ckmcc0522172320.azurecr.io/v2/\": dial tcp: lookup ckmcc0522172320.azurecr.io: no such host"}

2026-06-03T18:26:37.540Z ERROR - Pulling docker image ckmcc0522172320.azurecr.io/webapp-financeirax:app-only-20260531170503 failed:
2026-06-03T18:26:37.607Z ERROR - DockerApiException: Docker API responded with status code=InternalServerError, response={"message":"Get \"https://ckmcc0522172320.azurecr.io/v2/\": dial tcp: lookup ckmcc0522172320.azurecr.io: no such host"}

2026-06-03T18:26:37.608Z WARN  - Image pull failed. Defaulting to local copy if present.
2026-06-03T18:26:37.611Z ERROR - Image pull failed: Verify docker image configuration and credentials (if using private repository)
2026-06-03T18:26:37.613Z INFO  - Stopping site app-financeirax01 because it failed during startup.
2026-06-03T18:30:11.465Z INFO  - Pulling image: ckmcc0522172320.azurecr.io/webapp-financeirax:app-only-20260531170503
2026-06-03T18:30:11.508Z ERROR - DockerApiException: Docker API responded with status code=InternalServerError, response={"message":"Get \"https://ckmcc0522172320.azurecr.io/v2/\": dial tcp: lookup ckmcc0522172320.azurecr.io: no such host"}

2026-06-03T18:30:11.509Z ERROR - Pulling docker image ckmcc0522172320.azurecr.io/webapp-financeirax:app-only-20260531170503 failed:
2026-06-03T18:30:11.535Z ERROR - DockerApiException: Docker API responded with status code=InternalServerError, response={"message":"Get \"https://ckmcc0522172320.azurecr.io/v2/\": dial tcp: lookup ckmcc0522172320.azurecr.io: no such host"}

2026-06-03T18:30:11.536Z WARN  - Image pull failed. Defaulting to local copy if present.
2026-06-03T18:30:11.539Z ERROR - Image pull failed: Verify docker image configuration and credentials (if using private repository)
2026-06-03T18:30:11.552Z INFO  - Stopping site app-financeirax01 because it failed during startup.
2026-06-03T18:36:23.407Z INFO  - Pulling image: ckmcc0522172320.azurecr.io/webapp-financeirax:app-only-20260531170503
2026-06-03T18:36:23.438Z ERROR - DockerApiException: Docker API responded with status code=InternalServerError, response={"message":"Get \"https://ckmcc0522172320.azurecr.io/v2/\": dial tcp: lookup ckmcc0522172320.azurecr.io: no such host"}

2026-06-03T18:36:23.440Z ERROR - Pulling docker image ckmcc0522172320.azurecr.io/webapp-financeirax:app-only-20260531170503 failed:
2026-06-03T18:36:23.471Z ERROR - DockerApiException: Docker API responded with status code=InternalServerError, response={"message":"Get \"https://ckmcc0522172320.azurecr.io/v2/\": dial tcp: lookup ckmcc0522172320.azurecr.io: no such host"}

2026-06-03T18:36:23.472Z WARN  - Image pull failed. Defaulting to local copy if present.
2026-06-03T18:36:23.476Z ERROR - Image pull failed: Verify docker image configuration and credentials (if using private repository)
2026-06-03T18:36:23.479Z INFO  - Stopping site app-financeirax01 because it failed during startup.
