2026-06-03T18:18:05.8335387Z     __ __          __      __    _ __     
2026-06-03T18:18:05.8394870Z    / //_/_  _ ____/ /_  __/ /   (_) /____ 
2026-06-03T18:18:05.8395271Z   / ,< / / / / __  / / / / /   / / __/ _  
2026-06-03T18:18:05.8395354Z  / /| / /_/ / /_/ / /_/ / /___/ / /_/  __/
2026-06-03T18:18:05.8395500Z /_/ |_\__,_/\__,_/\__,_/_____/_/\__/\___/ 
2026-06-03T18:18:05.8395565Z 
2026-06-03T18:18:05.8395730Z                                           
2026-06-03T18:18:05.8395790Z DEBUG CONSOLE | AZURE APP SERVICE ON LINUX
2026-06-03T18:18:05.8395835Z 
2026-06-03T18:18:05.8395888Z Documentation: http://aka.ms/webapp-linux
2026-06-03T18:18:05.8395943Z Kudu Version : 20260513.7
2026-06-03T18:18:05.8396003Z Commit       : b50d86d9b8573549200649bf549408e5bf953c23
2026-06-03T18:18:05.8396316Z Instance Name: 10-30-22-100
2026-06-03T18:18:05.8396456Z Instance Id  : 9c598b6dd274cc38ed128d84365459626394818ee891d207c4a3c43ad40d25a2
2026-06-03T18:18:05.8396510Z 
2026-06-03T18:18:06.4384730Z chown: changing ownership of '/temp': Operation not permitted
2026-06-03T18:18:06.4419366Z chmod: changing permissions of '/temp': Operation not permitted
2026-06-03T18:18:07.1177227Z Restarting OpenBSD Secure Shell server: sshd.
2026-06-03T18:18:07.1890922Z node not running, starting node /opt/webssh/index.js
2026-06-03T18:18:10.0685392Z Wed Jun 3 18:18:10 UTC 2026 running .net core
2026-06-03T18:18:10.5916604Z Startup : 06.18.10.582113
2026-06-03T18:18:10.6118514Z Configure Services : 06.18.10.611647
2026-06-03T18:18:10.7963030Z Configure : 06.18.10.796128
2026-06-03T18:18:10.9540266Z Setting Up Routes : 06.18.10.953835
2026-06-03T18:18:10.9763762Z Exiting Configure : 06.18.10.976109
2026-06-03T18:18:11.1897792Z Hosting environment: Production
2026-06-03T18:18:11.1902852Z Content root path: /opt/Kudu
2026-06-03T18:18:11.1906417Z Now listening on: http://0.0.0.0:8181
2026-06-03T18:18:11.1910654Z Application started. Press Ctrl+C to shut down.
