2026-06-02T20:13:32.4139822Z State: Starting, Action: EstablishingSiteNetworks, LastError: , LastErrorTimestamp: 01/01/0001 00:00:00, LastErrorDetails: , Details: , DetailsLevel: INFO
2026-06-02T20:13:33.6186892Z State: Starting, Action: StartingSiteContainers, LastError: , LastErrorTimestamp: 01/01/0001 00:00:00, LastErrorDetails: , Details: , DetailsLevel: INFO
2026-06-02T20:13:33.6262767Z Container start method called.
2026-06-02T20:13:33.6350259Z State: Starting, Action: PullingImage, LastError: , LastErrorTimestamp: 01/01/0001 00:00:00, LastErrorDetails: , Details: Pulling image ckmcc0522172320.azurecr.io/webapp-financeirax:app-only-20260531170503 for app-financeirax01., DetailsLevel: INFO
2026-06-02T20:13:33.6354136Z Establishing network.
2026-06-02T20:13:33.6358453Z Pulling image: ckmcc0522172320.azurecr.io/webapp-financeirax:app-only-20260531170503.
2026-06-02T20:13:46.2597594Z Container pull image failed with reason: ImagePullFailure. Revert by terminate.
2026-06-02T20:13:46.2635577Z Container is terminating. Grace period: 5 seconds.
2026-06-02T20:13:46.2646458Z Container spec TerminationMessagePolicy  path 
2026-06-02T20:13:46.2669910Z Container is terminated. Total time elapsed: 3 ms.
2026-06-02T20:13:46.2671804Z Site container: app-financeirax01 terminated during site startup.
2026-06-02T20:13:46.2682368Z State: Stopping, Action: CancellingStartup, LastError: , LastErrorTimestamp: 01/01/0001 00:00:00, LastErrorDetails: , Details: Site container: app-financeirax01 terminated during site startup. Cancelling site startup., DetailsLevel: ERR
2026-06-02T20:13:46.2771204Z State: Stopping, Action: CancellingStartup, LastError: ImagePullFailure, LastErrorTimestamp: 06/02/2026 20:13:46, LastErrorDetails: Failed to pull image: ckmcc0522172320.azurecr.io/webapp-financeirax:app-only-20260531170503. Cannot resolve registry address. If VNET is enbaled, check if there's a custom DNS in the VNET that's not resolving the regitry address. Also check if it's blocked by policy or firewall, Details: Site container: app-financeirax01 terminated during site startup. Cancelling site startup., DetailsLevel: ERR
2026-06-02T20:13:46.2818430Z Failed to start site. Revert by stopping site.
2026-06-02T20:13:46.2867305Z State: Stopping, Action: StoppingSite, LastError: ImagePullFailure, LastErrorTimestamp: 06/02/2026 20:13:46, LastErrorDetails: Failed to pull image: ckmcc0522172320.azurecr.io/webapp-financeirax:app-only-20260531170503. Cannot resolve registry address. If VNET is enbaled, check if there's a custom DNS in the VNET that's not resolving the regitry address. Also check if it's blocked by policy or firewall, Details: Site container: app-financeirax01 terminated during site startup. Cancelling site startup., DetailsLevel: ERR
2026-06-02T20:13:46.2889831Z State: Stopping, Action: StoppingSiteContainers, LastError: ImagePullFailure, LastErrorTimestamp: 06/02/2026 20:13:46, LastErrorDetails: Failed to pull image: ckmcc0522172320.azurecr.io/webapp-financeirax:app-only-20260531170503. Cannot resolve registry address. If VNET is enbaled, check if there's a custom DNS in the VNET that's not resolving the regitry address. Also check if it's blocked by policy or firewall, Details: Site container: app-financeirax01 terminated during site startup. Cancelling site startup., DetailsLevel: ERR
2026-06-02T20:13:46.2906706Z Site: app-financeirax01 stopped.
2026-06-02T20:14:13.535Z INFO  - Pulling image: ckmcc0522172320.azurecr.io/webapp-financeirax:app-only-20260531170503
2026-06-02T20:14:13.577Z ERROR - DockerApiException: Docker API responded with status code=InternalServerError, response={"message":"Get \"https://ckmcc0522172320.azurecr.io/v2/\": dial tcp: lookup ckmcc0522172320.azurecr.io: no such host"}

2026-06-02T20:14:13.578Z ERROR - Pulling docker image ckmcc0522172320.azurecr.io/webapp-financeirax:app-only-20260531170503 failed:
2026-06-02T20:14:13.611Z ERROR - DockerApiException: Docker API responded with status code=InternalServerError, response={"message":"Get \"https://ckmcc0522172320.azurecr.io/v2/\": dial tcp: lookup ckmcc0522172320.azurecr.io: no such host"}

2026-06-02T20:14:13.613Z WARN  - Image pull failed. Defaulting to local copy if present.
2026-06-02T20:14:13.616Z ERROR - Image pull failed: Verify docker image configuration and credentials (if using private repository)
2026-06-02T20:14:13.642Z INFO  - Stopping site app-financeirax01 because it failed during startup.
2026-06-02T20:14:24.279Z INFO  - Pulling image: ckmcc0522172320.azurecr.io/webapp-financeirax:app-only-20260531170503
2026-06-02T20:14:24.306Z ERROR - DockerApiException: Docker API responded with status code=InternalServerError, response={"message":"Get \"https://ckmcc0522172320.azurecr.io/v2/\": dial tcp: lookup ckmcc0522172320.azurecr.io: no such host"}

2026-06-02T20:14:24.307Z ERROR - Pulling docker image ckmcc0522172320.azurecr.io/webapp-financeirax:app-only-20260531170503 failed:
2026-06-02T20:14:24.355Z ERROR - DockerApiException: Docker API responded with status code=InternalServerError, response={"message":"Get \"https://ckmcc0522172320.azurecr.io/v2/\": dial tcp: lookup ckmcc0522172320.azurecr.io: no such host"}

2026-06-02T20:14:24.356Z WARN  - Image pull failed. Defaulting to local copy if present.
2026-06-02T20:14:24.360Z ERROR - Image pull failed: Verify docker image configuration and credentials (if using private repository)
2026-06-02T20:14:24.363Z INFO  - Stopping site app-financeirax01 because it failed during startup.
2026-06-02T20:14:37.586Z INFO  - Pulling image: ckmcc0522172320.azurecr.io/webapp-financeirax:app-only-20260531170503
2026-06-02T20:14:37.619Z ERROR - DockerApiException: Docker API responded with status code=InternalServerError, response={"message":"Get \"https://ckmcc0522172320.azurecr.io/v2/\": dial tcp: lookup ckmcc0522172320.azurecr.io: no such host"}

2026-06-02T20:14:37.620Z ERROR - Pulling docker image ckmcc0522172320.azurecr.io/webapp-financeirax:app-only-20260531170503 failed:
2026-06-02T20:14:37.651Z ERROR - DockerApiException: Docker API responded with status code=InternalServerError, response={"message":"Get \"https://ckmcc0522172320.azurecr.io/v2/\": dial tcp: lookup ckmcc0522172320.azurecr.io: no such host"}

2026-06-02T20:14:37.652Z WARN  - Image pull failed. Defaulting to local copy if present.
2026-06-02T20:14:37.656Z ERROR - Image pull failed: Verify docker image configuration and credentials (if using private repository)
2026-06-02T20:14:37.662Z INFO  - Stopping site app-financeirax01 because it failed during startup.
2026-06-02T20:14:48.246Z INFO  - Pulling image: ckmcc0522172320.azurecr.io/webapp-financeirax:app-only-20260531170503
2026-06-02T20:14:48.288Z ERROR - DockerApiException: Docker API responded with status code=InternalServerError, response={"message":"Get \"https://ckmcc0522172320.azurecr.io/v2/\": dial tcp: lookup ckmcc0522172320.azurecr.io: no such host"}

2026-06-02T20:14:48.291Z ERROR - Pulling docker image ckmcc0522172320.azurecr.io/webapp-financeirax:app-only-20260531170503 failed:
2026-06-02T20:14:48.348Z ERROR - DockerApiException: Docker API responded with status code=InternalServerError, response={"message":"Get \"https://ckmcc0522172320.azurecr.io/v2/\": dial tcp: lookup ckmcc0522172320.azurecr.io: no such host"}

2026-06-02T20:14:48.350Z WARN  - Image pull failed. Defaulting to local copy if present.
2026-06-02T20:14:48.358Z ERROR - Image pull failed: Verify docker image configuration and credentials (if using private repository)
2026-06-02T20:14:48.365Z INFO  - Stopping site app-financeirax01 because it failed during startup.
2026-06-02T20:17:22.369Z INFO  - Pulling image: ckmcc0522172320.azurecr.io/webapp-financeirax:app-only-20260531170503
2026-06-02T20:17:22.399Z ERROR - DockerApiException: Docker API responded with status code=InternalServerError, response={"message":"Get \"https://ckmcc0522172320.azurecr.io/v2/\": dial tcp: lookup ckmcc0522172320.azurecr.io: no such host"}

2026-06-02T20:17:22.400Z ERROR - Pulling docker image ckmcc0522172320.azurecr.io/webapp-financeirax:app-only-20260531170503 failed:
2026-06-02T20:17:22.436Z ERROR - DockerApiException: Docker API responded with status code=InternalServerError, response={"message":"Get \"https://ckmcc0522172320.azurecr.io/v2/\": dial tcp: lookup ckmcc0522172320.azurecr.io: no such host"}

2026-06-02T20:17:22.437Z WARN  - Image pull failed. Defaulting to local copy if present.
2026-06-02T20:17:22.440Z ERROR - Image pull failed: Verify docker image configuration and credentials (if using private repository)
2026-06-02T20:17:22.447Z INFO  - Stopping site app-financeirax01 because it failed during startup.
2026-06-02T20:19:48.0085379Z State: Starting, Action: EstablishingSiteNetworks, LastError: , LastErrorTimestamp: 01/01/0001 00:00:00, LastErrorDetails: , Details: , DetailsLevel: INFO
2026-06-02T20:19:48.9647563Z State: Starting, Action: StartingSiteContainers, LastError: , LastErrorTimestamp: 01/01/0001 00:00:00, LastErrorDetails: , Details: , DetailsLevel: INFO
2026-06-02T20:19:48.9649426Z Container start method called.
2026-06-02T20:19:48.9650132Z State: Starting, Action: PullingImage, LastError: , LastErrorTimestamp: 01/01/0001 00:00:00, LastErrorDetails: , Details: Pulling image ckmcc0522172320.azurecr.io/webapp-financeirax:app-only-20260531170503 for app-financeirax01., DetailsLevel: INFO
2026-06-02T20:19:48.9667465Z Establishing network.
2026-06-02T20:19:48.9668847Z Pulling image: ckmcc0522172320.azurecr.io/webapp-financeirax:app-only-20260531170503.
2026-06-02T20:20:02.0612837Z Container pull image failed with reason: ImagePullFailure. Revert by terminate.
2026-06-02T20:20:02.0630640Z Container is terminating. Grace period: 5 seconds.
2026-06-02T20:20:02.0633495Z Container spec TerminationMessagePolicy  path 
2026-06-02T20:20:02.0635323Z Container is terminated. Total time elapsed: 0 ms.
2026-06-02T20:20:02.0638992Z Site container: app-financeirax01 terminated during site startup.
2026-06-02T20:20:02.0641448Z State: Stopping, Action: CancellingStartup, LastError: , LastErrorTimestamp: 01/01/0001 00:00:00, LastErrorDetails: , Details: Site container: app-financeirax01 terminated during site startup. Cancelling site startup., DetailsLevel: ERR
2026-06-02T20:20:02.0669879Z State: Stopping, Action: CancellingStartup, LastError: ImagePullFailure, LastErrorTimestamp: 06/02/2026 20:20:02, LastErrorDetails: Failed to pull image: ckmcc0522172320.azurecr.io/webapp-financeirax:app-only-20260531170503. Cannot resolve registry address. If VNET is enbaled, check if there's a custom DNS in the VNET that's not resolving the regitry address. Also check if it's blocked by policy or firewall, Details: Site container: app-financeirax01 terminated during site startup. Cancelling site startup., DetailsLevel: ERR
2026-06-02T20:20:02.0709958Z Failed to start site. Revert by stopping site.
2026-06-02T20:20:02.0711966Z State: Stopping, Action: StoppingSite, LastError: ImagePullFailure, LastErrorTimestamp: 06/02/2026 20:20:02, LastErrorDetails: Failed to pull image: ckmcc0522172320.azurecr.io/webapp-financeirax:app-only-20260531170503. Cannot resolve registry address. If VNET is enbaled, check if there's a custom DNS in the VNET that's not resolving the regitry address. Also check if it's blocked by policy or firewall, Details: Site container: app-financeirax01 terminated during site startup. Cancelling site startup., DetailsLevel: ERR
2026-06-02T20:20:02.0719010Z State: Stopping, Action: StoppingSiteContainers, LastError: ImagePullFailure, LastErrorTimestamp: 06/02/2026 20:20:02, LastErrorDetails: Failed to pull image: ckmcc0522172320.azurecr.io/webapp-financeirax:app-only-20260531170503. Cannot resolve registry address. If VNET is enbaled, check if there's a custom DNS in the VNET that's not resolving the regitry address. Also check if it's blocked by policy or firewall, Details: Site container: app-financeirax01 terminated during site startup. Cancelling site startup., DetailsLevel: ERR
2026-06-02T20:20:02.0722915Z Site: app-financeirax01 stopped.
2026-06-02T20:20:02.0797505Z State: Stopping, Action: UnmountingVolumes, LastError: ImagePullFailure, LastErrorTimestamp: 06/02/2026 20:20:02, LastErrorDetails: Failed to pull image: ckmcc0522172320.azurecr.io/webapp-financeirax:app-only-20260531170503. Cannot resolve registry address. If VNET is enbaled, check if there's a custom DNS in the VNET that's not resolving the regitry address. Also check if it's blocked by policy or firewall, Details: Site container: app-financeirax01 terminated during site startup. Cancelling site startup., DetailsLevel: ERR
2026-06-02T20:20:02.1349696Z State: Stopping, Action: StoppingSiteNetworks, LastError: ImagePullFailure, LastErrorTimestamp: 06/02/2026 20:20:02, LastErrorDetails: Failed to pull image: ckmcc0522172320.azurecr.io/webapp-financeirax:app-only-20260531170503. Cannot resolve registry address. If VNET is enbaled, check if there's a custom DNS in the VNET that's not resolving the regitry address. Also check if it's blocked by policy or firewall, Details: Site container: app-financeirax01 terminated during site startup. Cancelling site startup., DetailsLevel: ERR
2026-06-02T20:20:02.3675988Z State: Stopped, Action: None, LastError: ImagePullFailure, LastErrorTimestamp: 06/02/2026 20:20:02, LastErrorDetails: Failed to pull image: ckmcc0522172320.azurecr.io/webapp-financeirax:app-only-20260531170503. Cannot resolve registry address. If VNET is enbaled, check if there's a custom DNS in the VNET that's not resolving the regitry address. Also check if it's blocked by policy or firewall, Details: Site stopped at 06/02/2026 20:20:02 (UTC), DetailsLevel: ERR
2026-06-02T20:20:02.5273426Z State: Stopped, Action: None, LastError: ImagePullFailure, LastErrorTimestamp: 06/02/2026 20:20:02, LastErrorDetails: Failed to pull image: ckmcc0522172320.azurecr.io/webapp-financeirax:app-only-20260531170503. Cannot resolve registry address. If VNET is enbaled, check if there's a custom DNS in the VNET that's not resolving the regitry address. Also check if it's blocked by policy or firewall, Details: Site stopped at 06/02/2026 20:20:02 (UTC), DetailsLevel: ERR
2026-06-02T20:20:07.7769433Z State: Starting, Action: EstablishingSiteNetworks, LastError: ImagePullFailure, LastErrorTimestamp: 06/02/2026 20:20:02, LastErrorDetails: Failed to pull image: ckmcc0522172320.azurecr.io/webapp-financeirax:app-only-20260531170503. Cannot resolve registry address. If VNET is enbaled, check if there's a custom DNS in the VNET that's not resolving the regitry address. Also check if it's blocked by policy or firewall, Details: Site stopped at 06/02/2026 20:20:02 (UTC), DetailsLevel: ERR
2026-06-02T20:20:08.2786608Z State: Starting, Action: StartingSiteContainers, LastError: ImagePullFailure, LastErrorTimestamp: 06/02/2026 20:20:02, LastErrorDetails: Failed to pull image: ckmcc0522172320.azurecr.io/webapp-financeirax:app-only-20260531170503. Cannot resolve registry address. If VNET is enbaled, check if there's a custom DNS in the VNET that's not resolving the regitry address. Also check if it's blocked by policy or firewall, Details: Site stopped at 06/02/2026 20:20:02 (UTC), DetailsLevel: ERR
2026-06-02T20:20:08.2788107Z Container start method called.
2026-06-02T20:20:08.2788607Z State: Starting, Action: PullingImage, LastError: ImagePullFailure, LastErrorTimestamp: 06/02/2026 20:20:02, LastErrorDetails: Failed to pull image: ckmcc0522172320.azurecr.io/webapp-financeirax:app-only-20260531170503. Cannot resolve registry address. If VNET is enbaled, check if there's a custom DNS in the VNET that's not resolving the regitry address. Also check if it's blocked by policy or firewall, Details: Pulling image ckmcc0522172320.azurecr.io/webapp-financeirax:app-only-20260531170503 for app-financeirax01., DetailsLevel: INFO
2026-06-02T20:20:08.2789732Z Establishing network.
2026-06-02T20:20:08.2790975Z Pulling image: ckmcc0522172320.azurecr.io/webapp-financeirax:app-only-20260531170503.
2026-06-02T20:20:20.7332669Z Container pull image failed with reason: ImagePullFailure. Revert by terminate.
2026-06-02T20:20:20.7333902Z Container is terminating. Grace period: 5 seconds.
2026-06-02T20:20:20.7334647Z Container spec TerminationMessagePolicy  path 
2026-06-02T20:20:20.7335469Z Container is terminated. Total time elapsed: 0 ms.
2026-06-02T20:20:20.7336196Z Site container: app-financeirax01 terminated during site startup.
2026-06-02T20:20:20.7337049Z State: Stopping, Action: CancellingStartup, LastError: ImagePullFailure, LastErrorTimestamp: 06/02/2026 20:20:02, LastErrorDetails: Failed to pull image: ckmcc0522172320.azurecr.io/webapp-financeirax:app-only-20260531170503. Cannot resolve registry address. If VNET is enbaled, check if there's a custom DNS in the VNET that's not resolving the regitry address. Also check if it's blocked by policy or firewall, Details: Site container: app-financeirax01 terminated during site startup. Cancelling site startup., DetailsLevel: ERR
2026-06-02T20:20:20.7369050Z State: Stopping, Action: CancellingStartup, LastError: ImagePullFailure, LastErrorTimestamp: 06/02/2026 20:20:20, LastErrorDetails: Failed to pull image: ckmcc0522172320.azurecr.io/webapp-financeirax:app-only-20260531170503. Cannot resolve registry address. If VNET is enbaled, check if there's a custom DNS in the VNET that's not resolving the regitry address. Also check if it's blocked by policy or firewall, Details: Site container: app-financeirax01 terminated during site startup. Cancelling site startup., DetailsLevel: ERR
2026-06-02T20:20:20.7415833Z Failed to start site. Revert by stopping site.
2026-06-02T20:20:20.7421776Z State: Stopping, Action: StoppingSite, LastError: ImagePullFailure, LastErrorTimestamp: 06/02/2026 20:20:20, LastErrorDetails: Failed to pull image: ckmcc0522172320.azurecr.io/webapp-financeirax:app-only-20260531170503. Cannot resolve registry address. If VNET is enbaled, check if there's a custom DNS in the VNET that's not resolving the regitry address. Also check if it's blocked by policy or firewall, Details: Site container: app-financeirax01 terminated during site startup. Cancelling site startup., DetailsLevel: ERR
2026-06-02T20:20:20.7429545Z State: Stopping, Action: StoppingSiteContainers, LastError: ImagePullFailure, LastErrorTimestamp: 06/02/2026 20:20:20, LastErrorDetails: Failed to pull image: ckmcc0522172320.azurecr.io/webapp-financeirax:app-only-20260531170503. Cannot resolve registry address. If VNET is enbaled, check if there's a custom DNS in the VNET that's not resolving the regitry address. Also check if it's blocked by policy or firewall, Details: Site container: app-financeirax01 terminated during site startup. Cancelling site startup., DetailsLevel: ERR
2026-06-02T20:20:20.7429807Z Site: app-financeirax01 stopped.
2026-06-02T20:20:20.7593419Z State: Stopping, Action: UnmountingVolumes, LastError: ImagePullFailure, LastErrorTimestamp: 06/02/2026 20:20:20, LastErrorDetails: Failed to pull image: ckmcc0522172320.azurecr.io/webapp-financeirax:app-only-20260531170503. Cannot resolve registry address. If VNET is enbaled, check if there's a custom DNS in the VNET that's not resolving the regitry address. Also check if it's blocked by policy or firewall, Details: Site container: app-financeirax01 terminated during site startup. Cancelling site startup., DetailsLevel: ERR
2026-06-02T20:20:20.8195399Z State: Stopping, Action: StoppingSiteNetworks, LastError: ImagePullFailure, LastErrorTimestamp: 06/02/2026 20:20:20, LastErrorDetails: Failed to pull image: ckmcc0522172320.azurecr.io/webapp-financeirax:app-only-20260531170503. Cannot resolve registry address. If VNET is enbaled, check if there's a custom DNS in the VNET that's not resolving the regitry address. Also check if it's blocked by policy or firewall, Details: Site container: app-financeirax01 terminated during site startup. Cancelling site startup., DetailsLevel: ERR
2026-06-02T20:20:21.0655627Z Site: app-financeirax01 will be blocked for 1 minutes till 06/02/2026 20:21:21
2026-06-02T20:20:21.0657705Z State: Blocked, Action: StoppingSiteNetworks, LastError: ImagePullFailure, LastErrorTimestamp: 06/02/2026 20:20:20, LastErrorDetails: Failed to pull image: ckmcc0522172320.azurecr.io/webapp-financeirax:app-only-20260531170503. Cannot resolve registry address. If VNET is enbaled, check if there's a custom DNS in the VNET that's not resolving the regitry address. Also check if it's blocked by policy or firewall, Details: Site: app-financeirax01 will be blocked for 1 minutes till 06/02/2026 20:21:21, DetailsLevel: WARN
2026-06-02T20:20:21.0719563Z State: Stopped, Action: None, LastError: ImagePullFailure, LastErrorTimestamp: 06/02/2026 20:20:20, LastErrorDetails: Failed to pull image: ckmcc0522172320.azurecr.io/webapp-financeirax:app-only-20260531170503. Cannot resolve registry address. If VNET is enbaled, check if there's a custom DNS in the VNET that's not resolving the regitry address. Also check if it's blocked by policy or firewall, Details: Site stopped at 06/02/2026 20:20:21 (UTC), DetailsLevel: WARN
2026-06-02T20:20:21.1749827Z State: Stopped, Action: None, LastError: ImagePullFailure, LastErrorTimestamp: 06/02/2026 20:20:20, LastErrorDetails: Failed to pull image: ckmcc0522172320.azurecr.io/webapp-financeirax:app-only-20260531170503. Cannot resolve registry address. If VNET is enbaled, check if there's a custom DNS in the VNET that's not resolving the regitry address. Also check if it's blocked by policy or firewall, Details: Site stopped at 06/02/2026 20:20:21 (UTC), DetailsLevel: WARN
2026-06-02T20:20:26.1994945Z State: Blocked, Action: None, LastError: ImagePullFailure, LastErrorTimestamp: 06/02/2026 20:20:20, LastErrorDetails: Failed to pull image: ckmcc0522172320.azurecr.io/webapp-financeirax:app-only-20260531170503. Cannot resolve registry address. If VNET is enbaled, check if there's a custom DNS in the VNET that's not resolving the regitry address. Also check if it's blocked by policy or firewall, Details: Site is blocked due to multiple, consecutive cold start failures. Site scheduled to be unblocked at 06/02/2026 20:21:21, DetailsLevel: WARN
2026-06-02T20:20:26.1995431Z Start site prohibitted because the site is being blocked.
2026-06-02T20:20:31.2504940Z State: Blocked, Action: None, LastError: ImagePullFailure, LastErrorTimestamp: 06/02/2026 20:20:20, LastErrorDetails: Failed to pull image: ckmcc0522172320.azurecr.io/webapp-financeirax:app-only-20260531170503. Cannot resolve registry address. If VNET is enbaled, check if there's a custom DNS in the VNET that's not resolving the regitry address. Also check if it's blocked by policy or firewall, Details: Site is blocked due to multiple, consecutive cold start failures. Site scheduled to be unblocked at 06/02/2026 20:21:21, DetailsLevel: WARN
2026-06-02T20:20:31.2505367Z Start site prohibitted because the site is being blocked.
2026-06-02T20:20:36.3002646Z State: Blocked, Action: None, LastError: ImagePullFailure, LastErrorTimestamp: 06/02/2026 20:20:20, LastErrorDetails: Failed to pull image: ckmcc0522172320.azurecr.io/webapp-financeirax:app-only-20260531170503. Cannot resolve registry address. If VNET is enbaled, check if there's a custom DNS in the VNET that's not resolving the regitry address. Also check if it's blocked by policy or firewall, Details: Site is blocked due to multiple, consecutive cold start failures. Site scheduled to be unblocked at 06/02/2026 20:21:21, DetailsLevel: WARN
2026-06-02T20:20:36.3003007Z Start site prohibitted because the site is being blocked.
2026-06-02T20:20:41.3666916Z State: Blocked, Action: None, LastError: ImagePullFailure, LastErrorTimestamp: 06/02/2026 20:20:20, LastErrorDetails: Failed to pull image: ckmcc0522172320.azurecr.io/webapp-financeirax:app-only-20260531170503. Cannot resolve registry address. If VNET is enbaled, check if there's a custom DNS in the VNET that's not resolving the regitry address. Also check if it's blocked by policy or firewall, Details: Site is blocked due to multiple, consecutive cold start failures. Site scheduled to be unblocked at 06/02/2026 20:21:21, DetailsLevel: WARN
2026-06-02T20:20:41.3667268Z Start site prohibitted because the site is being blocked.
2026-06-02T20:20:46.4061920Z State: Blocked, Action: None, LastError: ImagePullFailure, LastErrorTimestamp: 06/02/2026 20:20:20, LastErrorDetails: Failed to pull image: ckmcc0522172320.azurecr.io/webapp-financeirax:app-only-20260531170503. Cannot resolve registry address. If VNET is enbaled, check if there's a custom DNS in the VNET that's not resolving the regitry address. Also check if it's blocked by policy or firewall, Details: Site is blocked due to multiple, consecutive cold start failures. Site scheduled to be unblocked at 06/02/2026 20:21:21, DetailsLevel: WARN
2026-06-02T20:20:46.4063087Z Start site prohibitted because the site is being blocked.
2026-06-02T20:20:51.4957328Z State: Blocked, Action: None, LastError: ImagePullFailure, LastErrorTimestamp: 06/02/2026 20:20:20, LastErrorDetails: Failed to pull image: ckmcc0522172320.azurecr.io/webapp-financeirax:app-only-20260531170503. Cannot resolve registry address. If VNET is enbaled, check if there's a custom DNS in the VNET that's not resolving the regitry address. Also check if it's blocked by policy or firewall, Details: Site is blocked due to multiple, consecutive cold start failures. Site scheduled to be unblocked at 06/02/2026 20:21:21, DetailsLevel: WARN
2026-06-02T20:20:51.4957681Z Start site prohibitted because the site is being blocked.
2026-06-02T20:20:56.5532618Z State: Blocked, Action: None, LastError: ImagePullFailure, LastErrorTimestamp: 06/02/2026 20:20:20, LastErrorDetails: Failed to pull image: ckmcc0522172320.azurecr.io/webapp-financeirax:app-only-20260531170503. Cannot resolve registry address. If VNET is enbaled, check if there's a custom DNS in the VNET that's not resolving the regitry address. Also check if it's blocked by policy or firewall, Details: Site is blocked due to multiple, consecutive cold start failures. Site scheduled to be unblocked at 06/02/2026 20:21:21, DetailsLevel: WARN
2026-06-02T20:20:56.5532866Z Start site prohibitted because the site is being blocked.
2026-06-02T20:21:01.6095210Z State: Blocked, Action: None, LastError: ImagePullFailure, LastErrorTimestamp: 06/02/2026 20:20:20, LastErrorDetails: Failed to pull image: ckmcc0522172320.azurecr.io/webapp-financeirax:app-only-20260531170503. Cannot resolve registry address. If VNET is enbaled, check if there's a custom DNS in the VNET that's not resolving the regitry address. Also check if it's blocked by policy or firewall, Details: Site is blocked due to multiple, consecutive cold start failures. Site scheduled to be unblocked at 06/02/2026 20:21:21, DetailsLevel: WARN
2026-06-02T20:21:01.6103839Z Start site prohibitted because the site is being blocked.
2026-06-02T20:21:06.6686726Z State: Blocked, Action: None, LastError: ImagePullFailure, LastErrorTimestamp: 06/02/2026 20:20:20, LastErrorDetails: Failed to pull image: ckmcc0522172320.azurecr.io/webapp-financeirax:app-only-20260531170503. Cannot resolve registry address. If VNET is enbaled, check if there's a custom DNS in the VNET that's not resolving the regitry address. Also check if it's blocked by policy or firewall, Details: Site is blocked due to multiple, consecutive cold start failures. Site scheduled to be unblocked at 06/02/2026 20:21:21, DetailsLevel: WARN
2026-06-02T20:21:06.6687025Z Start site prohibitted because the site is being blocked.
2026-06-02T20:21:11.7148919Z State: Blocked, Action: None, LastError: ImagePullFailure, LastErrorTimestamp: 06/02/2026 20:20:20, LastErrorDetails: Failed to pull image: ckmcc0522172320.azurecr.io/webapp-financeirax:app-only-20260531170503. Cannot resolve registry address. If VNET is enbaled, check if there's a custom DNS in the VNET that's not resolving the regitry address. Also check if it's blocked by policy or firewall, Details: Site is blocked due to multiple, consecutive cold start failures. Site scheduled to be unblocked at 06/02/2026 20:21:21, DetailsLevel: WARN
2026-06-02T20:21:11.7149238Z Start site prohibitted because the site is being blocked.
2026-06-02T20:21:16.7675462Z State: Blocked, Action: None, LastError: ImagePullFailure, LastErrorTimestamp: 06/02/2026 20:20:20, LastErrorDetails: Failed to pull image: ckmcc0522172320.azurecr.io/webapp-financeirax:app-only-20260531170503. Cannot resolve registry address. If VNET is enbaled, check if there's a custom DNS in the VNET that's not resolving the regitry address. Also check if it's blocked by policy or firewall, Details: Site is blocked due to multiple, consecutive cold start failures. Site scheduled to be unblocked at 06/02/2026 20:21:21, DetailsLevel: WARN
2026-06-02T20:21:16.7675740Z Start site prohibitted because the site is being blocked.
2026-06-02T20:21:21.0672206Z Site: app-financeirax01 is unblocked.
2026-06-02T20:21:21.8313567Z State: Starting, Action: EstablishingSiteNetworks, LastError: ImagePullFailure, LastErrorTimestamp: 06/02/2026 20:20:20, LastErrorDetails: Failed to pull image: ckmcc0522172320.azurecr.io/webapp-financeirax:app-only-20260531170503. Cannot resolve registry address. If VNET is enbaled, check if there's a custom DNS in the VNET that's not resolving the regitry address. Also check if it's blocked by policy or firewall, Details: Site is blocked due to multiple, consecutive cold start failures. Site scheduled to be unblocked at 06/02/2026 20:21:21, DetailsLevel: WARN
2026-06-02T20:21:22.3163468Z State: Starting, Action: StartingSiteContainers, LastError: ImagePullFailure, LastErrorTimestamp: 06/02/2026 20:20:20, LastErrorDetails: Failed to pull image: ckmcc0522172320.azurecr.io/webapp-financeirax:app-only-20260531170503. Cannot resolve registry address. If VNET is enbaled, check if there's a custom DNS in the VNET that's not resolving the regitry address. Also check if it's blocked by policy or firewall, Details: Site is blocked due to multiple, consecutive cold start failures. Site scheduled to be unblocked at 06/02/2026 20:21:21, DetailsLevel: WARN
2026-06-02T20:21:22.3164897Z Container start method called.
2026-06-02T20:21:22.3165482Z State: Starting, Action: PullingImage, LastError: ImagePullFailure, LastErrorTimestamp: 06/02/2026 20:20:20, LastErrorDetails: Failed to pull image: ckmcc0522172320.azurecr.io/webapp-financeirax:app-only-20260531170503. Cannot resolve registry address. If VNET is enbaled, check if there's a custom DNS in the VNET that's not resolving the regitry address. Also check if it's blocked by policy or firewall, Details: Pulling image ckmcc0522172320.azurecr.io/webapp-financeirax:app-only-20260531170503 for app-financeirax01., DetailsLevel: INFO
2026-06-02T20:21:22.3166650Z Establishing network.
2026-06-02T20:21:22.3168114Z Pulling image: ckmcc0522172320.azurecr.io/webapp-financeirax:app-only-20260531170503.
2026-06-02T20:21:34.7765054Z Container pull image failed with reason: ImagePullFailure. Revert by terminate.
2026-06-02T20:21:34.7774665Z Container is terminating. Grace period: 5 seconds.
2026-06-02T20:21:34.7778997Z Container spec TerminationMessagePolicy  path 
2026-06-02T20:21:34.7783337Z Container is terminated. Total time elapsed: 0 ms.
2026-06-02T20:21:34.7787598Z Site container: app-financeirax01 terminated during site startup.
2026-06-02T20:21:34.7791696Z State: Stopping, Action: CancellingStartup, LastError: ImagePullFailure, LastErrorTimestamp: 06/02/2026 20:20:20, LastErrorDetails: Failed to pull image: ckmcc0522172320.azurecr.io/webapp-financeirax:app-only-20260531170503. Cannot resolve registry address. If VNET is enbaled, check if there's a custom DNS in the VNET that's not resolving the regitry address. Also check if it's blocked by policy or firewall, Details: Site container: app-financeirax01 terminated during site startup. Cancelling site startup., DetailsLevel: ERR
2026-06-02T20:21:34.7812939Z State: Stopping, Action: CancellingStartup, LastError: ImagePullFailure, LastErrorTimestamp: 06/02/2026 20:21:34, LastErrorDetails: Failed to pull image: ckmcc0522172320.azurecr.io/webapp-financeirax:app-only-20260531170503. Cannot resolve registry address. If VNET is enbaled, check if there's a custom DNS in the VNET that's not resolving the regitry address. Also check if it's blocked by policy or firewall, Details: Site container: app-financeirax01 terminated during site startup. Cancelling site startup., DetailsLevel: ERR
2026-06-02T20:21:34.7858374Z Failed to start site. Revert by stopping site.
2026-06-02T20:21:34.7867383Z State: Stopping, Action: StoppingSite, LastError: ImagePullFailure, LastErrorTimestamp: 06/02/2026 20:21:34, LastErrorDetails: Failed to pull image: ckmcc0522172320.azurecr.io/webapp-financeirax:app-only-20260531170503. Cannot resolve registry address. If VNET is enbaled, check if there's a custom DNS in the VNET that's not resolving the regitry address. Also check if it's blocked by policy or firewall, Details: Site container: app-financeirax01 terminated during site startup. Cancelling site startup., DetailsLevel: ERR
2026-06-02T20:21:34.7877222Z State: Stopping, Action: StoppingSiteContainers, LastError: ImagePullFailure, LastErrorTimestamp: 06/02/2026 20:21:34, LastErrorDetails: Failed to pull image: ckmcc0522172320.azurecr.io/webapp-financeirax:app-only-20260531170503. Cannot resolve registry address. If VNET is enbaled, check if there's a custom DNS in the VNET that's not resolving the regitry address. Also check if it's blocked by policy or firewall, Details: Site container: app-financeirax01 terminated during site startup. Cancelling site startup., DetailsLevel: ERR
2026-06-02T20:21:34.7877433Z Site: app-financeirax01 stopped.
2026-06-02T20:21:34.7968653Z State: Stopping, Action: UnmountingVolumes, LastError: ImagePullFailure, LastErrorTimestamp: 06/02/2026 20:21:34, LastErrorDetails: Failed to pull image: ckmcc0522172320.azurecr.io/webapp-financeirax:app-only-20260531170503. Cannot resolve registry address. If VNET is enbaled, check if there's a custom DNS in the VNET that's not resolving the regitry address. Also check if it's blocked by policy or firewall, Details: Site container: app-financeirax01 terminated during site startup. Cancelling site startup., DetailsLevel: ERR
2026-06-02T20:21:34.8522225Z State: Stopping, Action: StoppingSiteNetworks, LastError: ImagePullFailure, LastErrorTimestamp: 06/02/2026 20:21:34, LastErrorDetails: Failed to pull image: ckmcc0522172320.azurecr.io/webapp-financeirax:app-only-20260531170503. Cannot resolve registry address. If VNET is enbaled, check if there's a custom DNS in the VNET that's not resolving the regitry address. Also check if it's blocked by policy or firewall, Details: Site container: app-financeirax01 terminated during site startup. Cancelling site startup., DetailsLevel: ERR
2026-06-02T20:21:35.0678423Z Site: app-financeirax01 will be blocked for 1 minutes till 06/02/2026 20:22:35
2026-06-02T20:21:35.0682171Z State: Blocked, Action: StoppingSiteNetworks, LastError: ImagePullFailure, LastErrorTimestamp: 06/02/2026 20:21:34, LastErrorDetails: Failed to pull image: ckmcc0522172320.azurecr.io/webapp-financeirax:app-only-20260531170503. Cannot resolve registry address. If VNET is enbaled, check if there's a custom DNS in the VNET that's not resolving the regitry address. Also check if it's blocked by policy or firewall, Details: Site: app-financeirax01 will be blocked for 1 minutes till 06/02/2026 20:22:35, DetailsLevel: WARN
2026-06-02T20:21:35.0686094Z State: Stopped, Action: None, LastError: ImagePullFailure, LastErrorTimestamp: 06/02/2026 20:21:34, LastErrorDetails: Failed to pull image: ckmcc0522172320.azurecr.io/webapp-financeirax:app-only-20260531170503. Cannot resolve registry address. If VNET is enbaled, check if there's a custom DNS in the VNET that's not resolving the regitry address. Also check if it's blocked by policy or firewall, Details: Site stopped at 06/02/2026 20:21:35 (UTC), DetailsLevel: WARN
2026-06-02T20:21:35.2114816Z State: Stopped, Action: None, LastError: ImagePullFailure, LastErrorTimestamp: 06/02/2026 20:21:34, LastErrorDetails: Failed to pull image: ckmcc0522172320.azurecr.io/webapp-financeirax:app-only-20260531170503. Cannot resolve registry address. If VNET is enbaled, check if there's a custom DNS in the VNET that's not resolving the regitry address. Also check if it's blocked by policy or firewall, Details: Site stopped at 06/02/2026 20:21:35 (UTC), DetailsLevel: WARN
2026-06-02T20:21:40.2318106Z State: Blocked, Action: None, LastError: ImagePullFailure, LastErrorTimestamp: 06/02/2026 20:21:34, LastErrorDetails: Failed to pull image: ckmcc0522172320.azurecr.io/webapp-financeirax:app-only-20260531170503. Cannot resolve registry address. If VNET is enbaled, check if there's a custom DNS in the VNET that's not resolving the regitry address. Also check if it's blocked by policy or firewall, Details: Site is blocked due to multiple, consecutive cold start failures. Site scheduled to be unblocked at 06/02/2026 20:22:35, DetailsLevel: WARN
2026-06-02T20:21:40.2318542Z Start site prohibitted because the site is being blocked.
2026-06-02T20:21:45.2789570Z State: Blocked, Action: None, LastError: ImagePullFailure, LastErrorTimestamp: 06/02/2026 20:21:34, LastErrorDetails: Failed to pull image: ckmcc0522172320.azurecr.io/webapp-financeirax:app-only-20260531170503. Cannot resolve registry address. If VNET is enbaled, check if there's a custom DNS in the VNET that's not resolving the regitry address. Also check if it's blocked by policy or firewall, Details: Site is blocked due to multiple, consecutive cold start failures. Site scheduled to be unblocked at 06/02/2026 20:22:35, DetailsLevel: WARN
2026-06-02T20:21:45.2790717Z Start site prohibitted because the site is being blocked.
2026-06-02T20:21:50.3495256Z State: Blocked, Action: None, LastError: ImagePullFailure, LastErrorTimestamp: 06/02/2026 20:21:34, LastErrorDetails: Failed to pull image: ckmcc0522172320.azurecr.io/webapp-financeirax:app-only-20260531170503. Cannot resolve registry address. If VNET is enbaled, check if there's a custom DNS in the VNET that's not resolving the regitry address. Also check if it's blocked by policy or firewall, Details: Site is blocked due to multiple, consecutive cold start failures. Site scheduled to be unblocked at 06/02/2026 20:22:35, DetailsLevel: WARN
2026-06-02T20:21:50.3496890Z Start site prohibitted because the site is being blocked.
2026-06-02T20:21:55.3995957Z State: Blocked, Action: None, LastError: ImagePullFailure, LastErrorTimestamp: 06/02/2026 20:21:34, LastErrorDetails: Failed to pull image: ckmcc0522172320.azurecr.io/webapp-financeirax:app-only-20260531170503. Cannot resolve registry address. If VNET is enbaled, check if there's a custom DNS in the VNET that's not resolving the regitry address. Also check if it's blocked by policy or firewall, Details: Site is blocked due to multiple, consecutive cold start failures. Site scheduled to be unblocked at 06/02/2026 20:22:35, DetailsLevel: WARN
2026-06-02T20:21:55.3996243Z Start site prohibitted because the site is being blocked.
2026-06-02T20:22:00.4472697Z State: Blocked, Action: None, LastError: ImagePullFailure, LastErrorTimestamp: 06/02/2026 20:21:34, LastErrorDetails: Failed to pull image: ckmcc0522172320.azurecr.io/webapp-financeirax:app-only-20260531170503. Cannot resolve registry address. If VNET is enbaled, check if there's a custom DNS in the VNET that's not resolving the regitry address. Also check if it's blocked by policy or firewall, Details: Site is blocked due to multiple, consecutive cold start failures. Site scheduled to be unblocked at 06/02/2026 20:22:35, DetailsLevel: WARN
2026-06-02T20:22:00.4473247Z Start site prohibitted because the site is being blocked.
2026-06-02T20:22:05.4966573Z State: Blocked, Action: None, LastError: ImagePullFailure, LastErrorTimestamp: 06/02/2026 20:21:34, LastErrorDetails: Failed to pull image: ckmcc0522172320.azurecr.io/webapp-financeirax:app-only-20260531170503. Cannot resolve registry address. If VNET is enbaled, check if there's a custom DNS in the VNET that's not resolving the regitry address. Also check if it's blocked by policy or firewall, Details: Site is blocked due to multiple, consecutive cold start failures. Site scheduled to be unblocked at 06/02/2026 20:22:35, DetailsLevel: WARN
2026-06-02T20:22:05.4967518Z Start site prohibitted because the site is being blocked.
2026-06-02T20:22:10.6305169Z State: Blocked, Action: None, LastError: ImagePullFailure, LastErrorTimestamp: 06/02/2026 20:21:34, LastErrorDetails: Failed to pull image: ckmcc0522172320.azurecr.io/webapp-financeirax:app-only-20260531170503. Cannot resolve registry address. If VNET is enbaled, check if there's a custom DNS in the VNET that's not resolving the regitry address. Also check if it's blocked by policy or firewall, Details: Site is blocked due to multiple, consecutive cold start failures. Site scheduled to be unblocked at 06/02/2026 20:22:35, DetailsLevel: WARN
2026-06-02T20:22:10.6345962Z Start site prohibitted because the site is being blocked.
2026-06-02T20:22:15.8346201Z State: Blocked, Action: None, LastError: ImagePullFailure, LastErrorTimestamp: 06/02/2026 20:21:34, LastErrorDetails: Failed to pull image: ckmcc0522172320.azurecr.io/webapp-financeirax:app-only-20260531170503. Cannot resolve registry address. If VNET is enbaled, check if there's a custom DNS in the VNET that's not resolving the regitry address. Also check if it's blocked by policy or firewall, Details: Site is blocked due to multiple, consecutive cold start failures. Site scheduled to be unblocked at 06/02/2026 20:22:35, DetailsLevel: WARN
2026-06-02T20:22:15.8346526Z Start site prohibitted because the site is being blocked.
2026-06-02T20:22:20.9367490Z State: Blocked, Action: None, LastError: ImagePullFailure, LastErrorTimestamp: 06/02/2026 20:21:34, LastErrorDetails: Failed to pull image: ckmcc0522172320.azurecr.io/webapp-financeirax:app-only-20260531170503. Cannot resolve registry address. If VNET is enbaled, check if there's a custom DNS in the VNET that's not resolving the regitry address. Also check if it's blocked by policy or firewall, Details: Site is blocked due to multiple, consecutive cold start failures. Site scheduled to be unblocked at 06/02/2026 20:22:35, DetailsLevel: WARN
2026-06-02T20:22:20.9367795Z Start site prohibitted because the site is being blocked.
2026-06-02T20:22:26.0001449Z State: Blocked, Action: None, LastError: ImagePullFailure, LastErrorTimestamp: 06/02/2026 20:21:34, LastErrorDetails: Failed to pull image: ckmcc0522172320.azurecr.io/webapp-financeirax:app-only-20260531170503. Cannot resolve registry address. If VNET is enbaled, check if there's a custom DNS in the VNET that's not resolving the regitry address. Also check if it's blocked by policy or firewall, Details: Site is blocked due to multiple, consecutive cold start failures. Site scheduled to be unblocked at 06/02/2026 20:22:35, DetailsLevel: WARN
2026-06-02T20:22:26.0002655Z Start site prohibitted because the site is being blocked.
2026-06-02T20:22:31.0318624Z State: Blocked, Action: None, LastError: ImagePullFailure, LastErrorTimestamp: 06/02/2026 20:21:34, LastErrorDetails: Failed to pull image: ckmcc0522172320.azurecr.io/webapp-financeirax:app-only-20260531170503. Cannot resolve registry address. If VNET is enbaled, check if there's a custom DNS in the VNET that's not resolving the regitry address. Also check if it's blocked by policy or firewall, Details: Site is blocked due to multiple, consecutive cold start failures. Site scheduled to be unblocked at 06/02/2026 20:22:35, DetailsLevel: WARN
2026-06-02T20:22:31.0318911Z Start site prohibitted because the site is being blocked.
2026-06-02T20:22:35.0676699Z Site: app-financeirax01 is unblocked.
2026-06-02T20:22:36.0922232Z State: Starting, Action: EstablishingSiteNetworks, LastError: ImagePullFailure, LastErrorTimestamp: 06/02/2026 20:21:34, LastErrorDetails: Failed to pull image: ckmcc0522172320.azurecr.io/webapp-financeirax:app-only-20260531170503. Cannot resolve registry address. If VNET is enbaled, check if there's a custom DNS in the VNET that's not resolving the regitry address. Also check if it's blocked by policy or firewall, Details: Site is blocked due to multiple, consecutive cold start failures. Site scheduled to be unblocked at 06/02/2026 20:22:35, DetailsLevel: WARN
2026-06-02T20:22:36.9058692Z State: Starting, Action: StartingSiteContainers, LastError: ImagePullFailure, LastErrorTimestamp: 06/02/2026 20:21:34, LastErrorDetails: Failed to pull image: ckmcc0522172320.azurecr.io/webapp-financeirax:app-only-20260531170503. Cannot resolve registry address. If VNET is enbaled, check if there's a custom DNS in the VNET that's not resolving the regitry address. Also check if it's blocked by policy or firewall, Details: Site is blocked due to multiple, consecutive cold start failures. Site scheduled to be unblocked at 06/02/2026 20:22:35, DetailsLevel: WARN
2026-06-02T20:22:36.9218994Z Container start method called.
2026-06-02T20:22:36.9223358Z State: Starting, Action: PullingImage, LastError: ImagePullFailure, LastErrorTimestamp: 06/02/2026 20:21:34, LastErrorDetails: Failed to pull image: ckmcc0522172320.azurecr.io/webapp-financeirax:app-only-20260531170503. Cannot resolve registry address. If VNET is enbaled, check if there's a custom DNS in the VNET that's not resolving the regitry address. Also check if it's blocked by policy or firewall, Details: Pulling image ckmcc0522172320.azurecr.io/webapp-financeirax:app-only-20260531170503 for app-financeirax01., DetailsLevel: INFO
2026-06-02T20:22:36.9229229Z Establishing network.
2026-06-02T20:22:36.9231619Z Pulling image: ckmcc0522172320.azurecr.io/webapp-financeirax:app-only-20260531170503.
2026-06-02T20:22:49.4652205Z Container pull image failed with reason: ImagePullFailure. Revert by terminate.
2026-06-02T20:22:49.4668421Z Container is terminating. Grace period: 5 seconds.
2026-06-02T20:22:49.4672679Z Container spec TerminationMessagePolicy  path 
2026-06-02T20:22:49.4788659Z Container is terminated. Total time elapsed: 0 ms.
2026-06-02T20:22:49.4793989Z Site container: app-financeirax01 terminated during site startup.
2026-06-02T20:22:49.4796530Z State: Stopping, Action: CancellingStartup, LastError: ImagePullFailure, LastErrorTimestamp: 06/02/2026 20:21:34, LastErrorDetails: Failed to pull image: ckmcc0522172320.azurecr.io/webapp-financeirax:app-only-20260531170503. Cannot resolve registry address. If VNET is enbaled, check if there's a custom DNS in the VNET that's not resolving the regitry address. Also check if it's blocked by policy or firewall, Details: Site container: app-financeirax01 terminated during site startup. Cancelling site startup., DetailsLevel: ERR
2026-06-02T20:22:49.4815122Z State: Stopping, Action: CancellingStartup, LastError: ImagePullFailure, LastErrorTimestamp: 06/02/2026 20:22:49, LastErrorDetails: Failed to pull image: ckmcc0522172320.azurecr.io/webapp-financeirax:app-only-20260531170503. Cannot resolve registry address. If VNET is enbaled, check if there's a custom DNS in the VNET that's not resolving the regitry address. Also check if it's blocked by policy or firewall, Details: Site container: app-financeirax01 terminated during site startup. Cancelling site startup., DetailsLevel: ERR
2026-06-02T20:22:49.4859101Z Failed to start site. Revert by stopping site.
2026-06-02T20:22:49.4861292Z State: Stopping, Action: StoppingSite, LastError: ImagePullFailure, LastErrorTimestamp: 06/02/2026 20:22:49, LastErrorDetails: Failed to pull image: ckmcc0522172320.azurecr.io/webapp-financeirax:app-only-20260531170503. Cannot resolve registry address. If VNET is enbaled, check if there's a custom DNS in the VNET that's not resolving the regitry address. Also check if it's blocked by policy or firewall, Details: Site container: app-financeirax01 terminated during site startup. Cancelling site startup., DetailsLevel: ERR
2026-06-02T20:22:49.4863577Z State: Stopping, Action: StoppingSiteContainers, LastError: ImagePullFailure, LastErrorTimestamp: 06/02/2026 20:22:49, LastErrorDetails: Failed to pull image: ckmcc0522172320.azurecr.io/webapp-financeirax:app-only-20260531170503. Cannot resolve registry address. If VNET is enbaled, check if there's a custom DNS in the VNET that's not resolving the regitry address. Also check if it's blocked by policy or firewall, Details: Site container: app-financeirax01 terminated during site startup. Cancelling site startup., DetailsLevel: ERR
2026-06-02T20:22:49.4863769Z Site: app-financeirax01 stopped.
