2026-06-03T16:02:40.2388356Z State: Starting, Action: EstablishingSiteNetworks, LastError: , LastErrorTimestamp: 01/01/0001 00:00:00, LastErrorDetails: , Details: , DetailsLevel: INFO
2026-06-03T16:02:42.5885653Z State: Starting, Action: StartingSiteContainers, LastError: , LastErrorTimestamp: 01/01/0001 00:00:00, LastErrorDetails: , Details: , DetailsLevel: INFO
2026-06-03T16:02:42.5920757Z Container start method called.
2026-06-03T16:02:42.6011688Z State: Starting, Action: PullingImage, LastError: , LastErrorTimestamp: 01/01/0001 00:00:00, LastErrorDetails: , Details: Pulling image ckmcc0522172320.azurecr.io/webapp-financeirax:app-only-20260531170503 for app-financeirax01., DetailsLevel: INFO
2026-06-03T16:02:42.6049081Z Establishing network.
2026-06-03T16:02:42.6066940Z Pulling image: ckmcc0522172320.azurecr.io/webapp-financeirax:app-only-20260531170503.
2026-06-03T16:02:55.6824166Z Container pull image failed with reason: ImagePullFailure. Revert by terminate.
2026-06-03T16:02:55.6870225Z Container is terminating. Grace period: 5 seconds.
2026-06-03T16:02:55.6885694Z Container spec TerminationMessagePolicy  path 
2026-06-03T16:02:55.6918443Z Container is terminated. Total time elapsed: 4 ms.
2026-06-03T16:02:55.6925432Z Site container: app-financeirax01 terminated during site startup.
2026-06-03T16:02:55.6974158Z State: Stopping, Action: CancellingStartup, LastError: , LastErrorTimestamp: 01/01/0001 00:00:00, LastErrorDetails: , Details: Site container: app-financeirax01 terminated during site startup. Cancelling site startup., DetailsLevel: ERR
2026-06-03T16:02:55.7091258Z State: Stopping, Action: CancellingStartup, LastError: ImagePullFailure, LastErrorTimestamp: 06/03/2026 16:02:55, LastErrorDetails: Failed to pull image: ckmcc0522172320.azurecr.io/webapp-financeirax:app-only-20260531170503. Cannot resolve registry address. If VNET is enbaled, check if there's a custom DNS in the VNET that's not resolving the regitry address. Also check if it's blocked by policy or firewall, Details: Site container: app-financeirax01 terminated during site startup. Cancelling site startup., DetailsLevel: ERR
2026-06-03T16:02:55.7130243Z Failed to start site. Revert by stopping site.
2026-06-03T16:02:55.7179522Z State: Stopping, Action: StoppingSite, LastError: ImagePullFailure, LastErrorTimestamp: 06/03/2026 16:02:55, LastErrorDetails: Failed to pull image: ckmcc0522172320.azurecr.io/webapp-financeirax:app-only-20260531170503. Cannot resolve registry address. If VNET is enbaled, check if there's a custom DNS in the VNET that's not resolving the regitry address. Also check if it's blocked by policy or firewall, Details: Site container: app-financeirax01 terminated during site startup. Cancelling site startup., DetailsLevel: ERR
2026-06-03T16:02:55.7198638Z State: Stopping, Action: StoppingSiteContainers, LastError: ImagePullFailure, LastErrorTimestamp: 06/03/2026 16:02:55, LastErrorDetails: Failed to pull image: ckmcc0522172320.azurecr.io/webapp-financeirax:app-only-20260531170503. Cannot resolve registry address. If VNET is enbaled, check if there's a custom DNS in the VNET that's not resolving the regitry address. Also check if it's blocked by policy or firewall, Details: Site container: app-financeirax01 terminated during site startup. Cancelling site startup., DetailsLevel: ERR
2026-06-03T16:02:55.7207605Z Site: app-financeirax01 stopped.
2026-06-03T16:03:37.720Z INFO  - Pulling image: ckmcc0522172320.azurecr.io/webapp-financeirax:app-only-20260531170503
2026-06-03T16:03:37.800Z ERROR - DockerApiException: Docker API responded with status code=InternalServerError, response={"message":"Get \"https://ckmcc0522172320.azurecr.io/v2/\": dial tcp: lookup ckmcc0522172320.azurecr.io: no such host"}

2026-06-03T16:03:37.802Z ERROR - Pulling docker image ckmcc0522172320.azurecr.io/webapp-financeirax:app-only-20260531170503 failed:
2026-06-03T16:03:37.858Z ERROR - DockerApiException: Docker API responded with status code=InternalServerError, response={"message":"Get \"https://ckmcc0522172320.azurecr.io/v2/\": dial tcp: lookup ckmcc0522172320.azurecr.io: no such host"}

2026-06-03T16:03:37.859Z WARN  - Image pull failed. Defaulting to local copy if present.
2026-06-03T16:03:37.862Z ERROR - Image pull failed: Verify docker image configuration and credentials (if using private repository)
2026-06-03T16:03:37.882Z INFO  - Stopping site app-financeirax01 because it failed during startup.
2026-06-03T16:03:53.042Z INFO  - Pulling image: ckmcc0522172320.azurecr.io/webapp-financeirax:app-only-20260531170503
2026-06-03T16:03:53.114Z ERROR - DockerApiException: Docker API responded with status code=InternalServerError, response={"message":"Get \"https://ckmcc0522172320.azurecr.io/v2/\": dial tcp: lookup ckmcc0522172320.azurecr.io: no such host"}

2026-06-03T16:03:53.117Z ERROR - Pulling docker image ckmcc0522172320.azurecr.io/webapp-financeirax:app-only-20260531170503 failed:
2026-06-03T16:03:53.187Z ERROR - DockerApiException: Docker API responded with status code=InternalServerError, response={"message":"Get \"https://ckmcc0522172320.azurecr.io/v2/\": dial tcp: lookup ckmcc0522172320.azurecr.io: no such host"}

2026-06-03T16:03:53.189Z WARN  - Image pull failed. Defaulting to local copy if present.
2026-06-03T16:03:53.193Z ERROR - Image pull failed: Verify docker image configuration and credentials (if using private repository)
2026-06-03T16:03:53.198Z INFO  - Stopping site app-financeirax01 because it failed during startup.
2026-06-03T16:04:04.202Z INFO  - Pulling image: ckmcc0522172320.azurecr.io/webapp-financeirax:app-only-20260531170503
2026-06-03T16:04:04.292Z ERROR - DockerApiException: Docker API responded with status code=InternalServerError, response={"message":"Get \"https://ckmcc0522172320.azurecr.io/v2/\": dial tcp: lookup ckmcc0522172320.azurecr.io: no such host"}

2026-06-03T16:04:04.293Z ERROR - Pulling docker image ckmcc0522172320.azurecr.io/webapp-financeirax:app-only-20260531170503 failed:
2026-06-03T16:04:04.403Z ERROR - DockerApiException: Docker API responded with status code=InternalServerError, response={"message":"Get \"https://ckmcc0522172320.azurecr.io/v2/\": dial tcp: lookup ckmcc0522172320.azurecr.io: no such host"}

2026-06-03T16:04:04.405Z WARN  - Image pull failed. Defaulting to local copy if present.
2026-06-03T16:04:04.410Z ERROR - Image pull failed: Verify docker image configuration and credentials (if using private repository)
2026-06-03T16:04:04.438Z INFO  - Stopping site app-financeirax01 because it failed during startup.
2026-06-03T16:04:14.889Z INFO  - Pulling image: ckmcc0522172320.azurecr.io/webapp-financeirax:app-only-20260531170503
2026-06-03T16:04:15.547Z ERROR - DockerApiException: Docker API responded with status code=InternalServerError, response={"message":"Get \"https://ckmcc0522172320.azurecr.io/v2/\": dial tcp: lookup ckmcc0522172320.azurecr.io: no such host"}

2026-06-03T16:04:15.549Z ERROR - Pulling docker image ckmcc0522172320.azurecr.io/webapp-financeirax:app-only-20260531170503 failed:
2026-06-03T16:04:15.710Z ERROR - DockerApiException: Docker API responded with status code=InternalServerError, response={"message":"Get \"https://ckmcc0522172320.azurecr.io/v2/\": dial tcp: lookup ckmcc0522172320.azurecr.io: no such host"}

2026-06-03T16:04:15.712Z WARN  - Image pull failed. Defaulting to local copy if present.
2026-06-03T16:04:15.720Z ERROR - Image pull failed: Verify docker image configuration and credentials (if using private repository)
2026-06-03T16:04:15.732Z INFO  - Stopping site app-financeirax01 because it failed during startup.
2026-06-03T16:06:34.369Z INFO  - Pulling image: ckmcc0522172320.azurecr.io/webapp-financeirax:app-only-20260531170503
2026-06-03T16:06:34.482Z ERROR - DockerApiException: Docker API responded with status code=InternalServerError, response={"message":"Get \"https://ckmcc0522172320.azurecr.io/v2/\": dial tcp: lookup ckmcc0522172320.azurecr.io: no such host"}

2026-06-03T16:06:34.483Z ERROR - Pulling docker image ckmcc0522172320.azurecr.io/webapp-financeirax:app-only-20260531170503 failed:
2026-06-03T16:06:34.549Z ERROR - DockerApiException: Docker API responded with status code=InternalServerError, response={"message":"Get \"https://ckmcc0522172320.azurecr.io/v2/\": dial tcp: lookup ckmcc0522172320.azurecr.io: no such host"}

2026-06-03T16:06:34.551Z WARN  - Image pull failed. Defaulting to local copy if present.
2026-06-03T16:06:34.557Z ERROR - Image pull failed: Verify docker image configuration and credentials (if using private repository)
2026-06-03T16:06:34.559Z INFO  - Stopping site app-financeirax01 because it failed during startup.
2026-06-03T16:09:00.5947465Z State: Starting, Action: EstablishingSiteNetworks, LastError: , LastErrorTimestamp: 01/01/0001 00:00:00, LastErrorDetails: , Details: , DetailsLevel: INFO
2026-06-03T16:09:01.7387360Z State: Starting, Action: StartingSiteContainers, LastError: , LastErrorTimestamp: 01/01/0001 00:00:00, LastErrorDetails: , Details: , DetailsLevel: INFO
2026-06-03T16:09:01.7396755Z Container start method called.
2026-06-03T16:09:01.7397490Z State: Starting, Action: PullingImage, LastError: , LastErrorTimestamp: 01/01/0001 00:00:00, LastErrorDetails: , Details: Pulling image ckmcc0522172320.azurecr.io/webapp-financeirax:app-only-20260531170503 for app-financeirax01., DetailsLevel: INFO
2026-06-03T16:09:01.7399183Z Establishing network.
2026-06-03T16:09:01.7405358Z Pulling image: ckmcc0522172320.azurecr.io/webapp-financeirax:app-only-20260531170503.
2026-06-03T16:09:14.6773404Z Container pull image failed with reason: ImagePullFailure. Revert by terminate.
2026-06-03T16:09:14.6775616Z Container is terminating. Grace period: 5 seconds.
2026-06-03T16:09:14.6777188Z Container spec TerminationMessagePolicy  path 
2026-06-03T16:09:14.6781604Z Container is terminated. Total time elapsed: 0 ms.
2026-06-03T16:09:14.6783247Z Site container: app-financeirax01 terminated during site startup.
2026-06-03T16:09:14.6784677Z State: Stopping, Action: CancellingStartup, LastError: , LastErrorTimestamp: 01/01/0001 00:00:00, LastErrorDetails: , Details: Site container: app-financeirax01 terminated during site startup. Cancelling site startup., DetailsLevel: ERR
2026-06-03T16:09:14.6792995Z State: Stopping, Action: CancellingStartup, LastError: ImagePullFailure, LastErrorTimestamp: 06/03/2026 16:09:14, LastErrorDetails: Failed to pull image: ckmcc0522172320.azurecr.io/webapp-financeirax:app-only-20260531170503. Cannot resolve registry address. If VNET is enbaled, check if there's a custom DNS in the VNET that's not resolving the regitry address. Also check if it's blocked by policy or firewall, Details: Site container: app-financeirax01 terminated during site startup. Cancelling site startup., DetailsLevel: ERR
2026-06-03T16:09:14.6855468Z Failed to start site. Revert by stopping site.
2026-06-03T16:09:14.6857094Z State: Stopping, Action: StoppingSite, LastError: ImagePullFailure, LastErrorTimestamp: 06/03/2026 16:09:14, LastErrorDetails: Failed to pull image: ckmcc0522172320.azurecr.io/webapp-financeirax:app-only-20260531170503. Cannot resolve registry address. If VNET is enbaled, check if there's a custom DNS in the VNET that's not resolving the regitry address. Also check if it's blocked by policy or firewall, Details: Site container: app-financeirax01 terminated during site startup. Cancelling site startup., DetailsLevel: ERR
2026-06-03T16:09:14.6860708Z State: Stopping, Action: StoppingSiteContainers, LastError: ImagePullFailure, LastErrorTimestamp: 06/03/2026 16:09:14, LastErrorDetails: Failed to pull image: ckmcc0522172320.azurecr.io/webapp-financeirax:app-only-20260531170503. Cannot resolve registry address. If VNET is enbaled, check if there's a custom DNS in the VNET that's not resolving the regitry address. Also check if it's blocked by policy or firewall, Details: Site container: app-financeirax01 terminated during site startup. Cancelling site startup., DetailsLevel: ERR
2026-06-03T16:09:14.6860938Z Site: app-financeirax01 stopped.
2026-06-03T16:09:14.6948559Z State: Stopping, Action: UnmountingVolumes, LastError: ImagePullFailure, LastErrorTimestamp: 06/03/2026 16:09:14, LastErrorDetails: Failed to pull image: ckmcc0522172320.azurecr.io/webapp-financeirax:app-only-20260531170503. Cannot resolve registry address. If VNET is enbaled, check if there's a custom DNS in the VNET that's not resolving the regitry address. Also check if it's blocked by policy or firewall, Details: Site container: app-financeirax01 terminated during site startup. Cancelling site startup., DetailsLevel: ERR
2026-06-03T16:09:14.7481918Z State: Stopping, Action: StoppingSiteNetworks, LastError: ImagePullFailure, LastErrorTimestamp: 06/03/2026 16:09:14, LastErrorDetails: Failed to pull image: ckmcc0522172320.azurecr.io/webapp-financeirax:app-only-20260531170503. Cannot resolve registry address. If VNET is enbaled, check if there's a custom DNS in the VNET that's not resolving the regitry address. Also check if it's blocked by policy or firewall, Details: Site container: app-financeirax01 terminated during site startup. Cancelling site startup., DetailsLevel: ERR
2026-06-03T16:09:14.9911737Z State: Stopped, Action: None, LastError: ImagePullFailure, LastErrorTimestamp: 06/03/2026 16:09:14, LastErrorDetails: Failed to pull image: ckmcc0522172320.azurecr.io/webapp-financeirax:app-only-20260531170503. Cannot resolve registry address. If VNET is enbaled, check if there's a custom DNS in the VNET that's not resolving the regitry address. Also check if it's blocked by policy or firewall, Details: Site stopped at 06/03/2026 16:09:14 (UTC), DetailsLevel: ERR
2026-06-03T16:09:15.1842372Z State: Stopped, Action: None, LastError: ImagePullFailure, LastErrorTimestamp: 06/03/2026 16:09:14, LastErrorDetails: Failed to pull image: ckmcc0522172320.azurecr.io/webapp-financeirax:app-only-20260531170503. Cannot resolve registry address. If VNET is enbaled, check if there's a custom DNS in the VNET that's not resolving the regitry address. Also check if it's blocked by policy or firewall, Details: Site stopped at 06/03/2026 16:09:14 (UTC), DetailsLevel: ERR
2026-06-03T16:09:20.4830076Z State: Starting, Action: EstablishingSiteNetworks, LastError: ImagePullFailure, LastErrorTimestamp: 06/03/2026 16:09:14, LastErrorDetails: Failed to pull image: ckmcc0522172320.azurecr.io/webapp-financeirax:app-only-20260531170503. Cannot resolve registry address. If VNET is enbaled, check if there's a custom DNS in the VNET that's not resolving the regitry address. Also check if it's blocked by policy or firewall, Details: Site stopped at 06/03/2026 16:09:14 (UTC), DetailsLevel: ERR
2026-06-03T16:09:21.1321911Z State: Starting, Action: StartingSiteContainers, LastError: ImagePullFailure, LastErrorTimestamp: 06/03/2026 16:09:14, LastErrorDetails: Failed to pull image: ckmcc0522172320.azurecr.io/webapp-financeirax:app-only-20260531170503. Cannot resolve registry address. If VNET is enbaled, check if there's a custom DNS in the VNET that's not resolving the regitry address. Also check if it's blocked by policy or firewall, Details: Site stopped at 06/03/2026 16:09:14 (UTC), DetailsLevel: ERR
2026-06-03T16:09:21.1325340Z Container start method called.
2026-06-03T16:09:21.1326058Z State: Starting, Action: PullingImage, LastError: ImagePullFailure, LastErrorTimestamp: 06/03/2026 16:09:14, LastErrorDetails: Failed to pull image: ckmcc0522172320.azurecr.io/webapp-financeirax:app-only-20260531170503. Cannot resolve registry address. If VNET is enbaled, check if there's a custom DNS in the VNET that's not resolving the regitry address. Also check if it's blocked by policy or firewall, Details: Pulling image ckmcc0522172320.azurecr.io/webapp-financeirax:app-only-20260531170503 for app-financeirax01., DetailsLevel: INFO
2026-06-03T16:09:21.1327358Z Establishing network.
2026-06-03T16:09:21.1330076Z Pulling image: ckmcc0522172320.azurecr.io/webapp-financeirax:app-only-20260531170503.
2026-06-03T16:09:33.7085068Z Container pull image failed with reason: ImagePullFailure. Revert by terminate.
2026-06-03T16:09:33.7087098Z Container is terminating. Grace period: 5 seconds.
2026-06-03T16:09:33.7088537Z Container spec TerminationMessagePolicy  path 
2026-06-03T16:09:33.7090086Z Container is terminated. Total time elapsed: 0 ms.
2026-06-03T16:09:33.7091876Z Site container: app-financeirax01 terminated during site startup.
2026-06-03T16:09:33.7095256Z State: Stopping, Action: CancellingStartup, LastError: ImagePullFailure, LastErrorTimestamp: 06/03/2026 16:09:14, LastErrorDetails: Failed to pull image: ckmcc0522172320.azurecr.io/webapp-financeirax:app-only-20260531170503. Cannot resolve registry address. If VNET is enbaled, check if there's a custom DNS in the VNET that's not resolving the regitry address. Also check if it's blocked by policy or firewall, Details: Site container: app-financeirax01 terminated during site startup. Cancelling site startup., DetailsLevel: ERR
2026-06-03T16:09:33.7103776Z State: Stopping, Action: CancellingStartup, LastError: ImagePullFailure, LastErrorTimestamp: 06/03/2026 16:09:33, LastErrorDetails: Failed to pull image: ckmcc0522172320.azurecr.io/webapp-financeirax:app-only-20260531170503. Cannot resolve registry address. If VNET is enbaled, check if there's a custom DNS in the VNET that's not resolving the regitry address. Also check if it's blocked by policy or firewall, Details: Site container: app-financeirax01 terminated during site startup. Cancelling site startup., DetailsLevel: ERR
2026-06-03T16:09:33.7158917Z Failed to start site. Revert by stopping site.
2026-06-03T16:09:33.7160972Z State: Stopping, Action: StoppingSite, LastError: ImagePullFailure, LastErrorTimestamp: 06/03/2026 16:09:33, LastErrorDetails: Failed to pull image: ckmcc0522172320.azurecr.io/webapp-financeirax:app-only-20260531170503. Cannot resolve registry address. If VNET is enbaled, check if there's a custom DNS in the VNET that's not resolving the regitry address. Also check if it's blocked by policy or firewall, Details: Site container: app-financeirax01 terminated during site startup. Cancelling site startup., DetailsLevel: ERR
2026-06-03T16:09:33.7165809Z State: Stopping, Action: StoppingSiteContainers, LastError: ImagePullFailure, LastErrorTimestamp: 06/03/2026 16:09:33, LastErrorDetails: Failed to pull image: ckmcc0522172320.azurecr.io/webapp-financeirax:app-only-20260531170503. Cannot resolve registry address. If VNET is enbaled, check if there's a custom DNS in the VNET that's not resolving the regitry address. Also check if it's blocked by policy or firewall, Details: Site container: app-financeirax01 terminated during site startup. Cancelling site startup., DetailsLevel: ERR
2026-06-03T16:09:33.7166045Z Site: app-financeirax01 stopped.
2026-06-03T16:09:33.7390147Z State: Stopping, Action: UnmountingVolumes, LastError: ImagePullFailure, LastErrorTimestamp: 06/03/2026 16:09:33, LastErrorDetails: Failed to pull image: ckmcc0522172320.azurecr.io/webapp-financeirax:app-only-20260531170503. Cannot resolve registry address. If VNET is enbaled, check if there's a custom DNS in the VNET that's not resolving the regitry address. Also check if it's blocked by policy or firewall, Details: Site container: app-financeirax01 terminated during site startup. Cancelling site startup., DetailsLevel: ERR
2026-06-03T16:09:33.8009126Z State: Stopping, Action: StoppingSiteNetworks, LastError: ImagePullFailure, LastErrorTimestamp: 06/03/2026 16:09:33, LastErrorDetails: Failed to pull image: ckmcc0522172320.azurecr.io/webapp-financeirax:app-only-20260531170503. Cannot resolve registry address. If VNET is enbaled, check if there's a custom DNS in the VNET that's not resolving the regitry address. Also check if it's blocked by policy or firewall, Details: Site container: app-financeirax01 terminated during site startup. Cancelling site startup., DetailsLevel: ERR
2026-06-03T16:09:34.0900907Z Site: app-financeirax01 will be blocked for 1 minutes till 06/03/2026 16:10:34
2026-06-03T16:09:34.0910663Z State: Blocked, Action: StoppingSiteNetworks, LastError: ImagePullFailure, LastErrorTimestamp: 06/03/2026 16:09:33, LastErrorDetails: Failed to pull image: ckmcc0522172320.azurecr.io/webapp-financeirax:app-only-20260531170503. Cannot resolve registry address. If VNET is enbaled, check if there's a custom DNS in the VNET that's not resolving the regitry address. Also check if it's blocked by policy or firewall, Details: Site: app-financeirax01 will be blocked for 1 minutes till 06/03/2026 16:10:34, DetailsLevel: WARN
2026-06-03T16:09:34.1002229Z State: Stopped, Action: None, LastError: ImagePullFailure, LastErrorTimestamp: 06/03/2026 16:09:33, LastErrorDetails: Failed to pull image: ckmcc0522172320.azurecr.io/webapp-financeirax:app-only-20260531170503. Cannot resolve registry address. If VNET is enbaled, check if there's a custom DNS in the VNET that's not resolving the regitry address. Also check if it's blocked by policy or firewall, Details: Site stopped at 06/03/2026 16:09:34 (UTC), DetailsLevel: WARN
2026-06-03T16:09:34.2270686Z State: Stopped, Action: None, LastError: ImagePullFailure, LastErrorTimestamp: 06/03/2026 16:09:33, LastErrorDetails: Failed to pull image: ckmcc0522172320.azurecr.io/webapp-financeirax:app-only-20260531170503. Cannot resolve registry address. If VNET is enbaled, check if there's a custom DNS in the VNET that's not resolving the regitry address. Also check if it's blocked by policy or firewall, Details: Site stopped at 06/03/2026 16:09:34 (UTC), DetailsLevel: WARN
2026-06-03T16:09:39.2878627Z State: Blocked, Action: None, LastError: ImagePullFailure, LastErrorTimestamp: 06/03/2026 16:09:33, LastErrorDetails: Failed to pull image: ckmcc0522172320.azurecr.io/webapp-financeirax:app-only-20260531170503. Cannot resolve registry address. If VNET is enbaled, check if there's a custom DNS in the VNET that's not resolving the regitry address. Also check if it's blocked by policy or firewall, Details: Site is blocked due to multiple, consecutive cold start failures. Site scheduled to be unblocked at 06/03/2026 16:10:34, DetailsLevel: WARN
2026-06-03T16:09:39.2879616Z Start site prohibitted because the site is being blocked.
2026-06-03T16:09:44.3533407Z State: Blocked, Action: None, LastError: ImagePullFailure, LastErrorTimestamp: 06/03/2026 16:09:33, LastErrorDetails: Failed to pull image: ckmcc0522172320.azurecr.io/webapp-financeirax:app-only-20260531170503. Cannot resolve registry address. If VNET is enbaled, check if there's a custom DNS in the VNET that's not resolving the regitry address. Also check if it's blocked by policy or firewall, Details: Site is blocked due to multiple, consecutive cold start failures. Site scheduled to be unblocked at 06/03/2026 16:10:34, DetailsLevel: WARN
2026-06-03T16:09:44.3533834Z Start site prohibitted because the site is being blocked.
2026-06-03T16:09:49.9429167Z State: Blocked, Action: None, LastError: ImagePullFailure, LastErrorTimestamp: 06/03/2026 16:09:33, LastErrorDetails: Failed to pull image: ckmcc0522172320.azurecr.io/webapp-financeirax:app-only-20260531170503. Cannot resolve registry address. If VNET is enbaled, check if there's a custom DNS in the VNET that's not resolving the regitry address. Also check if it's blocked by policy or firewall, Details: Site is blocked due to multiple, consecutive cold start failures. Site scheduled to be unblocked at 06/03/2026 16:10:34, DetailsLevel: WARN
2026-06-03T16:09:49.9430261Z Start site prohibitted because the site is being blocked.
2026-06-03T16:09:55.0465388Z State: Blocked, Action: None, LastError: ImagePullFailure, LastErrorTimestamp: 06/03/2026 16:09:33, LastErrorDetails: Failed to pull image: ckmcc0522172320.azurecr.io/webapp-financeirax:app-only-20260531170503. Cannot resolve registry address. If VNET is enbaled, check if there's a custom DNS in the VNET that's not resolving the regitry address. Also check if it's blocked by policy or firewall, Details: Site is blocked due to multiple, consecutive cold start failures. Site scheduled to be unblocked at 06/03/2026 16:10:34, DetailsLevel: WARN
2026-06-03T16:09:55.0477400Z Start site prohibitted because the site is being blocked.
2026-06-03T16:10:00.1755679Z State: Blocked, Action: None, LastError: ImagePullFailure, LastErrorTimestamp: 06/03/2026 16:09:33, LastErrorDetails: Failed to pull image: ckmcc0522172320.azurecr.io/webapp-financeirax:app-only-20260531170503. Cannot resolve registry address. If VNET is enbaled, check if there's a custom DNS in the VNET that's not resolving the regitry address. Also check if it's blocked by policy or firewall, Details: Site is blocked due to multiple, consecutive cold start failures. Site scheduled to be unblocked at 06/03/2026 16:10:34, DetailsLevel: WARN
2026-06-03T16:10:00.1756082Z Start site prohibitted because the site is being blocked.
2026-06-03T16:10:05.2816379Z State: Blocked, Action: None, LastError: ImagePullFailure, LastErrorTimestamp: 06/03/2026 16:09:33, LastErrorDetails: Failed to pull image: ckmcc0522172320.azurecr.io/webapp-financeirax:app-only-20260531170503. Cannot resolve registry address. If VNET is enbaled, check if there's a custom DNS in the VNET that's not resolving the regitry address. Also check if it's blocked by policy or firewall, Details: Site is blocked due to multiple, consecutive cold start failures. Site scheduled to be unblocked at 06/03/2026 16:10:34, DetailsLevel: WARN
2026-06-03T16:10:05.2816670Z Start site prohibitted because the site is being blocked.
2026-06-03T16:10:10.3284548Z State: Blocked, Action: None, LastError: ImagePullFailure, LastErrorTimestamp: 06/03/2026 16:09:33, LastErrorDetails: Failed to pull image: ckmcc0522172320.azurecr.io/webapp-financeirax:app-only-20260531170503. Cannot resolve registry address. If VNET is enbaled, check if there's a custom DNS in the VNET that's not resolving the regitry address. Also check if it's blocked by policy or firewall, Details: Site is blocked due to multiple, consecutive cold start failures. Site scheduled to be unblocked at 06/03/2026 16:10:34, DetailsLevel: WARN
2026-06-03T16:10:10.3285289Z Start site prohibitted because the site is being blocked.
2026-06-03T16:10:15.3739693Z State: Blocked, Action: None, LastError: ImagePullFailure, LastErrorTimestamp: 06/03/2026 16:09:33, LastErrorDetails: Failed to pull image: ckmcc0522172320.azurecr.io/webapp-financeirax:app-only-20260531170503. Cannot resolve registry address. If VNET is enbaled, check if there's a custom DNS in the VNET that's not resolving the regitry address. Also check if it's blocked by policy or firewall, Details: Site is blocked due to multiple, consecutive cold start failures. Site scheduled to be unblocked at 06/03/2026 16:10:34, DetailsLevel: WARN
2026-06-03T16:10:15.3740018Z Start site prohibitted because the site is being blocked.
2026-06-03T16:10:20.4498697Z State: Blocked, Action: None, LastError: ImagePullFailure, LastErrorTimestamp: 06/03/2026 16:09:33, LastErrorDetails: Failed to pull image: ckmcc0522172320.azurecr.io/webapp-financeirax:app-only-20260531170503. Cannot resolve registry address. If VNET is enbaled, check if there's a custom DNS in the VNET that's not resolving the regitry address. Also check if it's blocked by policy or firewall, Details: Site is blocked due to multiple, consecutive cold start failures. Site scheduled to be unblocked at 06/03/2026 16:10:34, DetailsLevel: WARN
2026-06-03T16:10:20.4498995Z Start site prohibitted because the site is being blocked.
2026-06-03T16:10:25.5042903Z State: Blocked, Action: None, LastError: ImagePullFailure, LastErrorTimestamp: 06/03/2026 16:09:33, LastErrorDetails: Failed to pull image: ckmcc0522172320.azurecr.io/webapp-financeirax:app-only-20260531170503. Cannot resolve registry address. If VNET is enbaled, check if there's a custom DNS in the VNET that's not resolving the regitry address. Also check if it's blocked by policy or firewall, Details: Site is blocked due to multiple, consecutive cold start failures. Site scheduled to be unblocked at 06/03/2026 16:10:34, DetailsLevel: WARN
2026-06-03T16:10:25.5043236Z Start site prohibitted because the site is being blocked.
2026-06-03T16:10:30.5777481Z State: Blocked, Action: None, LastError: ImagePullFailure, LastErrorTimestamp: 06/03/2026 16:09:33, LastErrorDetails: Failed to pull image: ckmcc0522172320.azurecr.io/webapp-financeirax:app-only-20260531170503. Cannot resolve registry address. If VNET is enbaled, check if there's a custom DNS in the VNET that's not resolving the regitry address. Also check if it's blocked by policy or firewall, Details: Site is blocked due to multiple, consecutive cold start failures. Site scheduled to be unblocked at 06/03/2026 16:10:34, DetailsLevel: WARN
2026-06-03T16:10:30.5777779Z Start site prohibitted because the site is being blocked.
2026-06-03T16:10:34.0882005Z Site: app-financeirax01 is unblocked.
2026-06-03T16:10:35.6487954Z State: Starting, Action: EstablishingSiteNetworks, LastError: ImagePullFailure, LastErrorTimestamp: 06/03/2026 16:09:33, LastErrorDetails: Failed to pull image: ckmcc0522172320.azurecr.io/webapp-financeirax:app-only-20260531170503. Cannot resolve registry address. If VNET is enbaled, check if there's a custom DNS in the VNET that's not resolving the regitry address. Also check if it's blocked by policy or firewall, Details: Site is blocked due to multiple, consecutive cold start failures. Site scheduled to be unblocked at 06/03/2026 16:10:34, DetailsLevel: WARN
2026-06-03T16:10:36.4447951Z State: Starting, Action: StartingSiteContainers, LastError: ImagePullFailure, LastErrorTimestamp: 06/03/2026 16:09:33, LastErrorDetails: Failed to pull image: ckmcc0522172320.azurecr.io/webapp-financeirax:app-only-20260531170503. Cannot resolve registry address. If VNET is enbaled, check if there's a custom DNS in the VNET that's not resolving the regitry address. Also check if it's blocked by policy or firewall, Details: Site is blocked due to multiple, consecutive cold start failures. Site scheduled to be unblocked at 06/03/2026 16:10:34, DetailsLevel: WARN
2026-06-03T16:10:36.4449471Z Container start method called.
2026-06-03T16:10:36.4510919Z State: Starting, Action: PullingImage, LastError: ImagePullFailure, LastErrorTimestamp: 06/03/2026 16:09:33, LastErrorDetails: Failed to pull image: ckmcc0522172320.azurecr.io/webapp-financeirax:app-only-20260531170503. Cannot resolve registry address. If VNET is enbaled, check if there's a custom DNS in the VNET that's not resolving the regitry address. Also check if it's blocked by policy or firewall, Details: Pulling image ckmcc0522172320.azurecr.io/webapp-financeirax:app-only-20260531170503 for app-financeirax01., DetailsLevel: INFO
2026-06-03T16:10:36.4512830Z Establishing network.
2026-06-03T16:10:36.4514517Z Pulling image: ckmcc0522172320.azurecr.io/webapp-financeirax:app-only-20260531170503.
2026-06-03T16:10:48.9629956Z Container pull image failed with reason: ImagePullFailure. Revert by terminate.
2026-06-03T16:10:48.9631627Z Container is terminating. Grace period: 5 seconds.
2026-06-03T16:10:48.9633009Z Container spec TerminationMessagePolicy  path 
2026-06-03T16:10:48.9634482Z Container is terminated. Total time elapsed: 0 ms.
2026-06-03T16:10:48.9635882Z Site container: app-financeirax01 terminated during site startup.
2026-06-03T16:10:48.9637285Z State: Stopping, Action: CancellingStartup, LastError: ImagePullFailure, LastErrorTimestamp: 06/03/2026 16:09:33, LastErrorDetails: Failed to pull image: ckmcc0522172320.azurecr.io/webapp-financeirax:app-only-20260531170503. Cannot resolve registry address. If VNET is enbaled, check if there's a custom DNS in the VNET that's not resolving the regitry address. Also check if it's blocked by policy or firewall, Details: Site container: app-financeirax01 terminated during site startup. Cancelling site startup., DetailsLevel: ERR
2026-06-03T16:10:48.9646095Z State: Stopping, Action: CancellingStartup, LastError: ImagePullFailure, LastErrorTimestamp: 06/03/2026 16:10:48, LastErrorDetails: Failed to pull image: ckmcc0522172320.azurecr.io/webapp-financeirax:app-only-20260531170503. Cannot resolve registry address. If VNET is enbaled, check if there's a custom DNS in the VNET that's not resolving the regitry address. Also check if it's blocked by policy or firewall, Details: Site container: app-financeirax01 terminated during site startup. Cancelling site startup., DetailsLevel: ERR
2026-06-03T16:10:48.9694959Z Failed to start site. Revert by stopping site.
2026-06-03T16:10:48.9695906Z State: Stopping, Action: StoppingSite, LastError: ImagePullFailure, LastErrorTimestamp: 06/03/2026 16:10:48, LastErrorDetails: Failed to pull image: ckmcc0522172320.azurecr.io/webapp-financeirax:app-only-20260531170503. Cannot resolve registry address. If VNET is enbaled, check if there's a custom DNS in the VNET that's not resolving the regitry address. Also check if it's blocked by policy or firewall, Details: Site container: app-financeirax01 terminated during site startup. Cancelling site startup., DetailsLevel: ERR
2026-06-03T16:10:48.9697772Z State: Stopping, Action: StoppingSiteContainers, LastError: ImagePullFailure, LastErrorTimestamp: 06/03/2026 16:10:48, LastErrorDetails: Failed to pull image: ckmcc0522172320.azurecr.io/webapp-financeirax:app-only-20260531170503. Cannot resolve registry address. If VNET is enbaled, check if there's a custom DNS in the VNET that's not resolving the regitry address. Also check if it's blocked by policy or firewall, Details: Site container: app-financeirax01 terminated during site startup. Cancelling site startup., DetailsLevel: ERR
2026-06-03T16:10:48.9697931Z Site: app-financeirax01 stopped.
2026-06-03T16:10:48.9827007Z State: Stopping, Action: UnmountingVolumes, LastError: ImagePullFailure, LastErrorTimestamp: 06/03/2026 16:10:48, LastErrorDetails: Failed to pull image: ckmcc0522172320.azurecr.io/webapp-financeirax:app-only-20260531170503. Cannot resolve registry address. If VNET is enbaled, check if there's a custom DNS in the VNET that's not resolving the regitry address. Also check if it's blocked by policy or firewall, Details: Site container: app-financeirax01 terminated during site startup. Cancelling site startup., DetailsLevel: ERR
2026-06-03T16:10:49.0381334Z State: Stopping, Action: StoppingSiteNetworks, LastError: ImagePullFailure, LastErrorTimestamp: 06/03/2026 16:10:48, LastErrorDetails: Failed to pull image: ckmcc0522172320.azurecr.io/webapp-financeirax:app-only-20260531170503. Cannot resolve registry address. If VNET is enbaled, check if there's a custom DNS in the VNET that's not resolving the regitry address. Also check if it's blocked by policy or firewall, Details: Site container: app-financeirax01 terminated during site startup. Cancelling site startup., DetailsLevel: ERR
2026-06-03T16:10:49.3150857Z Site: app-financeirax01 will be blocked for 1 minutes till 06/03/2026 16:11:49
2026-06-03T16:10:49.3152757Z State: Blocked, Action: StoppingSiteNetworks, LastError: ImagePullFailure, LastErrorTimestamp: 06/03/2026 16:10:48, LastErrorDetails: Failed to pull image: ckmcc0522172320.azurecr.io/webapp-financeirax:app-only-20260531170503. Cannot resolve registry address. If VNET is enbaled, check if there's a custom DNS in the VNET that's not resolving the regitry address. Also check if it's blocked by policy or firewall, Details: Site: app-financeirax01 will be blocked for 1 minutes till 06/03/2026 16:11:49, DetailsLevel: WARN
2026-06-03T16:10:49.3157478Z State: Stopped, Action: None, LastError: ImagePullFailure, LastErrorTimestamp: 06/03/2026 16:10:48, LastErrorDetails: Failed to pull image: ckmcc0522172320.azurecr.io/webapp-financeirax:app-only-20260531170503. Cannot resolve registry address. If VNET is enbaled, check if there's a custom DNS in the VNET that's not resolving the regitry address. Also check if it's blocked by policy or firewall, Details: Site stopped at 06/03/2026 16:10:49 (UTC), DetailsLevel: WARN
2026-06-03T16:10:49.4769703Z State: Stopped, Action: None, LastError: ImagePullFailure, LastErrorTimestamp: 06/03/2026 16:10:48, LastErrorDetails: Failed to pull image: ckmcc0522172320.azurecr.io/webapp-financeirax:app-only-20260531170503. Cannot resolve registry address. If VNET is enbaled, check if there's a custom DNS in the VNET that's not resolving the regitry address. Also check if it's blocked by policy or firewall, Details: Site stopped at 06/03/2026 16:10:49 (UTC), DetailsLevel: WARN
2026-06-03T16:10:54.5004386Z State: Blocked, Action: None, LastError: ImagePullFailure, LastErrorTimestamp: 06/03/2026 16:10:48, LastErrorDetails: Failed to pull image: ckmcc0522172320.azurecr.io/webapp-financeirax:app-only-20260531170503. Cannot resolve registry address. If VNET is enbaled, check if there's a custom DNS in the VNET that's not resolving the regitry address. Also check if it's blocked by policy or firewall, Details: Site is blocked due to multiple, consecutive cold start failures. Site scheduled to be unblocked at 06/03/2026 16:11:49, DetailsLevel: WARN
2026-06-03T16:10:54.5009001Z Start site prohibitted because the site is being blocked.
2026-06-03T16:10:59.5665005Z State: Blocked, Action: None, LastError: ImagePullFailure, LastErrorTimestamp: 06/03/2026 16:10:48, LastErrorDetails: Failed to pull image: ckmcc0522172320.azurecr.io/webapp-financeirax:app-only-20260531170503. Cannot resolve registry address. If VNET is enbaled, check if there's a custom DNS in the VNET that's not resolving the regitry address. Also check if it's blocked by policy or firewall, Details: Site is blocked due to multiple, consecutive cold start failures. Site scheduled to be unblocked at 06/03/2026 16:11:49, DetailsLevel: WARN
2026-06-03T16:10:59.5665300Z Start site prohibitted because the site is being blocked.
2026-06-03T16:11:04.6426540Z State: Blocked, Action: None, LastError: ImagePullFailure, LastErrorTimestamp: 06/03/2026 16:10:48, LastErrorDetails: Failed to pull image: ckmcc0522172320.azurecr.io/webapp-financeirax:app-only-20260531170503. Cannot resolve registry address. If VNET is enbaled, check if there's a custom DNS in the VNET that's not resolving the regitry address. Also check if it's blocked by policy or firewall, Details: Site is blocked due to multiple, consecutive cold start failures. Site scheduled to be unblocked at 06/03/2026 16:11:49, DetailsLevel: WARN
2026-06-03T16:11:04.6426836Z Start site prohibitted because the site is being blocked.
2026-06-03T16:11:09.7091364Z State: Blocked, Action: None, LastError: ImagePullFailure, LastErrorTimestamp: 06/03/2026 16:10:48, LastErrorDetails: Failed to pull image: ckmcc0522172320.azurecr.io/webapp-financeirax:app-only-20260531170503. Cannot resolve registry address. If VNET is enbaled, check if there's a custom DNS in the VNET that's not resolving the regitry address. Also check if it's blocked by policy or firewall, Details: Site is blocked due to multiple, consecutive cold start failures. Site scheduled to be unblocked at 06/03/2026 16:11:49, DetailsLevel: WARN
2026-06-03T16:11:09.7091716Z Start site prohibitted because the site is being blocked.
2026-06-03T16:11:14.7742828Z State: Blocked, Action: None, LastError: ImagePullFailure, LastErrorTimestamp: 06/03/2026 16:10:48, LastErrorDetails: Failed to pull image: ckmcc0522172320.azurecr.io/webapp-financeirax:app-only-20260531170503. Cannot resolve registry address. If VNET is enbaled, check if there's a custom DNS in the VNET that's not resolving the regitry address. Also check if it's blocked by policy or firewall, Details: Site is blocked due to multiple, consecutive cold start failures. Site scheduled to be unblocked at 06/03/2026 16:11:49, DetailsLevel: WARN
2026-06-03T16:11:14.7743252Z Start site prohibitted because the site is being blocked.
2026-06-03T16:11:19.8299263Z State: Blocked, Action: None, LastError: ImagePullFailure, LastErrorTimestamp: 06/03/2026 16:10:48, LastErrorDetails: Failed to pull image: ckmcc0522172320.azurecr.io/webapp-financeirax:app-only-20260531170503. Cannot resolve registry address. If VNET is enbaled, check if there's a custom DNS in the VNET that's not resolving the regitry address. Also check if it's blocked by policy or firewall, Details: Site is blocked due to multiple, consecutive cold start failures. Site scheduled to be unblocked at 06/03/2026 16:11:49, DetailsLevel: WARN
2026-06-03T16:11:19.8299579Z Start site prohibitted because the site is being blocked.
2026-06-03T16:11:24.8813474Z State: Blocked, Action: None, LastError: ImagePullFailure, LastErrorTimestamp: 06/03/2026 16:10:48, LastErrorDetails: Failed to pull image: ckmcc0522172320.azurecr.io/webapp-financeirax:app-only-20260531170503. Cannot resolve registry address. If VNET is enbaled, check if there's a custom DNS in the VNET that's not resolving the regitry address. Also check if it's blocked by policy or firewall, Details: Site is blocked due to multiple, consecutive cold start failures. Site scheduled to be unblocked at 06/03/2026 16:11:49, DetailsLevel: WARN
2026-06-03T16:11:24.8813765Z Start site prohibitted because the site is being blocked.
2026-06-03T16:11:29.9258543Z State: Blocked, Action: None, LastError: ImagePullFailure, LastErrorTimestamp: 06/03/2026 16:10:48, LastErrorDetails: Failed to pull image: ckmcc0522172320.azurecr.io/webapp-financeirax:app-only-20260531170503. Cannot resolve registry address. If VNET is enbaled, check if there's a custom DNS in the VNET that's not resolving the regitry address. Also check if it's blocked by policy or firewall, Details: Site is blocked due to multiple, consecutive cold start failures. Site scheduled to be unblocked at 06/03/2026 16:11:49, DetailsLevel: WARN
2026-06-03T16:11:29.9258858Z Start site prohibitted because the site is being blocked.
2026-06-03T16:11:34.9754180Z State: Blocked, Action: None, LastError: ImagePullFailure, LastErrorTimestamp: 06/03/2026 16:10:48, LastErrorDetails: Failed to pull image: ckmcc0522172320.azurecr.io/webapp-financeirax:app-only-20260531170503. Cannot resolve registry address. If VNET is enbaled, check if there's a custom DNS in the VNET that's not resolving the regitry address. Also check if it's blocked by policy or firewall, Details: Site is blocked due to multiple, consecutive cold start failures. Site scheduled to be unblocked at 06/03/2026 16:11:49, DetailsLevel: WARN
2026-06-03T16:11:34.9754480Z Start site prohibitted because the site is being blocked.
2026-06-03T16:11:40.0793193Z State: Blocked, Action: None, LastError: ImagePullFailure, LastErrorTimestamp: 06/03/2026 16:10:48, LastErrorDetails: Failed to pull image: ckmcc0522172320.azurecr.io/webapp-financeirax:app-only-20260531170503. Cannot resolve registry address. If VNET is enbaled, check if there's a custom DNS in the VNET that's not resolving the regitry address. Also check if it's blocked by policy or firewall, Details: Site is blocked due to multiple, consecutive cold start failures. Site scheduled to be unblocked at 06/03/2026 16:11:49, DetailsLevel: WARN
2026-06-03T16:11:40.0794878Z Start site prohibitted because the site is being blocked.
2026-06-03T16:11:45.1522376Z State: Blocked, Action: None, LastError: ImagePullFailure, LastErrorTimestamp: 06/03/2026 16:10:48, LastErrorDetails: Failed to pull image: ckmcc0522172320.azurecr.io/webapp-financeirax:app-only-20260531170503. Cannot resolve registry address. If VNET is enbaled, check if there's a custom DNS in the VNET that's not resolving the regitry address. Also check if it's blocked by policy or firewall, Details: Site is blocked due to multiple, consecutive cold start failures. Site scheduled to be unblocked at 06/03/2026 16:11:49, DetailsLevel: WARN
2026-06-03T16:11:45.1522806Z Start site prohibitted because the site is being blocked.
2026-06-03T16:11:49.3156413Z Site: app-financeirax01 is unblocked.
2026-06-03T16:11:50.2059113Z State: Starting, Action: EstablishingSiteNetworks, LastError: ImagePullFailure, LastErrorTimestamp: 06/03/2026 16:10:48, LastErrorDetails: Failed to pull image: ckmcc0522172320.azurecr.io/webapp-financeirax:app-only-20260531170503. Cannot resolve registry address. If VNET is enbaled, check if there's a custom DNS in the VNET that's not resolving the regitry address. Also check if it's blocked by policy or firewall, Details: Site is blocked due to multiple, consecutive cold start failures. Site scheduled to be unblocked at 06/03/2026 16:11:49, DetailsLevel: WARN
2026-06-03T16:11:50.9068112Z State: Starting, Action: StartingSiteContainers, LastError: ImagePullFailure, LastErrorTimestamp: 06/03/2026 16:10:48, LastErrorDetails: Failed to pull image: ckmcc0522172320.azurecr.io/webapp-financeirax:app-only-20260531170503. Cannot resolve registry address. If VNET is enbaled, check if there's a custom DNS in the VNET that's not resolving the regitry address. Also check if it's blocked by policy or firewall, Details: Site is blocked due to multiple, consecutive cold start failures. Site scheduled to be unblocked at 06/03/2026 16:11:49, DetailsLevel: WARN
2026-06-03T16:11:50.9070472Z Container start method called.
2026-06-03T16:11:50.9071135Z State: Starting, Action: PullingImage, LastError: ImagePullFailure, LastErrorTimestamp: 06/03/2026 16:10:48, LastErrorDetails: Failed to pull image: ckmcc0522172320.azurecr.io/webapp-financeirax:app-only-20260531170503. Cannot resolve registry address. If VNET is enbaled, check if there's a custom DNS in the VNET that's not resolving the regitry address. Also check if it's blocked by policy or firewall, Details: Pulling image ckmcc0522172320.azurecr.io/webapp-financeirax:app-only-20260531170503 for app-financeirax01., DetailsLevel: INFO
2026-06-03T16:11:50.9072393Z Establishing network.
2026-06-03T16:11:50.9075834Z Pulling image: ckmcc0522172320.azurecr.io/webapp-financeirax:app-only-20260531170503.
2026-06-03T16:12:03.7922519Z Container pull image failed with reason: ImagePullFailure. Revert by terminate.
2026-06-03T16:12:03.7928376Z Container is terminating. Grace period: 5 seconds.
2026-06-03T16:12:03.7930464Z Container spec TerminationMessagePolicy  path 
2026-06-03T16:12:03.7931863Z Container is terminated. Total time elapsed: 0 ms.
2026-06-03T16:12:03.7934632Z Site container: app-financeirax01 terminated during site startup.
2026-06-03T16:12:03.7935421Z State: Stopping, Action: CancellingStartup, LastError: ImagePullFailure, LastErrorTimestamp: 06/03/2026 16:10:48, LastErrorDetails: Failed to pull image: ckmcc0522172320.azurecr.io/webapp-financeirax:app-only-20260531170503. Cannot resolve registry address. If VNET is enbaled, check if there's a custom DNS in the VNET that's not resolving the regitry address. Also check if it's blocked by policy or firewall, Details: Site container: app-financeirax01 terminated during site startup. Cancelling site startup., DetailsLevel: ERR
2026-06-03T16:12:03.7942167Z State: Stopping, Action: CancellingStartup, LastError: ImagePullFailure, LastErrorTimestamp: 06/03/2026 16:12:03, LastErrorDetails: Failed to pull image: ckmcc0522172320.azurecr.io/webapp-financeirax:app-only-20260531170503. Cannot resolve registry address. If VNET is enbaled, check if there's a custom DNS in the VNET that's not resolving the regitry address. Also check if it's blocked by policy or firewall, Details: Site container: app-financeirax01 terminated during site startup. Cancelling site startup., DetailsLevel: ERR
2026-06-03T16:12:03.8090709Z Failed to start site. Revert by stopping site.
2026-06-03T16:12:03.8100308Z State: Stopping, Action: StoppingSite, LastError: ImagePullFailure, LastErrorTimestamp: 06/03/2026 16:12:03, LastErrorDetails: Failed to pull image: ckmcc0522172320.azurecr.io/webapp-financeirax:app-only-20260531170503. Cannot resolve registry address. If VNET is enbaled, check if there's a custom DNS in the VNET that's not resolving the regitry address. Also check if it's blocked by policy or firewall, Details: Site container: app-financeirax01 terminated during site startup. Cancelling site startup., DetailsLevel: ERR
2026-06-03T16:12:03.8117159Z State: Stopping, Action: StoppingSiteContainers, LastError: ImagePullFailure, LastErrorTimestamp: 06/03/2026 16:12:03, LastErrorDetails: Failed to pull image: ckmcc0522172320.azurecr.io/webapp-financeirax:app-only-20260531170503. Cannot resolve registry address. If VNET is enbaled, check if there's a custom DNS in the VNET that's not resolving the regitry address. Also check if it's blocked by policy or firewall, Details: Site container: app-financeirax01 terminated during site startup. Cancelling site startup., DetailsLevel: ERR
2026-06-03T16:12:03.8117402Z Site: app-financeirax01 stopped.
