2026-06-03T15:12:49.3112284+00:00 ContainerStatus: State: Starting, Action: EstablishingSiteNetworks, LastError: , LastErrorTimestamp: 01/01/0001 00:00:00, LastErrorDetails: , Details: , DetailsLevel: INFO
2026-06-03T15:12:50.8986743+00:00 ContainerStatus: State: Starting, Action: StartingMsiContainer, LastError: , LastErrorTimestamp: 01/01/0001 00:00:00, LastErrorDetails: , Details: , DetailsLevel: INFO
2026-06-03T15:12:56.2541196+00:00 ContainerStatus: State: Starting, Action: StartingSiteContainers, LastError: , LastErrorTimestamp: 01/01/0001 00:00:00, LastErrorDetails: , Details: , DetailsLevel: INFO
2026-06-03T15:12:56.2547343+00:00 ContainerStatus: Container start method called.
2026-06-03T15:12:56.2548338+00:00 ContainerStatus: State: Starting, Action: PullingImage, LastError: , LastErrorTimestamp: 01/01/0001 00:00:00, LastErrorDetails: , Details: Pulling image ckmcc0522172320.azurecr.io/km-api:app-only-20260531170503 for api-financeirax01., DetailsLevel: INFO
2026-06-03T15:12:56.2549988+00:00 ContainerStatus: Establishing network.
2026-06-03T15:12:56.2551679+00:00 ContainerStatus: Pulling image: ckmcc0522172320.azurecr.io/km-api:app-only-20260531170503.
2026-06-03T15:13:09.1753157+00:00 ContainerStatus: Container pull image failed with reason: ImagePullFailure. Revert by terminate.
2026-06-03T15:13:09.1794080+00:00 ContainerStatus: Container is terminating. Grace period: 5 seconds.
2026-06-03T15:13:09.1815618+00:00 ContainerStatus: Container spec TerminationMessagePolicy  path 
2026-06-03T15:13:09.1848480+00:00 ContainerStatus: Container is terminated. Total time elapsed: 4 ms.
2026-06-03T15:13:09.1850396+00:00 ContainerStatus: Site container: api-financeirax01 terminated during site startup.
2026-06-03T15:13:09.1866156+00:00 ContainerStatus: State: Stopping, Action: CancellingStartup, LastError: , LastErrorTimestamp: 01/01/0001 00:00:00, LastErrorDetails: , Details: Site container: api-financeirax01 terminated during site startup. Cancelling site startup., DetailsLevel: ERR
2026-06-03T15:13:09.2004724+00:00 ContainerStatus: State: Stopping, Action: CancellingStartup, LastError: ImagePullFailure, LastErrorTimestamp: 06/03/2026 15:13:09, LastErrorDetails: Failed to pull image: ckmcc0522172320.azurecr.io/km-api:app-only-20260531170503. Cannot resolve registry address. If VNET is enbaled, check if there's a custom DNS in the VNET that's not resolving the regitry address. Also check if it's blocked by policy or firewall, Details: Site container: api-financeirax01 terminated during site startup. Cancelling site startup., DetailsLevel: ERR
2026-06-03T15:13:09.2060540+00:00 ContainerStatus: Failed to start site. Revert by stopping site.
2026-06-03T15:13:09.2129367+00:00 ContainerStatus: State: Stopping, Action: StoppingSite, LastError: ImagePullFailure, LastErrorTimestamp: 06/03/2026 15:13:09, LastErrorDetails: Failed to pull image: ckmcc0522172320.azurecr.io/km-api:app-only-20260531170503. Cannot resolve registry address. If VNET is enbaled, check if there's a custom DNS in the VNET that's not resolving the regitry address. Also check if it's blocked by policy or firewall, Details: Site container: api-financeirax01 terminated during site startup. Cancelling site startup., DetailsLevel: ERR
2026-06-03T15:13:09.2155955+00:00 ContainerStatus: State: Stopping, Action: StoppingSiteContainers, LastError: ImagePullFailure, LastErrorTimestamp: 06/03/2026 15:13:09, LastErrorDetails: Failed to pull image: ckmcc0522172320.azurecr.io/km-api:app-only-20260531170503. Cannot resolve registry address. If VNET is enbaled, check if there's a custom DNS in the VNET that's not resolving the regitry address. Also check if it's blocked by policy or firewall, Details: Site container: api-financeirax01 terminated during site startup. Cancelling site startup., DetailsLevel: ERR
2026-06-03T15:13:09.4456551+00:00 ContainerStatus: Site container: api-financeirax01_managedIdentity terminated during site startup.
2026-06-03T15:13:09.4472157+00:00 ContainerStatus: State: Stopping, Action: StoppingSiteContainers, LastError: ImagePullFailure, LastErrorTimestamp: 06/03/2026 15:13:09, LastErrorDetails: Failed to pull image: ckmcc0522172320.azurecr.io/km-api:app-only-20260531170503. Cannot resolve registry address. If VNET is enbaled, check if there's a custom DNS in the VNET that's not resolving the regitry address. Also check if it's blocked by policy or firewall, Details: Site container: api-financeirax01 terminated during site startup. Cancelling site startup., DetailsLevel: ERR
2026-06-03T15:13:09.4483471+00:00 ContainerStatus: Site: api-financeirax01 stopped.
========== New Cold Start Attempt (2026-06-03T15:20:13.2215540+00:00) ==========
2026-06-03T15:20:13.2215540+00:00 ContainerStatus: State: Starting, Action: EstablishingSiteNetworks, LastError: , LastErrorTimestamp: 01/01/0001 00:00:00, LastErrorDetails: , Details: , DetailsLevel: INFO
2026-06-03T15:20:13.8428569+00:00 ContainerStatus: State: Starting, Action: StartingMsiContainer, LastError: , LastErrorTimestamp: 01/01/0001 00:00:00, LastErrorDetails: , Details: , DetailsLevel: INFO
2026-06-03T15:20:17.9377367+00:00 ContainerStatus: State: Starting, Action: StartingSiteContainers, LastError: , LastErrorTimestamp: 01/01/0001 00:00:00, LastErrorDetails: , Details: , DetailsLevel: INFO
2026-06-03T15:20:17.9379082+00:00 ContainerStatus: Container start method called.
2026-06-03T15:20:17.9380868+00:00 ContainerStatus: State: Starting, Action: PullingImage, LastError: , LastErrorTimestamp: 01/01/0001 00:00:00, LastErrorDetails: , Details: Pulling image ckmcc0522172320.azurecr.io/km-api:app-only-20260531170503 for api-financeirax01., DetailsLevel: INFO
2026-06-03T15:20:17.9381770+00:00 ContainerStatus: Establishing network.
2026-06-03T15:20:17.9382786+00:00 ContainerStatus: Pulling image: ckmcc0522172320.azurecr.io/km-api:app-only-20260531170503.
2026-06-03T15:20:30.4476371+00:00 ContainerStatus: Container pull image failed with reason: ImagePullFailure. Revert by terminate.
2026-06-03T15:20:30.4487043+00:00 ContainerStatus: Container is terminating. Grace period: 5 seconds.
2026-06-03T15:20:30.4490749+00:00 ContainerStatus: Container spec TerminationMessagePolicy  path 
2026-06-03T15:20:30.4492286+00:00 ContainerStatus: Container is terminated. Total time elapsed: 0 ms.
2026-06-03T15:20:30.4494062+00:00 ContainerStatus: Site container: api-financeirax01 terminated during site startup.
2026-06-03T15:20:30.4496724+00:00 ContainerStatus: State: Stopping, Action: CancellingStartup, LastError: , LastErrorTimestamp: 01/01/0001 00:00:00, LastErrorDetails: , Details: Site container: api-financeirax01 terminated during site startup. Cancelling site startup., DetailsLevel: ERR
2026-06-03T15:20:30.4515905+00:00 ContainerStatus: State: Stopping, Action: CancellingStartup, LastError: ImagePullFailure, LastErrorTimestamp: 06/03/2026 15:20:30, LastErrorDetails: Failed to pull image: ckmcc0522172320.azurecr.io/km-api:app-only-20260531170503. Cannot resolve registry address. If VNET is enbaled, check if there's a custom DNS in the VNET that's not resolving the regitry address. Also check if it's blocked by policy or firewall, Details: Site container: api-financeirax01 terminated during site startup. Cancelling site startup., DetailsLevel: ERR
2026-06-03T15:20:30.4563595+00:00 ContainerStatus: Failed to start site. Revert by stopping site.
2026-06-03T15:20:30.4565493+00:00 ContainerStatus: State: Stopping, Action: StoppingSite, LastError: ImagePullFailure, LastErrorTimestamp: 06/03/2026 15:20:30, LastErrorDetails: Failed to pull image: ckmcc0522172320.azurecr.io/km-api:app-only-20260531170503. Cannot resolve registry address. If VNET is enbaled, check if there's a custom DNS in the VNET that's not resolving the regitry address. Also check if it's blocked by policy or firewall, Details: Site container: api-financeirax01 terminated during site startup. Cancelling site startup., DetailsLevel: ERR
2026-06-03T15:20:30.4574122+00:00 ContainerStatus: State: Stopping, Action: StoppingSiteContainers, LastError: ImagePullFailure, LastErrorTimestamp: 06/03/2026 15:20:30, LastErrorDetails: Failed to pull image: ckmcc0522172320.azurecr.io/km-api:app-only-20260531170503. Cannot resolve registry address. If VNET is enbaled, check if there's a custom DNS in the VNET that's not resolving the regitry address. Also check if it's blocked by policy or firewall, Details: Site container: api-financeirax01 terminated during site startup. Cancelling site startup., DetailsLevel: ERR
2026-06-03T15:20:30.6152463+00:00 ContainerStatus: Site container: api-financeirax01_managedIdentity terminated during site startup.
2026-06-03T15:20:30.6153591+00:00 ContainerStatus: State: Stopping, Action: StoppingSiteContainers, LastError: ImagePullFailure, LastErrorTimestamp: 06/03/2026 15:20:30, LastErrorDetails: Failed to pull image: ckmcc0522172320.azurecr.io/km-api:app-only-20260531170503. Cannot resolve registry address. If VNET is enbaled, check if there's a custom DNS in the VNET that's not resolving the regitry address. Also check if it's blocked by policy or firewall, Details: Site container: api-financeirax01 terminated during site startup. Cancelling site startup., DetailsLevel: ERR
2026-06-03T15:20:30.6155258+00:00 ContainerStatus: Site: api-financeirax01 stopped.
========== New Cold Start Attempt (2026-06-03T15:20:30.6226350+00:00) ==========
2026-06-03T15:20:30.6226350+00:00 ContainerStatus: State: Stopping, Action: UnmountingVolumes, LastError: ImagePullFailure, LastErrorTimestamp: 06/03/2026 15:20:30, LastErrorDetails: Failed to pull image: ckmcc0522172320.azurecr.io/km-api:app-only-20260531170503. Cannot resolve registry address. If VNET is enbaled, check if there's a custom DNS in the VNET that's not resolving the regitry address. Also check if it's blocked by policy or firewall, Details: Site container: api-financeirax01 terminated during site startup. Cancelling site startup., DetailsLevel: ERR
2026-06-03T15:20:30.6792837+00:00 ContainerStatus: State: Stopping, Action: StoppingSiteNetworks, LastError: ImagePullFailure, LastErrorTimestamp: 06/03/2026 15:20:30, LastErrorDetails: Failed to pull image: ckmcc0522172320.azurecr.io/km-api:app-only-20260531170503. Cannot resolve registry address. If VNET is enbaled, check if there's a custom DNS in the VNET that's not resolving the regitry address. Also check if it's blocked by policy or firewall, Details: Site container: api-financeirax01 terminated during site startup. Cancelling site startup., DetailsLevel: ERR
2026-06-03T15:20:30.9009352+00:00 ContainerStatus: State: Stopped, Action: None, LastError: ImagePullFailure, LastErrorTimestamp: 06/03/2026 15:20:30, LastErrorDetails: Failed to pull image: ckmcc0522172320.azurecr.io/km-api:app-only-20260531170503. Cannot resolve registry address. If VNET is enbaled, check if there's a custom DNS in the VNET that's not resolving the regitry address. Also check if it's blocked by policy or firewall, Details: Site stopped at 06/03/2026 15:20:30 (UTC), DetailsLevel: ERR
2026-06-03T15:20:31.0420739+00:00 ContainerStatus: State: Stopped, Action: None, LastError: ImagePullFailure, LastErrorTimestamp: 06/03/2026 15:20:30, LastErrorDetails: Failed to pull image: ckmcc0522172320.azurecr.io/km-api:app-only-20260531170503. Cannot resolve registry address. If VNET is enbaled, check if there's a custom DNS in the VNET that's not resolving the regitry address. Also check if it's blocked by policy or firewall, Details: Site stopped at 06/03/2026 15:20:30 (UTC), DetailsLevel: ERR
2026-06-03T15:20:36.1052781+00:00 ContainerStatus: State: Starting, Action: EstablishingSiteNetworks, LastError: ImagePullFailure, LastErrorTimestamp: 06/03/2026 15:20:30, LastErrorDetails: Failed to pull image: ckmcc0522172320.azurecr.io/km-api:app-only-20260531170503. Cannot resolve registry address. If VNET is enbaled, check if there's a custom DNS in the VNET that's not resolving the regitry address. Also check if it's blocked by policy or firewall, Details: Site stopped at 06/03/2026 15:20:30 (UTC), DetailsLevel: ERR
2026-06-03T15:20:36.6266963+00:00 ContainerStatus: State: Starting, Action: StartingMsiContainer, LastError: ImagePullFailure, LastErrorTimestamp: 06/03/2026 15:20:30, LastErrorDetails: Failed to pull image: ckmcc0522172320.azurecr.io/km-api:app-only-20260531170503. Cannot resolve registry address. If VNET is enbaled, check if there's a custom DNS in the VNET that's not resolving the regitry address. Also check if it's blocked by policy or firewall, Details: Site stopped at 06/03/2026 15:20:30 (UTC), DetailsLevel: ERR
2026-06-03T15:20:39.3180021+00:00 ContainerStatus: State: Starting, Action: StartingSiteContainers, LastError: ImagePullFailure, LastErrorTimestamp: 06/03/2026 15:20:30, LastErrorDetails: Failed to pull image: ckmcc0522172320.azurecr.io/km-api:app-only-20260531170503. Cannot resolve registry address. If VNET is enbaled, check if there's a custom DNS in the VNET that's not resolving the regitry address. Also check if it's blocked by policy or firewall, Details: Site stopped at 06/03/2026 15:20:30 (UTC), DetailsLevel: ERR
2026-06-03T15:20:39.3181451+00:00 ContainerStatus: Container start method called.
2026-06-03T15:20:39.3182079+00:00 ContainerStatus: State: Starting, Action: PullingImage, LastError: ImagePullFailure, LastErrorTimestamp: 06/03/2026 15:20:30, LastErrorDetails: Failed to pull image: ckmcc0522172320.azurecr.io/km-api:app-only-20260531170503. Cannot resolve registry address. If VNET is enbaled, check if there's a custom DNS in the VNET that's not resolving the regitry address. Also check if it's blocked by policy or firewall, Details: Pulling image ckmcc0522172320.azurecr.io/km-api:app-only-20260531170503 for api-financeirax01., DetailsLevel: INFO
2026-06-03T15:20:39.3183391+00:00 ContainerStatus: Establishing network.
2026-06-03T15:20:39.3184830+00:00 ContainerStatus: Pulling image: ckmcc0522172320.azurecr.io/km-api:app-only-20260531170503.
2026-06-03T15:20:52.0149050+00:00 ContainerStatus: Container pull image failed with reason: ImagePullFailure. Revert by terminate.
2026-06-03T15:20:52.0152451+00:00 ContainerStatus: Container is terminating. Grace period: 5 seconds.
2026-06-03T15:20:52.0154016+00:00 ContainerStatus: Container spec TerminationMessagePolicy  path 
2026-06-03T15:20:52.0155439+00:00 ContainerStatus: Container is terminated. Total time elapsed: 0 ms.
2026-06-03T15:20:52.0156749+00:00 ContainerStatus: Site container: api-financeirax01 terminated during site startup.
2026-06-03T15:20:52.0162076+00:00 ContainerStatus: State: Stopping, Action: CancellingStartup, LastError: ImagePullFailure, LastErrorTimestamp: 06/03/2026 15:20:30, LastErrorDetails: Failed to pull image: ckmcc0522172320.azurecr.io/km-api:app-only-20260531170503. Cannot resolve registry address. If VNET is enbaled, check if there's a custom DNS in the VNET that's not resolving the regitry address. Also check if it's blocked by policy or firewall, Details: Site container: api-financeirax01 terminated during site startup. Cancelling site startup., DetailsLevel: ERR
2026-06-03T15:20:52.0191367+00:00 ContainerStatus: State: Stopping, Action: CancellingStartup, LastError: ImagePullFailure, LastErrorTimestamp: 06/03/2026 15:20:52, LastErrorDetails: Failed to pull image: ckmcc0522172320.azurecr.io/km-api:app-only-20260531170503. Cannot resolve registry address. If VNET is enbaled, check if there's a custom DNS in the VNET that's not resolving the regitry address. Also check if it's blocked by policy or firewall, Details: Site container: api-financeirax01 terminated during site startup. Cancelling site startup., DetailsLevel: ERR
2026-06-03T15:20:52.0258841+00:00 ContainerStatus: Failed to start site. Revert by stopping site.
2026-06-03T15:20:52.0261186+00:00 ContainerStatus: State: Stopping, Action: StoppingSite, LastError: ImagePullFailure, LastErrorTimestamp: 06/03/2026 15:20:52, LastErrorDetails: Failed to pull image: ckmcc0522172320.azurecr.io/km-api:app-only-20260531170503. Cannot resolve registry address. If VNET is enbaled, check if there's a custom DNS in the VNET that's not resolving the regitry address. Also check if it's blocked by policy or firewall, Details: Site container: api-financeirax01 terminated during site startup. Cancelling site startup., DetailsLevel: ERR
2026-06-03T15:20:52.0264689+00:00 ContainerStatus: State: Stopping, Action: StoppingSiteContainers, LastError: ImagePullFailure, LastErrorTimestamp: 06/03/2026 15:20:52, LastErrorDetails: Failed to pull image: ckmcc0522172320.azurecr.io/km-api:app-only-20260531170503. Cannot resolve registry address. If VNET is enbaled, check if there's a custom DNS in the VNET that's not resolving the regitry address. Also check if it's blocked by policy or firewall, Details: Site container: api-financeirax01 terminated during site startup. Cancelling site startup., DetailsLevel: ERR
2026-06-03T15:20:52.5439350+00:00 ContainerStatus: Site container: api-financeirax01_managedIdentity terminated during site startup.
2026-06-03T15:20:52.5440311+00:00 ContainerStatus: State: Stopping, Action: StoppingSiteContainers, LastError: ImagePullFailure, LastErrorTimestamp: 06/03/2026 15:20:52, LastErrorDetails: Failed to pull image: ckmcc0522172320.azurecr.io/km-api:app-only-20260531170503. Cannot resolve registry address. If VNET is enbaled, check if there's a custom DNS in the VNET that's not resolving the regitry address. Also check if it's blocked by policy or firewall, Details: Site container: api-financeirax01 terminated during site startup. Cancelling site startup., DetailsLevel: ERR
2026-06-03T15:20:52.5441886+00:00 ContainerStatus: Site: api-financeirax01 stopped.
========== New Cold Start Attempt (2026-06-03T15:20:52.5483050+00:00) ==========
2026-06-03T15:20:52.5483050+00:00 ContainerStatus: State: Stopping, Action: UnmountingVolumes, LastError: ImagePullFailure, LastErrorTimestamp: 06/03/2026 15:20:52, LastErrorDetails: Failed to pull image: ckmcc0522172320.azurecr.io/km-api:app-only-20260531170503. Cannot resolve registry address. If VNET is enbaled, check if there's a custom DNS in the VNET that's not resolving the regitry address. Also check if it's blocked by policy or firewall, Details: Site container: api-financeirax01 terminated during site startup. Cancelling site startup., DetailsLevel: ERR
2026-06-03T15:20:52.6063297+00:00 ContainerStatus: State: Stopping, Action: StoppingSiteNetworks, LastError: ImagePullFailure, LastErrorTimestamp: 06/03/2026 15:20:52, LastErrorDetails: Failed to pull image: ckmcc0522172320.azurecr.io/km-api:app-only-20260531170503. Cannot resolve registry address. If VNET is enbaled, check if there's a custom DNS in the VNET that's not resolving the regitry address. Also check if it's blocked by policy or firewall, Details: Site container: api-financeirax01 terminated during site startup. Cancelling site startup., DetailsLevel: ERR
2026-06-03T15:20:52.8356067+00:00 ContainerStatus: Site: api-financeirax01 will be blocked for 1 minutes till 06/03/2026 15:21:52
2026-06-03T15:20:52.8363525+00:00 ContainerStatus: State: Blocked, Action: StoppingSiteNetworks, LastError: ImagePullFailure, LastErrorTimestamp: 06/03/2026 15:20:52, LastErrorDetails: Failed to pull image: ckmcc0522172320.azurecr.io/km-api:app-only-20260531170503. Cannot resolve registry address. If VNET is enbaled, check if there's a custom DNS in the VNET that's not resolving the regitry address. Also check if it's blocked by policy or firewall, Details: Site: api-financeirax01 will be blocked for 1 minutes till 06/03/2026 15:21:52, DetailsLevel: WARN
2026-06-03T15:20:52.8427854+00:00 ContainerStatus: State: Stopped, Action: None, LastError: ImagePullFailure, LastErrorTimestamp: 06/03/2026 15:20:52, LastErrorDetails: Failed to pull image: ckmcc0522172320.azurecr.io/km-api:app-only-20260531170503. Cannot resolve registry address. If VNET is enbaled, check if there's a custom DNS in the VNET that's not resolving the regitry address. Also check if it's blocked by policy or firewall, Details: Site stopped at 06/03/2026 15:20:52 (UTC), DetailsLevel: WARN
2026-06-03T15:20:52.9450081+00:00 ContainerStatus: State: Stopped, Action: None, LastError: ImagePullFailure, LastErrorTimestamp: 06/03/2026 15:20:52, LastErrorDetails: Failed to pull image: ckmcc0522172320.azurecr.io/km-api:app-only-20260531170503. Cannot resolve registry address. If VNET is enbaled, check if there's a custom DNS in the VNET that's not resolving the regitry address. Also check if it's blocked by policy or firewall, Details: Site stopped at 06/03/2026 15:20:52 (UTC), DetailsLevel: WARN
2026-06-03T15:20:58.0087021+00:00 ContainerStatus: State: Blocked, Action: None, LastError: ImagePullFailure, LastErrorTimestamp: 06/03/2026 15:20:52, LastErrorDetails: Failed to pull image: ckmcc0522172320.azurecr.io/km-api:app-only-20260531170503. Cannot resolve registry address. If VNET is enbaled, check if there's a custom DNS in the VNET that's not resolving the regitry address. Also check if it's blocked by policy or firewall, Details: Site is blocked due to multiple, consecutive cold start failures. Site scheduled to be unblocked at 06/03/2026 15:21:52, DetailsLevel: WARN
2026-06-03T15:20:58.0087343+00:00 ContainerStatus: Start site prohibitted because the site is being blocked.
2026-06-03T15:21:03.0586902+00:00 ContainerStatus: State: Blocked, Action: None, LastError: ImagePullFailure, LastErrorTimestamp: 06/03/2026 15:20:52, LastErrorDetails: Failed to pull image: ckmcc0522172320.azurecr.io/km-api:app-only-20260531170503. Cannot resolve registry address. If VNET is enbaled, check if there's a custom DNS in the VNET that's not resolving the regitry address. Also check if it's blocked by policy or firewall, Details: Site is blocked due to multiple, consecutive cold start failures. Site scheduled to be unblocked at 06/03/2026 15:21:52, DetailsLevel: WARN
2026-06-03T15:21:03.0587232+00:00 ContainerStatus: Start site prohibitted because the site is being blocked.
2026-06-03T15:21:08.1177101+00:00 ContainerStatus: State: Blocked, Action: None, LastError: ImagePullFailure, LastErrorTimestamp: 06/03/2026 15:20:52, LastErrorDetails: Failed to pull image: ckmcc0522172320.azurecr.io/km-api:app-only-20260531170503. Cannot resolve registry address. If VNET is enbaled, check if there's a custom DNS in the VNET that's not resolving the regitry address. Also check if it's blocked by policy or firewall, Details: Site is blocked due to multiple, consecutive cold start failures. Site scheduled to be unblocked at 06/03/2026 15:21:52, DetailsLevel: WARN
2026-06-03T15:21:08.1177464+00:00 ContainerStatus: Start site prohibitted because the site is being blocked.
2026-06-03T15:21:13.2363004+00:00 ContainerStatus: State: Blocked, Action: None, LastError: ImagePullFailure, LastErrorTimestamp: 06/03/2026 15:20:52, LastErrorDetails: Failed to pull image: ckmcc0522172320.azurecr.io/km-api:app-only-20260531170503. Cannot resolve registry address. If VNET is enbaled, check if there's a custom DNS in the VNET that's not resolving the regitry address. Also check if it's blocked by policy or firewall, Details: Site is blocked due to multiple, consecutive cold start failures. Site scheduled to be unblocked at 06/03/2026 15:21:52, DetailsLevel: WARN
2026-06-03T15:21:13.2363261+00:00 ContainerStatus: Start site prohibitted because the site is being blocked.
2026-06-03T15:21:18.3042122+00:00 ContainerStatus: State: Blocked, Action: None, LastError: ImagePullFailure, LastErrorTimestamp: 06/03/2026 15:20:52, LastErrorDetails: Failed to pull image: ckmcc0522172320.azurecr.io/km-api:app-only-20260531170503. Cannot resolve registry address. If VNET is enbaled, check if there's a custom DNS in the VNET that's not resolving the regitry address. Also check if it's blocked by policy or firewall, Details: Site is blocked due to multiple, consecutive cold start failures. Site scheduled to be unblocked at 06/03/2026 15:21:52, DetailsLevel: WARN
2026-06-03T15:21:18.3047350+00:00 ContainerStatus: Start site prohibitted because the site is being blocked.
2026-06-03T15:21:23.3619714+00:00 ContainerStatus: State: Blocked, Action: None, LastError: ImagePullFailure, LastErrorTimestamp: 06/03/2026 15:20:52, LastErrorDetails: Failed to pull image: ckmcc0522172320.azurecr.io/km-api:app-only-20260531170503. Cannot resolve registry address. If VNET is enbaled, check if there's a custom DNS in the VNET that's not resolving the regitry address. Also check if it's blocked by policy or firewall, Details: Site is blocked due to multiple, consecutive cold start failures. Site scheduled to be unblocked at 06/03/2026 15:21:52, DetailsLevel: WARN
2026-06-03T15:21:23.3620028+00:00 ContainerStatus: Start site prohibitted because the site is being blocked.
2026-06-03T15:21:28.4066241+00:00 ContainerStatus: State: Blocked, Action: None, LastError: ImagePullFailure, LastErrorTimestamp: 06/03/2026 15:20:52, LastErrorDetails: Failed to pull image: ckmcc0522172320.azurecr.io/km-api:app-only-20260531170503. Cannot resolve registry address. If VNET is enbaled, check if there's a custom DNS in the VNET that's not resolving the regitry address. Also check if it's blocked by policy or firewall, Details: Site is blocked due to multiple, consecutive cold start failures. Site scheduled to be unblocked at 06/03/2026 15:21:52, DetailsLevel: WARN
2026-06-03T15:21:28.4066518+00:00 ContainerStatus: Start site prohibitted because the site is being blocked.
2026-06-03T15:21:33.4598019+00:00 ContainerStatus: State: Blocked, Action: None, LastError: ImagePullFailure, LastErrorTimestamp: 06/03/2026 15:20:52, LastErrorDetails: Failed to pull image: ckmcc0522172320.azurecr.io/km-api:app-only-20260531170503. Cannot resolve registry address. If VNET is enbaled, check if there's a custom DNS in the VNET that's not resolving the regitry address. Also check if it's blocked by policy or firewall, Details: Site is blocked due to multiple, consecutive cold start failures. Site scheduled to be unblocked at 06/03/2026 15:21:52, DetailsLevel: WARN
2026-06-03T15:21:33.4599453+00:00 ContainerStatus: Start site prohibitted because the site is being blocked.
2026-06-03T15:21:38.5234182+00:00 ContainerStatus: State: Blocked, Action: None, LastError: ImagePullFailure, LastErrorTimestamp: 06/03/2026 15:20:52, LastErrorDetails: Failed to pull image: ckmcc0522172320.azurecr.io/km-api:app-only-20260531170503. Cannot resolve registry address. If VNET is enbaled, check if there's a custom DNS in the VNET that's not resolving the regitry address. Also check if it's blocked by policy or firewall, Details: Site is blocked due to multiple, consecutive cold start failures. Site scheduled to be unblocked at 06/03/2026 15:21:52, DetailsLevel: WARN
2026-06-03T15:21:38.5234511+00:00 ContainerStatus: Start site prohibitted because the site is being blocked.
2026-06-03T15:21:43.5768357+00:00 ContainerStatus: State: Blocked, Action: None, LastError: ImagePullFailure, LastErrorTimestamp: 06/03/2026 15:20:52, LastErrorDetails: Failed to pull image: ckmcc0522172320.azurecr.io/km-api:app-only-20260531170503. Cannot resolve registry address. If VNET is enbaled, check if there's a custom DNS in the VNET that's not resolving the regitry address. Also check if it's blocked by policy or firewall, Details: Site is blocked due to multiple, consecutive cold start failures. Site scheduled to be unblocked at 06/03/2026 15:21:52, DetailsLevel: WARN
2026-06-03T15:21:43.5769717+00:00 ContainerStatus: Start site prohibitted because the site is being blocked.
2026-06-03T15:21:48.6398525+00:00 ContainerStatus: State: Blocked, Action: None, LastError: ImagePullFailure, LastErrorTimestamp: 06/03/2026 15:20:52, LastErrorDetails: Failed to pull image: ckmcc0522172320.azurecr.io/km-api:app-only-20260531170503. Cannot resolve registry address. If VNET is enbaled, check if there's a custom DNS in the VNET that's not resolving the regitry address. Also check if it's blocked by policy or firewall, Details: Site is blocked due to multiple, consecutive cold start failures. Site scheduled to be unblocked at 06/03/2026 15:21:52, DetailsLevel: WARN
2026-06-03T15:21:48.6416697+00:00 ContainerStatus: Start site prohibitted because the site is being blocked.
2026-06-03T15:21:52.8361290+00:00 ContainerStatus: Site: api-financeirax01 is unblocked.
2026-06-03T15:21:53.7158424+00:00 ContainerStatus: State: Starting, Action: EstablishingSiteNetworks, LastError: ImagePullFailure, LastErrorTimestamp: 06/03/2026 15:20:52, LastErrorDetails: Failed to pull image: ckmcc0522172320.azurecr.io/km-api:app-only-20260531170503. Cannot resolve registry address. If VNET is enbaled, check if there's a custom DNS in the VNET that's not resolving the regitry address. Also check if it's blocked by policy or firewall, Details: Site is blocked due to multiple, consecutive cold start failures. Site scheduled to be unblocked at 06/03/2026 15:21:52, DetailsLevel: WARN
2026-06-03T15:21:54.1702479+00:00 ContainerStatus: State: Starting, Action: StartingMsiContainer, LastError: ImagePullFailure, LastErrorTimestamp: 06/03/2026 15:20:52, LastErrorDetails: Failed to pull image: ckmcc0522172320.azurecr.io/km-api:app-only-20260531170503. Cannot resolve registry address. If VNET is enbaled, check if there's a custom DNS in the VNET that's not resolving the regitry address. Also check if it's blocked by policy or firewall, Details: Site is blocked due to multiple, consecutive cold start failures. Site scheduled to be unblocked at 06/03/2026 15:21:52, DetailsLevel: WARN
2026-06-03T15:21:56.8346463+00:00 ContainerStatus: State: Starting, Action: StartingSiteContainers, LastError: ImagePullFailure, LastErrorTimestamp: 06/03/2026 15:20:52, LastErrorDetails: Failed to pull image: ckmcc0522172320.azurecr.io/km-api:app-only-20260531170503. Cannot resolve registry address. If VNET is enbaled, check if there's a custom DNS in the VNET that's not resolving the regitry address. Also check if it's blocked by policy or firewall, Details: Site is blocked due to multiple, consecutive cold start failures. Site scheduled to be unblocked at 06/03/2026 15:21:52, DetailsLevel: WARN
2026-06-03T15:21:56.8407132+00:00 ContainerStatus: Container start method called.
2026-06-03T15:21:56.8408323+00:00 ContainerStatus: State: Starting, Action: PullingImage, LastError: ImagePullFailure, LastErrorTimestamp: 06/03/2026 15:20:52, LastErrorDetails: Failed to pull image: ckmcc0522172320.azurecr.io/km-api:app-only-20260531170503. Cannot resolve registry address. If VNET is enbaled, check if there's a custom DNS in the VNET that's not resolving the regitry address. Also check if it's blocked by policy or firewall, Details: Pulling image ckmcc0522172320.azurecr.io/km-api:app-only-20260531170503 for api-financeirax01., DetailsLevel: INFO
2026-06-03T15:21:56.8409610+00:00 ContainerStatus: Establishing network.
2026-06-03T15:21:56.8411140+00:00 ContainerStatus: Pulling image: ckmcc0522172320.azurecr.io/km-api:app-only-20260531170503.
2026-06-03T15:22:11.0966940+00:00 ContainerStatus: Container pull image failed with reason: ImagePullFailure. Revert by terminate.
2026-06-03T15:22:11.1028421+00:00 ContainerStatus: Container is terminating. Grace period: 5 seconds.
2026-06-03T15:22:11.1030215+00:00 ContainerStatus: Container spec TerminationMessagePolicy  path 
2026-06-03T15:22:11.1031581+00:00 ContainerStatus: Container is terminated. Total time elapsed: 0 ms.
2026-06-03T15:22:11.1115479+00:00 ContainerStatus: Site container: api-financeirax01 terminated during site startup.
2026-06-03T15:22:11.1164312+00:00 ContainerStatus: State: Stopping, Action: CancellingStartup, LastError: ImagePullFailure, LastErrorTimestamp: 06/03/2026 15:20:52, LastErrorDetails: Failed to pull image: ckmcc0522172320.azurecr.io/km-api:app-only-20260531170503. Cannot resolve registry address. If VNET is enbaled, check if there's a custom DNS in the VNET that's not resolving the regitry address. Also check if it's blocked by policy or firewall, Details: Site container: api-financeirax01 terminated during site startup. Cancelling site startup., DetailsLevel: ERR
2026-06-03T15:22:11.1356730+00:00 ContainerStatus: State: Stopping, Action: CancellingStartup, LastError: ImagePullFailure, LastErrorTimestamp: 06/03/2026 15:22:11, LastErrorDetails: Failed to pull image: ckmcc0522172320.azurecr.io/km-api:app-only-20260531170503. Cannot resolve registry address. If VNET is enbaled, check if there's a custom DNS in the VNET that's not resolving the regitry address. Also check if it's blocked by policy or firewall, Details: Site container: api-financeirax01 terminated during site startup. Cancelling site startup., DetailsLevel: ERR
2026-06-03T15:22:11.1567927+00:00 ContainerStatus: Failed to start site. Revert by stopping site.
2026-06-03T15:22:11.1570033+00:00 ContainerStatus: State: Stopping, Action: StoppingSite, LastError: ImagePullFailure, LastErrorTimestamp: 06/03/2026 15:22:11, LastErrorDetails: Failed to pull image: ckmcc0522172320.azurecr.io/km-api:app-only-20260531170503. Cannot resolve registry address. If VNET is enbaled, check if there's a custom DNS in the VNET that's not resolving the regitry address. Also check if it's blocked by policy or firewall, Details: Site container: api-financeirax01 terminated during site startup. Cancelling site startup., DetailsLevel: ERR
2026-06-03T15:22:11.1607079+00:00 ContainerStatus: State: Stopping, Action: StoppingSiteContainers, LastError: ImagePullFailure, LastErrorTimestamp: 06/03/2026 15:22:11, LastErrorDetails: Failed to pull image: ckmcc0522172320.azurecr.io/km-api:app-only-20260531170503. Cannot resolve registry address. If VNET is enbaled, check if there's a custom DNS in the VNET that's not resolving the regitry address. Also check if it's blocked by policy or firewall, Details: Site container: api-financeirax01 terminated during site startup. Cancelling site startup., DetailsLevel: ERR
2026-06-03T15:22:12.1174286+00:00 ContainerStatus: Site container: api-financeirax01_managedIdentity terminated during site startup.
2026-06-03T15:22:12.1316182+00:00 ContainerStatus: State: Stopping, Action: StoppingSiteContainers, LastError: ImagePullFailure, LastErrorTimestamp: 06/03/2026 15:22:11, LastErrorDetails: Failed to pull image: ckmcc0522172320.azurecr.io/km-api:app-only-20260531170503. Cannot resolve registry address. If VNET is enbaled, check if there's a custom DNS in the VNET that's not resolving the regitry address. Also check if it's blocked by policy or firewall, Details: Site container: api-financeirax01 terminated during site startup. Cancelling site startup., DetailsLevel: ERR
2026-06-03T15:22:12.1423635+00:00 ContainerStatus: Site: api-financeirax01 stopped.
