2026-06-03T10:27:58.1303992+00:00 ContainerStatus: State: Starting, Action: EstablishingSiteNetworks, LastError: , LastErrorTimestamp: 01/01/0001 00:00:00, LastErrorDetails: , Details: , DetailsLevel: INFO
2026-06-03T10:27:59.0723590+00:00 ContainerStatus: State: Starting, Action: StartingMsiContainer, LastError: , LastErrorTimestamp: 01/01/0001 00:00:00, LastErrorDetails: , Details: , DetailsLevel: INFO
2026-06-03T10:28:03.4561623+00:00 ContainerStatus: State: Starting, Action: StartingSiteContainers, LastError: , LastErrorTimestamp: 01/01/0001 00:00:00, LastErrorDetails: , Details: , DetailsLevel: INFO
2026-06-03T10:28:03.4565451+00:00 ContainerStatus: Container start method called.
2026-06-03T10:28:03.4566218+00:00 ContainerStatus: State: Starting, Action: PullingImage, LastError: , LastErrorTimestamp: 01/01/0001 00:00:00, LastErrorDetails: , Details: Pulling image ckmcc0522172320.azurecr.io/km-api:app-only-20260531170503 for api-financeirax01., DetailsLevel: INFO
2026-06-03T10:28:03.4567802+00:00 ContainerStatus: Establishing network.
2026-06-03T10:28:03.4569466+00:00 ContainerStatus: Pulling image: ckmcc0522172320.azurecr.io/km-api:app-only-20260531170503.
2026-06-03T10:28:16.1049725+00:00 ContainerStatus: Container pull image failed with reason: ImagePullFailure. Revert by terminate.
2026-06-03T10:28:16.1081400+00:00 ContainerStatus: Container is terminating. Grace period: 5 seconds.
2026-06-03T10:28:16.1090845+00:00 ContainerStatus: Container spec TerminationMessagePolicy  path 
2026-06-03T10:28:16.1117983+00:00 ContainerStatus: Container is terminated. Total time elapsed: 2 ms.
2026-06-03T10:28:16.1121327+00:00 ContainerStatus: Site container: api-financeirax01 terminated during site startup.
2026-06-03T10:28:16.1134457+00:00 ContainerStatus: State: Stopping, Action: CancellingStartup, LastError: , LastErrorTimestamp: 01/01/0001 00:00:00, LastErrorDetails: , Details: Site container: api-financeirax01 terminated during site startup. Cancelling site startup., DetailsLevel: ERR
2026-06-03T10:28:16.1225973+00:00 ContainerStatus: State: Stopping, Action: CancellingStartup, LastError: ImagePullFailure, LastErrorTimestamp: 06/03/2026 10:28:16, LastErrorDetails: Failed to pull image: ckmcc0522172320.azurecr.io/km-api:app-only-20260531170503. Cannot resolve registry address. If VNET is enbaled, check if there's a custom DNS in the VNET that's not resolving the regitry address. Also check if it's blocked by policy or firewall, Details: Site container: api-financeirax01 terminated during site startup. Cancelling site startup., DetailsLevel: ERR
2026-06-03T10:28:16.1277139+00:00 ContainerStatus: Failed to start site. Revert by stopping site.
2026-06-03T10:28:16.1319278+00:00 ContainerStatus: State: Stopping, Action: StoppingSite, LastError: ImagePullFailure, LastErrorTimestamp: 06/03/2026 10:28:16, LastErrorDetails: Failed to pull image: ckmcc0522172320.azurecr.io/km-api:app-only-20260531170503. Cannot resolve registry address. If VNET is enbaled, check if there's a custom DNS in the VNET that's not resolving the regitry address. Also check if it's blocked by policy or firewall, Details: Site container: api-financeirax01 terminated during site startup. Cancelling site startup., DetailsLevel: ERR
2026-06-03T10:28:16.1340192+00:00 ContainerStatus: State: Stopping, Action: StoppingSiteContainers, LastError: ImagePullFailure, LastErrorTimestamp: 06/03/2026 10:28:16, LastErrorDetails: Failed to pull image: ckmcc0522172320.azurecr.io/km-api:app-only-20260531170503. Cannot resolve registry address. If VNET is enbaled, check if there's a custom DNS in the VNET that's not resolving the regitry address. Also check if it's blocked by policy or firewall, Details: Site container: api-financeirax01 terminated during site startup. Cancelling site startup., DetailsLevel: ERR
2026-06-03T10:28:16.2810828+00:00 ContainerStatus: Site container: api-financeirax01_managedIdentity terminated during site startup.
2026-06-03T10:28:16.2815598+00:00 ContainerStatus: State: Stopping, Action: StoppingSiteContainers, LastError: ImagePullFailure, LastErrorTimestamp: 06/03/2026 10:28:16, LastErrorDetails: Failed to pull image: ckmcc0522172320.azurecr.io/km-api:app-only-20260531170503. Cannot resolve registry address. If VNET is enbaled, check if there's a custom DNS in the VNET that's not resolving the regitry address. Also check if it's blocked by policy or firewall, Details: Site container: api-financeirax01 terminated during site startup. Cancelling site startup., DetailsLevel: ERR
2026-06-03T10:28:16.2834666+00:00 ContainerStatus: Site: api-financeirax01 stopped.
========== New Cold Start Attempt (2026-06-03T10:35:16.9744220+00:00) ==========
2026-06-03T10:35:16.9744220+00:00 ContainerStatus: State: Starting, Action: EstablishingSiteNetworks, LastError: , LastErrorTimestamp: 01/01/0001 00:00:00, LastErrorDetails: , Details: , DetailsLevel: INFO
2026-06-03T10:35:17.7559547+00:00 ContainerStatus: State: Starting, Action: StartingMsiContainer, LastError: , LastErrorTimestamp: 01/01/0001 00:00:00, LastErrorDetails: , Details: , DetailsLevel: INFO
2026-06-03T10:35:20.6839941+00:00 ContainerStatus: State: Starting, Action: StartingSiteContainers, LastError: , LastErrorTimestamp: 01/01/0001 00:00:00, LastErrorDetails: , Details: , DetailsLevel: INFO
2026-06-03T10:35:20.6841704+00:00 ContainerStatus: Container start method called.
2026-06-03T10:35:20.6846611+00:00 ContainerStatus: State: Starting, Action: PullingImage, LastError: , LastErrorTimestamp: 01/01/0001 00:00:00, LastErrorDetails: , Details: Pulling image ckmcc0522172320.azurecr.io/km-api:app-only-20260531170503 for api-financeirax01., DetailsLevel: INFO
2026-06-03T10:35:20.6848026+00:00 ContainerStatus: Establishing network.
2026-06-03T10:35:20.6849545+00:00 ContainerStatus: Pulling image: ckmcc0522172320.azurecr.io/km-api:app-only-20260531170503.
2026-06-03T10:35:33.1395178+00:00 ContainerStatus: Container pull image failed with reason: ImagePullFailure. Revert by terminate.
2026-06-03T10:35:33.1397129+00:00 ContainerStatus: Container is terminating. Grace period: 5 seconds.
2026-06-03T10:35:33.1398184+00:00 ContainerStatus: Container spec TerminationMessagePolicy  path 
2026-06-03T10:35:33.1399247+00:00 ContainerStatus: Container is terminated. Total time elapsed: 0 ms.
2026-06-03T10:35:33.1400365+00:00 ContainerStatus: Site container: api-financeirax01 terminated during site startup.
2026-06-03T10:35:33.1401139+00:00 ContainerStatus: State: Stopping, Action: CancellingStartup, LastError: , LastErrorTimestamp: 01/01/0001 00:00:00, LastErrorDetails: , Details: Site container: api-financeirax01 terminated during site startup. Cancelling site startup., DetailsLevel: ERR
2026-06-03T10:35:33.1411067+00:00 ContainerStatus: State: Stopping, Action: CancellingStartup, LastError: ImagePullFailure, LastErrorTimestamp: 06/03/2026 10:35:33, LastErrorDetails: Failed to pull image: ckmcc0522172320.azurecr.io/km-api:app-only-20260531170503. Cannot resolve registry address. If VNET is enbaled, check if there's a custom DNS in the VNET that's not resolving the regitry address. Also check if it's blocked by policy or firewall, Details: Site container: api-financeirax01 terminated during site startup. Cancelling site startup., DetailsLevel: ERR
2026-06-03T10:35:33.1488385+00:00 ContainerStatus: Failed to start site. Revert by stopping site.
2026-06-03T10:35:33.1489811+00:00 ContainerStatus: State: Stopping, Action: StoppingSite, LastError: ImagePullFailure, LastErrorTimestamp: 06/03/2026 10:35:33, LastErrorDetails: Failed to pull image: ckmcc0522172320.azurecr.io/km-api:app-only-20260531170503. Cannot resolve registry address. If VNET is enbaled, check if there's a custom DNS in the VNET that's not resolving the regitry address. Also check if it's blocked by policy or firewall, Details: Site container: api-financeirax01 terminated during site startup. Cancelling site startup., DetailsLevel: ERR
2026-06-03T10:35:33.1516850+00:00 ContainerStatus: State: Stopping, Action: StoppingSiteContainers, LastError: ImagePullFailure, LastErrorTimestamp: 06/03/2026 10:35:33, LastErrorDetails: Failed to pull image: ckmcc0522172320.azurecr.io/km-api:app-only-20260531170503. Cannot resolve registry address. If VNET is enbaled, check if there's a custom DNS in the VNET that's not resolving the regitry address. Also check if it's blocked by policy or firewall, Details: Site container: api-financeirax01 terminated during site startup. Cancelling site startup., DetailsLevel: ERR
2026-06-03T10:35:33.3054919+00:00 ContainerStatus: Site container: api-financeirax01_managedIdentity terminated during site startup.
2026-06-03T10:35:33.3074386+00:00 ContainerStatus: State: Stopping, Action: StoppingSiteContainers, LastError: ImagePullFailure, LastErrorTimestamp: 06/03/2026 10:35:33, LastErrorDetails: Failed to pull image: ckmcc0522172320.azurecr.io/km-api:app-only-20260531170503. Cannot resolve registry address. If VNET is enbaled, check if there's a custom DNS in the VNET that's not resolving the regitry address. Also check if it's blocked by policy or firewall, Details: Site container: api-financeirax01 terminated during site startup. Cancelling site startup., DetailsLevel: ERR
2026-06-03T10:35:33.3078114+00:00 ContainerStatus: Site: api-financeirax01 stopped.
========== New Cold Start Attempt (2026-06-03T10:35:33.3128901+00:00) ==========
2026-06-03T10:35:33.3128901+00:00 ContainerStatus: State: Stopping, Action: UnmountingVolumes, LastError: ImagePullFailure, LastErrorTimestamp: 06/03/2026 10:35:33, LastErrorDetails: Failed to pull image: ckmcc0522172320.azurecr.io/km-api:app-only-20260531170503. Cannot resolve registry address. If VNET is enbaled, check if there's a custom DNS in the VNET that's not resolving the regitry address. Also check if it's blocked by policy or firewall, Details: Site container: api-financeirax01 terminated during site startup. Cancelling site startup., DetailsLevel: ERR
2026-06-03T10:35:33.3721006+00:00 ContainerStatus: State: Stopping, Action: StoppingSiteNetworks, LastError: ImagePullFailure, LastErrorTimestamp: 06/03/2026 10:35:33, LastErrorDetails: Failed to pull image: ckmcc0522172320.azurecr.io/km-api:app-only-20260531170503. Cannot resolve registry address. If VNET is enbaled, check if there's a custom DNS in the VNET that's not resolving the regitry address. Also check if it's blocked by policy or firewall, Details: Site container: api-financeirax01 terminated during site startup. Cancelling site startup., DetailsLevel: ERR
2026-06-03T10:35:33.6473719+00:00 ContainerStatus: State: Stopped, Action: None, LastError: ImagePullFailure, LastErrorTimestamp: 06/03/2026 10:35:33, LastErrorDetails: Failed to pull image: ckmcc0522172320.azurecr.io/km-api:app-only-20260531170503. Cannot resolve registry address. If VNET is enbaled, check if there's a custom DNS in the VNET that's not resolving the regitry address. Also check if it's blocked by policy or firewall, Details: Site stopped at 06/03/2026 10:35:33 (UTC), DetailsLevel: ERR
2026-06-03T10:35:33.7736196+00:00 ContainerStatus: State: Stopped, Action: None, LastError: ImagePullFailure, LastErrorTimestamp: 06/03/2026 10:35:33, LastErrorDetails: Failed to pull image: ckmcc0522172320.azurecr.io/km-api:app-only-20260531170503. Cannot resolve registry address. If VNET is enbaled, check if there's a custom DNS in the VNET that's not resolving the regitry address. Also check if it's blocked by policy or firewall, Details: Site stopped at 06/03/2026 10:35:33 (UTC), DetailsLevel: ERR
2026-06-03T10:35:38.8150954+00:00 ContainerStatus: State: Starting, Action: EstablishingSiteNetworks, LastError: ImagePullFailure, LastErrorTimestamp: 06/03/2026 10:35:33, LastErrorDetails: Failed to pull image: ckmcc0522172320.azurecr.io/km-api:app-only-20260531170503. Cannot resolve registry address. If VNET is enbaled, check if there's a custom DNS in the VNET that's not resolving the regitry address. Also check if it's blocked by policy or firewall, Details: Site stopped at 06/03/2026 10:35:33 (UTC), DetailsLevel: ERR
2026-06-03T10:35:39.4545379+00:00 ContainerStatus: State: Starting, Action: StartingMsiContainer, LastError: ImagePullFailure, LastErrorTimestamp: 06/03/2026 10:35:33, LastErrorDetails: Failed to pull image: ckmcc0522172320.azurecr.io/km-api:app-only-20260531170503. Cannot resolve registry address. If VNET is enbaled, check if there's a custom DNS in the VNET that's not resolving the regitry address. Also check if it's blocked by policy or firewall, Details: Site stopped at 06/03/2026 10:35:33 (UTC), DetailsLevel: ERR
2026-06-03T10:35:42.1755827+00:00 ContainerStatus: State: Starting, Action: StartingSiteContainers, LastError: ImagePullFailure, LastErrorTimestamp: 06/03/2026 10:35:33, LastErrorDetails: Failed to pull image: ckmcc0522172320.azurecr.io/km-api:app-only-20260531170503. Cannot resolve registry address. If VNET is enbaled, check if there's a custom DNS in the VNET that's not resolving the regitry address. Also check if it's blocked by policy or firewall, Details: Site stopped at 06/03/2026 10:35:33 (UTC), DetailsLevel: ERR
2026-06-03T10:35:42.1757596+00:00 ContainerStatus: Container start method called.
2026-06-03T10:35:42.1758968+00:00 ContainerStatus: State: Starting, Action: PullingImage, LastError: ImagePullFailure, LastErrorTimestamp: 06/03/2026 10:35:33, LastErrorDetails: Failed to pull image: ckmcc0522172320.azurecr.io/km-api:app-only-20260531170503. Cannot resolve registry address. If VNET is enbaled, check if there's a custom DNS in the VNET that's not resolving the regitry address. Also check if it's blocked by policy or firewall, Details: Pulling image ckmcc0522172320.azurecr.io/km-api:app-only-20260531170503 for api-financeirax01., DetailsLevel: INFO
2026-06-03T10:35:42.1760341+00:00 ContainerStatus: Establishing network.
2026-06-03T10:35:42.1761931+00:00 ContainerStatus: Pulling image: ckmcc0522172320.azurecr.io/km-api:app-only-20260531170503.
2026-06-03T10:35:54.5649309+00:00 ContainerStatus: Container pull image failed with reason: ImagePullFailure. Revert by terminate.
2026-06-03T10:35:54.5650970+00:00 ContainerStatus: Container is terminating. Grace period: 5 seconds.
2026-06-03T10:35:54.5673681+00:00 ContainerStatus: Container spec TerminationMessagePolicy  path 
2026-06-03T10:35:54.5675476+00:00 ContainerStatus: Container is terminated. Total time elapsed: 2 ms.
2026-06-03T10:35:54.5686519+00:00 ContainerStatus: Site container: api-financeirax01 terminated during site startup.
2026-06-03T10:35:54.5687693+00:00 ContainerStatus: State: Stopping, Action: CancellingStartup, LastError: ImagePullFailure, LastErrorTimestamp: 06/03/2026 10:35:33, LastErrorDetails: Failed to pull image: ckmcc0522172320.azurecr.io/km-api:app-only-20260531170503. Cannot resolve registry address. If VNET is enbaled, check if there's a custom DNS in the VNET that's not resolving the regitry address. Also check if it's blocked by policy or firewall, Details: Site container: api-financeirax01 terminated during site startup. Cancelling site startup., DetailsLevel: ERR
2026-06-03T10:35:54.5707380+00:00 ContainerStatus: State: Stopping, Action: CancellingStartup, LastError: ImagePullFailure, LastErrorTimestamp: 06/03/2026 10:35:54, LastErrorDetails: Failed to pull image: ckmcc0522172320.azurecr.io/km-api:app-only-20260531170503. Cannot resolve registry address. If VNET is enbaled, check if there's a custom DNS in the VNET that's not resolving the regitry address. Also check if it's blocked by policy or firewall, Details: Site container: api-financeirax01 terminated during site startup. Cancelling site startup., DetailsLevel: ERR
2026-06-03T10:35:54.5757840+00:00 ContainerStatus: Failed to start site. Revert by stopping site.
2026-06-03T10:35:54.5759177+00:00 ContainerStatus: State: Stopping, Action: StoppingSite, LastError: ImagePullFailure, LastErrorTimestamp: 06/03/2026 10:35:54, LastErrorDetails: Failed to pull image: ckmcc0522172320.azurecr.io/km-api:app-only-20260531170503. Cannot resolve registry address. If VNET is enbaled, check if there's a custom DNS in the VNET that's not resolving the regitry address. Also check if it's blocked by policy or firewall, Details: Site container: api-financeirax01 terminated during site startup. Cancelling site startup., DetailsLevel: ERR
2026-06-03T10:35:54.5762400+00:00 ContainerStatus: State: Stopping, Action: StoppingSiteContainers, LastError: ImagePullFailure, LastErrorTimestamp: 06/03/2026 10:35:54, LastErrorDetails: Failed to pull image: ckmcc0522172320.azurecr.io/km-api:app-only-20260531170503. Cannot resolve registry address. If VNET is enbaled, check if there's a custom DNS in the VNET that's not resolving the regitry address. Also check if it's blocked by policy or firewall, Details: Site container: api-financeirax01 terminated during site startup. Cancelling site startup., DetailsLevel: ERR
2026-06-03T10:35:54.6956752+00:00 ContainerStatus: Site container: api-financeirax01_managedIdentity terminated during site startup.
2026-06-03T10:35:54.6957881+00:00 ContainerStatus: State: Stopping, Action: StoppingSiteContainers, LastError: ImagePullFailure, LastErrorTimestamp: 06/03/2026 10:35:54, LastErrorDetails: Failed to pull image: ckmcc0522172320.azurecr.io/km-api:app-only-20260531170503. Cannot resolve registry address. If VNET is enbaled, check if there's a custom DNS in the VNET that's not resolving the regitry address. Also check if it's blocked by policy or firewall, Details: Site container: api-financeirax01 terminated during site startup. Cancelling site startup., DetailsLevel: ERR
2026-06-03T10:35:54.6959502+00:00 ContainerStatus: Site: api-financeirax01 stopped.
========== New Cold Start Attempt (2026-06-03T10:35:54.6989491+00:00) ==========
2026-06-03T10:35:54.6989491+00:00 ContainerStatus: State: Stopping, Action: UnmountingVolumes, LastError: ImagePullFailure, LastErrorTimestamp: 06/03/2026 10:35:54, LastErrorDetails: Failed to pull image: ckmcc0522172320.azurecr.io/km-api:app-only-20260531170503. Cannot resolve registry address. If VNET is enbaled, check if there's a custom DNS in the VNET that's not resolving the regitry address. Also check if it's blocked by policy or firewall, Details: Site container: api-financeirax01 terminated during site startup. Cancelling site startup., DetailsLevel: ERR
2026-06-03T10:35:54.7617279+00:00 ContainerStatus: State: Stopping, Action: StoppingSiteNetworks, LastError: ImagePullFailure, LastErrorTimestamp: 06/03/2026 10:35:54, LastErrorDetails: Failed to pull image: ckmcc0522172320.azurecr.io/km-api:app-only-20260531170503. Cannot resolve registry address. If VNET is enbaled, check if there's a custom DNS in the VNET that's not resolving the regitry address. Also check if it's blocked by policy or firewall, Details: Site container: api-financeirax01 terminated during site startup. Cancelling site startup., DetailsLevel: ERR
2026-06-03T10:35:55.0244445+00:00 ContainerStatus: Site: api-financeirax01 will be blocked for 1 minutes till 06/03/2026 10:36:55
2026-06-03T10:35:55.0246404+00:00 ContainerStatus: State: Blocked, Action: StoppingSiteNetworks, LastError: ImagePullFailure, LastErrorTimestamp: 06/03/2026 10:35:54, LastErrorDetails: Failed to pull image: ckmcc0522172320.azurecr.io/km-api:app-only-20260531170503. Cannot resolve registry address. If VNET is enbaled, check if there's a custom DNS in the VNET that's not resolving the regitry address. Also check if it's blocked by policy or firewall, Details: Site: api-financeirax01 will be blocked for 1 minutes till 06/03/2026 10:36:55, DetailsLevel: WARN
2026-06-03T10:35:55.0305946+00:00 ContainerStatus: State: Stopped, Action: None, LastError: ImagePullFailure, LastErrorTimestamp: 06/03/2026 10:35:54, LastErrorDetails: Failed to pull image: ckmcc0522172320.azurecr.io/km-api:app-only-20260531170503. Cannot resolve registry address. If VNET is enbaled, check if there's a custom DNS in the VNET that's not resolving the regitry address. Also check if it's blocked by policy or firewall, Details: Site stopped at 06/03/2026 10:35:55 (UTC), DetailsLevel: WARN
2026-06-03T10:35:55.1365410+00:00 ContainerStatus: State: Stopped, Action: None, LastError: ImagePullFailure, LastErrorTimestamp: 06/03/2026 10:35:54, LastErrorDetails: Failed to pull image: ckmcc0522172320.azurecr.io/km-api:app-only-20260531170503. Cannot resolve registry address. If VNET is enbaled, check if there's a custom DNS in the VNET that's not resolving the regitry address. Also check if it's blocked by policy or firewall, Details: Site stopped at 06/03/2026 10:35:55 (UTC), DetailsLevel: WARN
2026-06-03T10:36:00.1656396+00:00 ContainerStatus: State: Blocked, Action: None, LastError: ImagePullFailure, LastErrorTimestamp: 06/03/2026 10:35:54, LastErrorDetails: Failed to pull image: ckmcc0522172320.azurecr.io/km-api:app-only-20260531170503. Cannot resolve registry address. If VNET is enbaled, check if there's a custom DNS in the VNET that's not resolving the regitry address. Also check if it's blocked by policy or firewall, Details: Site is blocked due to multiple, consecutive cold start failures. Site scheduled to be unblocked at 06/03/2026 10:36:55, DetailsLevel: WARN
2026-06-03T10:36:00.1656775+00:00 ContainerStatus: Start site prohibitted because the site is being blocked.
2026-06-03T10:36:05.2159490+00:00 ContainerStatus: State: Blocked, Action: None, LastError: ImagePullFailure, LastErrorTimestamp: 06/03/2026 10:35:54, LastErrorDetails: Failed to pull image: ckmcc0522172320.azurecr.io/km-api:app-only-20260531170503. Cannot resolve registry address. If VNET is enbaled, check if there's a custom DNS in the VNET that's not resolving the regitry address. Also check if it's blocked by policy or firewall, Details: Site is blocked due to multiple, consecutive cold start failures. Site scheduled to be unblocked at 06/03/2026 10:36:55, DetailsLevel: WARN
2026-06-03T10:36:05.2159847+00:00 ContainerStatus: Start site prohibitted because the site is being blocked.
2026-06-03T10:36:10.2815131+00:00 ContainerStatus: State: Blocked, Action: None, LastError: ImagePullFailure, LastErrorTimestamp: 06/03/2026 10:35:54, LastErrorDetails: Failed to pull image: ckmcc0522172320.azurecr.io/km-api:app-only-20260531170503. Cannot resolve registry address. If VNET is enbaled, check if there's a custom DNS in the VNET that's not resolving the regitry address. Also check if it's blocked by policy or firewall, Details: Site is blocked due to multiple, consecutive cold start failures. Site scheduled to be unblocked at 06/03/2026 10:36:55, DetailsLevel: WARN
2026-06-03T10:36:10.2816945+00:00 ContainerStatus: Start site prohibitted because the site is being blocked.
2026-06-03T10:36:15.3374366+00:00 ContainerStatus: State: Blocked, Action: None, LastError: ImagePullFailure, LastErrorTimestamp: 06/03/2026 10:35:54, LastErrorDetails: Failed to pull image: ckmcc0522172320.azurecr.io/km-api:app-only-20260531170503. Cannot resolve registry address. If VNET is enbaled, check if there's a custom DNS in the VNET that's not resolving the regitry address. Also check if it's blocked by policy or firewall, Details: Site is blocked due to multiple, consecutive cold start failures. Site scheduled to be unblocked at 06/03/2026 10:36:55, DetailsLevel: WARN
2026-06-03T10:36:15.3376706+00:00 ContainerStatus: Start site prohibitted because the site is being blocked.
2026-06-03T10:36:20.3845089+00:00 ContainerStatus: State: Blocked, Action: None, LastError: ImagePullFailure, LastErrorTimestamp: 06/03/2026 10:35:54, LastErrorDetails: Failed to pull image: ckmcc0522172320.azurecr.io/km-api:app-only-20260531170503. Cannot resolve registry address. If VNET is enbaled, check if there's a custom DNS in the VNET that's not resolving the regitry address. Also check if it's blocked by policy or firewall, Details: Site is blocked due to multiple, consecutive cold start failures. Site scheduled to be unblocked at 06/03/2026 10:36:55, DetailsLevel: WARN
2026-06-03T10:36:20.3845429+00:00 ContainerStatus: Start site prohibitted because the site is being blocked.
2026-06-03T10:36:25.4425959+00:00 ContainerStatus: State: Blocked, Action: None, LastError: ImagePullFailure, LastErrorTimestamp: 06/03/2026 10:35:54, LastErrorDetails: Failed to pull image: ckmcc0522172320.azurecr.io/km-api:app-only-20260531170503. Cannot resolve registry address. If VNET is enbaled, check if there's a custom DNS in the VNET that's not resolving the regitry address. Also check if it's blocked by policy or firewall, Details: Site is blocked due to multiple, consecutive cold start failures. Site scheduled to be unblocked at 06/03/2026 10:36:55, DetailsLevel: WARN
2026-06-03T10:36:25.4426948+00:00 ContainerStatus: Start site prohibitted because the site is being blocked.
2026-06-03T10:36:30.5020682+00:00 ContainerStatus: State: Blocked, Action: None, LastError: ImagePullFailure, LastErrorTimestamp: 06/03/2026 10:35:54, LastErrorDetails: Failed to pull image: ckmcc0522172320.azurecr.io/km-api:app-only-20260531170503. Cannot resolve registry address. If VNET is enbaled, check if there's a custom DNS in the VNET that's not resolving the regitry address. Also check if it's blocked by policy or firewall, Details: Site is blocked due to multiple, consecutive cold start failures. Site scheduled to be unblocked at 06/03/2026 10:36:55, DetailsLevel: WARN
2026-06-03T10:36:30.5020936+00:00 ContainerStatus: Start site prohibitted because the site is being blocked.
2026-06-03T10:36:35.5788230+00:00 ContainerStatus: State: Blocked, Action: None, LastError: ImagePullFailure, LastErrorTimestamp: 06/03/2026 10:35:54, LastErrorDetails: Failed to pull image: ckmcc0522172320.azurecr.io/km-api:app-only-20260531170503. Cannot resolve registry address. If VNET is enbaled, check if there's a custom DNS in the VNET that's not resolving the regitry address. Also check if it's blocked by policy or firewall, Details: Site is blocked due to multiple, consecutive cold start failures. Site scheduled to be unblocked at 06/03/2026 10:36:55, DetailsLevel: WARN
2026-06-03T10:36:35.5788523+00:00 ContainerStatus: Start site prohibitted because the site is being blocked.
2026-06-03T10:36:40.6232421+00:00 ContainerStatus: State: Blocked, Action: None, LastError: ImagePullFailure, LastErrorTimestamp: 06/03/2026 10:35:54, LastErrorDetails: Failed to pull image: ckmcc0522172320.azurecr.io/km-api:app-only-20260531170503. Cannot resolve registry address. If VNET is enbaled, check if there's a custom DNS in the VNET that's not resolving the regitry address. Also check if it's blocked by policy or firewall, Details: Site is blocked due to multiple, consecutive cold start failures. Site scheduled to be unblocked at 06/03/2026 10:36:55, DetailsLevel: WARN
2026-06-03T10:36:40.6232706+00:00 ContainerStatus: Start site prohibitted because the site is being blocked.
2026-06-03T10:36:45.6759578+00:00 ContainerStatus: State: Blocked, Action: None, LastError: ImagePullFailure, LastErrorTimestamp: 06/03/2026 10:35:54, LastErrorDetails: Failed to pull image: ckmcc0522172320.azurecr.io/km-api:app-only-20260531170503. Cannot resolve registry address. If VNET is enbaled, check if there's a custom DNS in the VNET that's not resolving the regitry address. Also check if it's blocked by policy or firewall, Details: Site is blocked due to multiple, consecutive cold start failures. Site scheduled to be unblocked at 06/03/2026 10:36:55, DetailsLevel: WARN
2026-06-03T10:36:45.6759890+00:00 ContainerStatus: Start site prohibitted because the site is being blocked.
2026-06-03T10:36:50.7279283+00:00 ContainerStatus: State: Blocked, Action: None, LastError: ImagePullFailure, LastErrorTimestamp: 06/03/2026 10:35:54, LastErrorDetails: Failed to pull image: ckmcc0522172320.azurecr.io/km-api:app-only-20260531170503. Cannot resolve registry address. If VNET is enbaled, check if there's a custom DNS in the VNET that's not resolving the regitry address. Also check if it's blocked by policy or firewall, Details: Site is blocked due to multiple, consecutive cold start failures. Site scheduled to be unblocked at 06/03/2026 10:36:55, DetailsLevel: WARN
2026-06-03T10:36:50.7280310+00:00 ContainerStatus: Start site prohibitted because the site is being blocked.
2026-06-03T10:36:55.0234592+00:00 ContainerStatus: Site: api-financeirax01 is unblocked.
2026-06-03T10:36:55.7598706+00:00 ContainerStatus: State: Starting, Action: EstablishingSiteNetworks, LastError: ImagePullFailure, LastErrorTimestamp: 06/03/2026 10:35:54, LastErrorDetails: Failed to pull image: ckmcc0522172320.azurecr.io/km-api:app-only-20260531170503. Cannot resolve registry address. If VNET is enbaled, check if there's a custom DNS in the VNET that's not resolving the regitry address. Also check if it's blocked by policy or firewall, Details: Site is blocked due to multiple, consecutive cold start failures. Site scheduled to be unblocked at 06/03/2026 10:36:55, DetailsLevel: WARN
2026-06-03T10:36:56.4879584+00:00 ContainerStatus: State: Starting, Action: StartingMsiContainer, LastError: ImagePullFailure, LastErrorTimestamp: 06/03/2026 10:35:54, LastErrorDetails: Failed to pull image: ckmcc0522172320.azurecr.io/km-api:app-only-20260531170503. Cannot resolve registry address. If VNET is enbaled, check if there's a custom DNS in the VNET that's not resolving the regitry address. Also check if it's blocked by policy or firewall, Details: Site is blocked due to multiple, consecutive cold start failures. Site scheduled to be unblocked at 06/03/2026 10:36:55, DetailsLevel: WARN
2026-06-03T10:36:59.1582334+00:00 ContainerStatus: State: Starting, Action: StartingSiteContainers, LastError: ImagePullFailure, LastErrorTimestamp: 06/03/2026 10:35:54, LastErrorDetails: Failed to pull image: ckmcc0522172320.azurecr.io/km-api:app-only-20260531170503. Cannot resolve registry address. If VNET is enbaled, check if there's a custom DNS in the VNET that's not resolving the regitry address. Also check if it's blocked by policy or firewall, Details: Site is blocked due to multiple, consecutive cold start failures. Site scheduled to be unblocked at 06/03/2026 10:36:55, DetailsLevel: WARN
2026-06-03T10:36:59.1584039+00:00 ContainerStatus: Container start method called.
2026-06-03T10:36:59.1584579+00:00 ContainerStatus: State: Starting, Action: PullingImage, LastError: ImagePullFailure, LastErrorTimestamp: 06/03/2026 10:35:54, LastErrorDetails: Failed to pull image: ckmcc0522172320.azurecr.io/km-api:app-only-20260531170503. Cannot resolve registry address. If VNET is enbaled, check if there's a custom DNS in the VNET that's not resolving the regitry address. Also check if it's blocked by policy or firewall, Details: Pulling image ckmcc0522172320.azurecr.io/km-api:app-only-20260531170503 for api-financeirax01., DetailsLevel: INFO
2026-06-03T10:36:59.1585928+00:00 ContainerStatus: Establishing network.
2026-06-03T10:36:59.1587522+00:00 ContainerStatus: Pulling image: ckmcc0522172320.azurecr.io/km-api:app-only-20260531170503.
2026-06-03T10:37:13.1266229+00:00 ContainerStatus: Container pull image failed with reason: ImagePullFailure. Revert by terminate.
2026-06-03T10:37:13.1271036+00:00 ContainerStatus: Container is terminating. Grace period: 5 seconds.
2026-06-03T10:37:13.1273070+00:00 ContainerStatus: Container spec TerminationMessagePolicy  path 
2026-06-03T10:37:13.1274897+00:00 ContainerStatus: Container is terminated. Total time elapsed: 0 ms.
2026-06-03T10:37:13.1304478+00:00 ContainerStatus: Site container: api-financeirax01 terminated during site startup.
2026-06-03T10:37:13.1306183+00:00 ContainerStatus: State: Stopping, Action: CancellingStartup, LastError: ImagePullFailure, LastErrorTimestamp: 06/03/2026 10:35:54, LastErrorDetails: Failed to pull image: ckmcc0522172320.azurecr.io/km-api:app-only-20260531170503. Cannot resolve registry address. If VNET is enbaled, check if there's a custom DNS in the VNET that's not resolving the regitry address. Also check if it's blocked by policy or firewall, Details: Site container: api-financeirax01 terminated during site startup. Cancelling site startup., DetailsLevel: ERR
2026-06-03T10:37:13.1531088+00:00 ContainerStatus: State: Stopping, Action: CancellingStartup, LastError: ImagePullFailure, LastErrorTimestamp: 06/03/2026 10:37:13, LastErrorDetails: Failed to pull image: ckmcc0522172320.azurecr.io/km-api:app-only-20260531170503. Cannot resolve registry address. If VNET is enbaled, check if there's a custom DNS in the VNET that's not resolving the regitry address. Also check if it's blocked by policy or firewall, Details: Site container: api-financeirax01 terminated during site startup. Cancelling site startup., DetailsLevel: ERR
2026-06-03T10:37:13.1654117+00:00 ContainerStatus: Failed to start site. Revert by stopping site.
2026-06-03T10:37:13.1708061+00:00 ContainerStatus: State: Stopping, Action: StoppingSite, LastError: ImagePullFailure, LastErrorTimestamp: 06/03/2026 10:37:13, LastErrorDetails: Failed to pull image: ckmcc0522172320.azurecr.io/km-api:app-only-20260531170503. Cannot resolve registry address. If VNET is enbaled, check if there's a custom DNS in the VNET that's not resolving the regitry address. Also check if it's blocked by policy or firewall, Details: Site container: api-financeirax01 terminated during site startup. Cancelling site startup., DetailsLevel: ERR
2026-06-03T10:37:13.1710938+00:00 ContainerStatus: State: Stopping, Action: StoppingSiteContainers, LastError: ImagePullFailure, LastErrorTimestamp: 06/03/2026 10:37:13, LastErrorDetails: Failed to pull image: ckmcc0522172320.azurecr.io/km-api:app-only-20260531170503. Cannot resolve registry address. If VNET is enbaled, check if there's a custom DNS in the VNET that's not resolving the regitry address. Also check if it's blocked by policy or firewall, Details: Site container: api-financeirax01 terminated during site startup. Cancelling site startup., DetailsLevel: ERR
2026-06-03T10:37:13.8027061+00:00 ContainerStatus: Site container: api-financeirax01_managedIdentity terminated during site startup.
2026-06-03T10:37:13.8028112+00:00 ContainerStatus: State: Stopping, Action: StoppingSiteContainers, LastError: ImagePullFailure, LastErrorTimestamp: 06/03/2026 10:37:13, LastErrorDetails: Failed to pull image: ckmcc0522172320.azurecr.io/km-api:app-only-20260531170503. Cannot resolve registry address. If VNET is enbaled, check if there's a custom DNS in the VNET that's not resolving the regitry address. Also check if it's blocked by policy or firewall, Details: Site container: api-financeirax01 terminated during site startup. Cancelling site startup., DetailsLevel: ERR
2026-06-03T10:37:13.8029599+00:00 ContainerStatus: Site: api-financeirax01 stopped.
