2026-06-03T13:39:25.6575382+00:00 ContainerStatus: State: Starting, Action: EstablishingSiteNetworks, LastError: , LastErrorTimestamp: 01/01/0001 00:00:00, LastErrorDetails: , Details: , DetailsLevel: INFO
2026-06-03T13:39:27.0184646+00:00 ContainerStatus: State: Starting, Action: StartingMsiContainer, LastError: , LastErrorTimestamp: 01/01/0001 00:00:00, LastErrorDetails: , Details: , DetailsLevel: INFO
2026-06-03T13:39:31.5479454+00:00 ContainerStatus: State: Starting, Action: StartingSiteContainers, LastError: , LastErrorTimestamp: 01/01/0001 00:00:00, LastErrorDetails: , Details: , DetailsLevel: INFO
2026-06-03T13:39:31.5492501+00:00 ContainerStatus: Container start method called.
2026-06-03T13:39:31.5494275+00:00 ContainerStatus: State: Starting, Action: PullingImage, LastError: , LastErrorTimestamp: 01/01/0001 00:00:00, LastErrorDetails: , Details: Pulling image ckmcc0522172320.azurecr.io/km-api:app-only-20260531170503 for api-financeirax01., DetailsLevel: INFO
2026-06-03T13:39:31.5496626+00:00 ContainerStatus: Establishing network.
2026-06-03T13:39:31.5499762+00:00 ContainerStatus: Pulling image: ckmcc0522172320.azurecr.io/km-api:app-only-20260531170503.
2026-06-03T13:39:44.8834729+00:00 ContainerStatus: Container pull image failed with reason: ImagePullFailure. Revert by terminate.
2026-06-03T13:39:44.8868535+00:00 ContainerStatus: Container is terminating. Grace period: 5 seconds.
2026-06-03T13:39:44.8876825+00:00 ContainerStatus: Container spec TerminationMessagePolicy  path 
2026-06-03T13:39:44.8889566+00:00 ContainerStatus: Container is terminated. Total time elapsed: 1 ms.
2026-06-03T13:39:44.8891306+00:00 ContainerStatus: Site container: api-financeirax01 terminated during site startup.
2026-06-03T13:39:44.8987830+00:00 ContainerStatus: State: Stopping, Action: CancellingStartup, LastError: , LastErrorTimestamp: 01/01/0001 00:00:00, LastErrorDetails: , Details: Site container: api-financeirax01 terminated during site startup. Cancelling site startup., DetailsLevel: ERR
2026-06-03T13:39:44.9149713+00:00 ContainerStatus: State: Stopping, Action: CancellingStartup, LastError: ImagePullFailure, LastErrorTimestamp: 06/03/2026 13:39:44, LastErrorDetails: Failed to pull image: ckmcc0522172320.azurecr.io/km-api:app-only-20260531170503. Cannot resolve registry address. If VNET is enbaled, check if there's a custom DNS in the VNET that's not resolving the regitry address. Also check if it's blocked by policy or firewall, Details: Site container: api-financeirax01 terminated during site startup. Cancelling site startup., DetailsLevel: ERR
2026-06-03T13:39:44.9236425+00:00 ContainerStatus: Failed to start site. Revert by stopping site.
2026-06-03T13:39:44.9293694+00:00 ContainerStatus: State: Stopping, Action: StoppingSite, LastError: ImagePullFailure, LastErrorTimestamp: 06/03/2026 13:39:44, LastErrorDetails: Failed to pull image: ckmcc0522172320.azurecr.io/km-api:app-only-20260531170503. Cannot resolve registry address. If VNET is enbaled, check if there's a custom DNS in the VNET that's not resolving the regitry address. Also check if it's blocked by policy or firewall, Details: Site container: api-financeirax01 terminated during site startup. Cancelling site startup., DetailsLevel: ERR
2026-06-03T13:39:44.9321049+00:00 ContainerStatus: State: Stopping, Action: StoppingSiteContainers, LastError: ImagePullFailure, LastErrorTimestamp: 06/03/2026 13:39:44, LastErrorDetails: Failed to pull image: ckmcc0522172320.azurecr.io/km-api:app-only-20260531170503. Cannot resolve registry address. If VNET is enbaled, check if there's a custom DNS in the VNET that's not resolving the regitry address. Also check if it's blocked by policy or firewall, Details: Site container: api-financeirax01 terminated during site startup. Cancelling site startup., DetailsLevel: ERR
2026-06-03T13:39:45.1474426+00:00 ContainerStatus: Site container: api-financeirax01_managedIdentity terminated during site startup.
2026-06-03T13:39:45.1502387+00:00 ContainerStatus: State: Stopping, Action: StoppingSiteContainers, LastError: ImagePullFailure, LastErrorTimestamp: 06/03/2026 13:39:44, LastErrorDetails: Failed to pull image: ckmcc0522172320.azurecr.io/km-api:app-only-20260531170503. Cannot resolve registry address. If VNET is enbaled, check if there's a custom DNS in the VNET that's not resolving the regitry address. Also check if it's blocked by policy or firewall, Details: Site container: api-financeirax01 terminated during site startup. Cancelling site startup., DetailsLevel: ERR
2026-06-03T13:39:45.1546338+00:00 ContainerStatus: Site: api-financeirax01 stopped.
========== New Cold Start Attempt (2026-06-03T13:46:49.4522389+00:00) ==========
2026-06-03T13:46:49.4522389+00:00 ContainerStatus: State: Starting, Action: EstablishingSiteNetworks, LastError: , LastErrorTimestamp: 01/01/0001 00:00:00, LastErrorDetails: , Details: , DetailsLevel: INFO
2026-06-03T13:46:51.0060121+00:00 ContainerStatus: State: Starting, Action: StartingMsiContainer, LastError: , LastErrorTimestamp: 01/01/0001 00:00:00, LastErrorDetails: , Details: , DetailsLevel: INFO
2026-06-03T13:46:54.9941754+00:00 ContainerStatus: State: Starting, Action: StartingSiteContainers, LastError: , LastErrorTimestamp: 01/01/0001 00:00:00, LastErrorDetails: , Details: , DetailsLevel: INFO
2026-06-03T13:46:54.9945921+00:00 ContainerStatus: Container start method called.
2026-06-03T13:46:54.9953770+00:00 ContainerStatus: State: Starting, Action: PullingImage, LastError: , LastErrorTimestamp: 01/01/0001 00:00:00, LastErrorDetails: , Details: Pulling image ckmcc0522172320.azurecr.io/km-api:app-only-20260531170503 for api-financeirax01., DetailsLevel: INFO
2026-06-03T13:46:54.9960684+00:00 ContainerStatus: Establishing network.
2026-06-03T13:46:54.9966203+00:00 ContainerStatus: Pulling image: ckmcc0522172320.azurecr.io/km-api:app-only-20260531170503.
2026-06-03T13:47:08.0084320+00:00 ContainerStatus: Container pull image failed with reason: ImagePullFailure. Revert by terminate.
2026-06-03T13:47:08.0093889+00:00 ContainerStatus: Container is terminating. Grace period: 5 seconds.
2026-06-03T13:47:08.0099274+00:00 ContainerStatus: Container spec TerminationMessagePolicy  path 
2026-06-03T13:47:08.0104185+00:00 ContainerStatus: Container is terminated. Total time elapsed: 0 ms.
2026-06-03T13:47:08.0105910+00:00 ContainerStatus: Site container: api-financeirax01 terminated during site startup.
2026-06-03T13:47:08.0107783+00:00 ContainerStatus: State: Stopping, Action: CancellingStartup, LastError: , LastErrorTimestamp: 01/01/0001 00:00:00, LastErrorDetails: , Details: Site container: api-financeirax01 terminated during site startup. Cancelling site startup., DetailsLevel: ERR
2026-06-03T13:47:08.0132329+00:00 ContainerStatus: State: Stopping, Action: CancellingStartup, LastError: ImagePullFailure, LastErrorTimestamp: 06/03/2026 13:47:08, LastErrorDetails: Failed to pull image: ckmcc0522172320.azurecr.io/km-api:app-only-20260531170503. Cannot resolve registry address. If VNET is enbaled, check if there's a custom DNS in the VNET that's not resolving the regitry address. Also check if it's blocked by policy or firewall, Details: Site container: api-financeirax01 terminated during site startup. Cancelling site startup., DetailsLevel: ERR
2026-06-03T13:47:08.0220102+00:00 ContainerStatus: Failed to start site. Revert by stopping site.
2026-06-03T13:47:08.0418512+00:00 ContainerStatus: State: Stopping, Action: StoppingSite, LastError: ImagePullFailure, LastErrorTimestamp: 06/03/2026 13:47:08, LastErrorDetails: Failed to pull image: ckmcc0522172320.azurecr.io/km-api:app-only-20260531170503. Cannot resolve registry address. If VNET is enbaled, check if there's a custom DNS in the VNET that's not resolving the regitry address. Also check if it's blocked by policy or firewall, Details: Site container: api-financeirax01 terminated during site startup. Cancelling site startup., DetailsLevel: ERR
2026-06-03T13:47:08.0424221+00:00 ContainerStatus: State: Stopping, Action: StoppingSiteContainers, LastError: ImagePullFailure, LastErrorTimestamp: 06/03/2026 13:47:08, LastErrorDetails: Failed to pull image: ckmcc0522172320.azurecr.io/km-api:app-only-20260531170503. Cannot resolve registry address. If VNET is enbaled, check if there's a custom DNS in the VNET that's not resolving the regitry address. Also check if it's blocked by policy or firewall, Details: Site container: api-financeirax01 terminated during site startup. Cancelling site startup., DetailsLevel: ERR
2026-06-03T13:47:10.2379042+00:00 ContainerStatus: Site container: api-financeirax01_managedIdentity terminated during site startup.
2026-06-03T13:47:10.2457276+00:00 ContainerStatus: State: Stopping, Action: StoppingSiteContainers, LastError: ImagePullFailure, LastErrorTimestamp: 06/03/2026 13:47:08, LastErrorDetails: Failed to pull image: ckmcc0522172320.azurecr.io/km-api:app-only-20260531170503. Cannot resolve registry address. If VNET is enbaled, check if there's a custom DNS in the VNET that's not resolving the regitry address. Also check if it's blocked by policy or firewall, Details: Site container: api-financeirax01 terminated during site startup. Cancelling site startup., DetailsLevel: ERR
2026-06-03T13:47:10.2538591+00:00 ContainerStatus: Site: api-financeirax01 stopped.
========== New Cold Start Attempt (2026-06-03T13:47:10.2951746+00:00) ==========
2026-06-03T13:47:10.2951746+00:00 ContainerStatus: State: Stopping, Action: UnmountingVolumes, LastError: ImagePullFailure, LastErrorTimestamp: 06/03/2026 13:47:08, LastErrorDetails: Failed to pull image: ckmcc0522172320.azurecr.io/km-api:app-only-20260531170503. Cannot resolve registry address. If VNET is enbaled, check if there's a custom DNS in the VNET that's not resolving the regitry address. Also check if it's blocked by policy or firewall, Details: Site container: api-financeirax01 terminated during site startup. Cancelling site startup., DetailsLevel: ERR
2026-06-03T13:47:10.5870674+00:00 ContainerStatus: State: Stopping, Action: StoppingSiteNetworks, LastError: ImagePullFailure, LastErrorTimestamp: 06/03/2026 13:47:08, LastErrorDetails: Failed to pull image: ckmcc0522172320.azurecr.io/km-api:app-only-20260531170503. Cannot resolve registry address. If VNET is enbaled, check if there's a custom DNS in the VNET that's not resolving the regitry address. Also check if it's blocked by policy or firewall, Details: Site container: api-financeirax01 terminated during site startup. Cancelling site startup., DetailsLevel: ERR
2026-06-03T13:47:11.1192066+00:00 ContainerStatus: State: Stopped, Action: None, LastError: ImagePullFailure, LastErrorTimestamp: 06/03/2026 13:47:08, LastErrorDetails: Failed to pull image: ckmcc0522172320.azurecr.io/km-api:app-only-20260531170503. Cannot resolve registry address. If VNET is enbaled, check if there's a custom DNS in the VNET that's not resolving the regitry address. Also check if it's blocked by policy or firewall, Details: Site stopped at 06/03/2026 13:47:11 (UTC), DetailsLevel: ERR
2026-06-03T13:47:11.9438019+00:00 ContainerStatus: State: Stopped, Action: None, LastError: ImagePullFailure, LastErrorTimestamp: 06/03/2026 13:47:08, LastErrorDetails: Failed to pull image: ckmcc0522172320.azurecr.io/km-api:app-only-20260531170503. Cannot resolve registry address. If VNET is enbaled, check if there's a custom DNS in the VNET that's not resolving the regitry address. Also check if it's blocked by policy or firewall, Details: Site stopped at 06/03/2026 13:47:11 (UTC), DetailsLevel: ERR
2026-06-03T13:47:18.8695491+00:00 ContainerStatus: State: Starting, Action: EstablishingSiteNetworks, LastError: ImagePullFailure, LastErrorTimestamp: 06/03/2026 13:47:08, LastErrorDetails: Failed to pull image: ckmcc0522172320.azurecr.io/km-api:app-only-20260531170503. Cannot resolve registry address. If VNET is enbaled, check if there's a custom DNS in the VNET that's not resolving the regitry address. Also check if it's blocked by policy or firewall, Details: Site stopped at 06/03/2026 13:47:11 (UTC), DetailsLevel: ERR
2026-06-03T13:47:20.0529434+00:00 ContainerStatus: State: Starting, Action: StartingMsiContainer, LastError: ImagePullFailure, LastErrorTimestamp: 06/03/2026 13:47:08, LastErrorDetails: Failed to pull image: ckmcc0522172320.azurecr.io/km-api:app-only-20260531170503. Cannot resolve registry address. If VNET is enbaled, check if there's a custom DNS in the VNET that's not resolving the regitry address. Also check if it's blocked by policy or firewall, Details: Site stopped at 06/03/2026 13:47:11 (UTC), DetailsLevel: ERR
2026-06-03T13:47:24.5364034+00:00 ContainerStatus: State: Starting, Action: StartingSiteContainers, LastError: ImagePullFailure, LastErrorTimestamp: 06/03/2026 13:47:08, LastErrorDetails: Failed to pull image: ckmcc0522172320.azurecr.io/km-api:app-only-20260531170503. Cannot resolve registry address. If VNET is enbaled, check if there's a custom DNS in the VNET that's not resolving the regitry address. Also check if it's blocked by policy or firewall, Details: Site stopped at 06/03/2026 13:47:11 (UTC), DetailsLevel: ERR
2026-06-03T13:47:24.5369081+00:00 ContainerStatus: Container start method called.
2026-06-03T13:47:24.5369934+00:00 ContainerStatus: State: Starting, Action: PullingImage, LastError: ImagePullFailure, LastErrorTimestamp: 06/03/2026 13:47:08, LastErrorDetails: Failed to pull image: ckmcc0522172320.azurecr.io/km-api:app-only-20260531170503. Cannot resolve registry address. If VNET is enbaled, check if there's a custom DNS in the VNET that's not resolving the regitry address. Also check if it's blocked by policy or firewall, Details: Pulling image ckmcc0522172320.azurecr.io/km-api:app-only-20260531170503 for api-financeirax01., DetailsLevel: INFO
2026-06-03T13:47:24.5371472+00:00 ContainerStatus: Establishing network.
2026-06-03T13:47:24.5374076+00:00 ContainerStatus: Pulling image: ckmcc0522172320.azurecr.io/km-api:app-only-20260531170503.
2026-06-03T13:47:37.2507435+00:00 ContainerStatus: Container pull image failed with reason: ImagePullFailure. Revert by terminate.
2026-06-03T13:47:37.2509764+00:00 ContainerStatus: Container is terminating. Grace period: 5 seconds.
2026-06-03T13:47:37.2512344+00:00 ContainerStatus: Container spec TerminationMessagePolicy  path 
2026-06-03T13:47:37.2513942+00:00 ContainerStatus: Container is terminated. Total time elapsed: 0 ms.
2026-06-03T13:47:37.2515471+00:00 ContainerStatus: Site container: api-financeirax01 terminated during site startup.
2026-06-03T13:47:37.2516608+00:00 ContainerStatus: State: Stopping, Action: CancellingStartup, LastError: ImagePullFailure, LastErrorTimestamp: 06/03/2026 13:47:08, LastErrorDetails: Failed to pull image: ckmcc0522172320.azurecr.io/km-api:app-only-20260531170503. Cannot resolve registry address. If VNET is enbaled, check if there's a custom DNS in the VNET that's not resolving the regitry address. Also check if it's blocked by policy or firewall, Details: Site container: api-financeirax01 terminated during site startup. Cancelling site startup., DetailsLevel: ERR
2026-06-03T13:47:37.2529302+00:00 ContainerStatus: State: Stopping, Action: CancellingStartup, LastError: ImagePullFailure, LastErrorTimestamp: 06/03/2026 13:47:37, LastErrorDetails: Failed to pull image: ckmcc0522172320.azurecr.io/km-api:app-only-20260531170503. Cannot resolve registry address. If VNET is enbaled, check if there's a custom DNS in the VNET that's not resolving the regitry address. Also check if it's blocked by policy or firewall, Details: Site container: api-financeirax01 terminated during site startup. Cancelling site startup., DetailsLevel: ERR
2026-06-03T13:47:37.2589004+00:00 ContainerStatus: Failed to start site. Revert by stopping site.
2026-06-03T13:47:37.2590805+00:00 ContainerStatus: State: Stopping, Action: StoppingSite, LastError: ImagePullFailure, LastErrorTimestamp: 06/03/2026 13:47:37, LastErrorDetails: Failed to pull image: ckmcc0522172320.azurecr.io/km-api:app-only-20260531170503. Cannot resolve registry address. If VNET is enbaled, check if there's a custom DNS in the VNET that's not resolving the regitry address. Also check if it's blocked by policy or firewall, Details: Site container: api-financeirax01 terminated during site startup. Cancelling site startup., DetailsLevel: ERR
2026-06-03T13:47:37.2593006+00:00 ContainerStatus: State: Stopping, Action: StoppingSiteContainers, LastError: ImagePullFailure, LastErrorTimestamp: 06/03/2026 13:47:37, LastErrorDetails: Failed to pull image: ckmcc0522172320.azurecr.io/km-api:app-only-20260531170503. Cannot resolve registry address. If VNET is enbaled, check if there's a custom DNS in the VNET that's not resolving the regitry address. Also check if it's blocked by policy or firewall, Details: Site container: api-financeirax01 terminated during site startup. Cancelling site startup., DetailsLevel: ERR
2026-06-03T13:47:37.4687836+00:00 ContainerStatus: Site container: api-financeirax01_managedIdentity terminated during site startup.
2026-06-03T13:47:37.4689013+00:00 ContainerStatus: State: Stopping, Action: StoppingSiteContainers, LastError: ImagePullFailure, LastErrorTimestamp: 06/03/2026 13:47:37, LastErrorDetails: Failed to pull image: ckmcc0522172320.azurecr.io/km-api:app-only-20260531170503. Cannot resolve registry address. If VNET is enbaled, check if there's a custom DNS in the VNET that's not resolving the regitry address. Also check if it's blocked by policy or firewall, Details: Site container: api-financeirax01 terminated during site startup. Cancelling site startup., DetailsLevel: ERR
2026-06-03T13:47:37.4690662+00:00 ContainerStatus: Site: api-financeirax01 stopped.
========== New Cold Start Attempt (2026-06-03T13:47:37.4868530+00:00) ==========
2026-06-03T13:47:37.4868530+00:00 ContainerStatus: State: Stopping, Action: UnmountingVolumes, LastError: ImagePullFailure, LastErrorTimestamp: 06/03/2026 13:47:37, LastErrorDetails: Failed to pull image: ckmcc0522172320.azurecr.io/km-api:app-only-20260531170503. Cannot resolve registry address. If VNET is enbaled, check if there's a custom DNS in the VNET that's not resolving the regitry address. Also check if it's blocked by policy or firewall, Details: Site container: api-financeirax01 terminated during site startup. Cancelling site startup., DetailsLevel: ERR
2026-06-03T13:47:37.5689354+00:00 ContainerStatus: State: Stopping, Action: StoppingSiteNetworks, LastError: ImagePullFailure, LastErrorTimestamp: 06/03/2026 13:47:37, LastErrorDetails: Failed to pull image: ckmcc0522172320.azurecr.io/km-api:app-only-20260531170503. Cannot resolve registry address. If VNET is enbaled, check if there's a custom DNS in the VNET that's not resolving the regitry address. Also check if it's blocked by policy or firewall, Details: Site container: api-financeirax01 terminated during site startup. Cancelling site startup., DetailsLevel: ERR
2026-06-03T13:47:37.8069293+00:00 ContainerStatus: Site: api-financeirax01 will be blocked for 1 minutes till 06/03/2026 13:48:37
2026-06-03T13:47:37.8072407+00:00 ContainerStatus: State: Blocked, Action: StoppingSiteNetworks, LastError: ImagePullFailure, LastErrorTimestamp: 06/03/2026 13:47:37, LastErrorDetails: Failed to pull image: ckmcc0522172320.azurecr.io/km-api:app-only-20260531170503. Cannot resolve registry address. If VNET is enbaled, check if there's a custom DNS in the VNET that's not resolving the regitry address. Also check if it's blocked by policy or firewall, Details: Site: api-financeirax01 will be blocked for 1 minutes till 06/03/2026 13:48:37, DetailsLevel: WARN
2026-06-03T13:47:37.8181352+00:00 ContainerStatus: State: Stopped, Action: None, LastError: ImagePullFailure, LastErrorTimestamp: 06/03/2026 13:47:37, LastErrorDetails: Failed to pull image: ckmcc0522172320.azurecr.io/km-api:app-only-20260531170503. Cannot resolve registry address. If VNET is enbaled, check if there's a custom DNS in the VNET that's not resolving the regitry address. Also check if it's blocked by policy or firewall, Details: Site stopped at 06/03/2026 13:47:37 (UTC), DetailsLevel: WARN
2026-06-03T13:47:37.9494303+00:00 ContainerStatus: State: Stopped, Action: None, LastError: ImagePullFailure, LastErrorTimestamp: 06/03/2026 13:47:37, LastErrorDetails: Failed to pull image: ckmcc0522172320.azurecr.io/km-api:app-only-20260531170503. Cannot resolve registry address. If VNET is enbaled, check if there's a custom DNS in the VNET that's not resolving the regitry address. Also check if it's blocked by policy or firewall, Details: Site stopped at 06/03/2026 13:47:37 (UTC), DetailsLevel: WARN
2026-06-03T13:47:43.0060540+00:00 ContainerStatus: State: Blocked, Action: None, LastError: ImagePullFailure, LastErrorTimestamp: 06/03/2026 13:47:37, LastErrorDetails: Failed to pull image: ckmcc0522172320.azurecr.io/km-api:app-only-20260531170503. Cannot resolve registry address. If VNET is enbaled, check if there's a custom DNS in the VNET that's not resolving the regitry address. Also check if it's blocked by policy or firewall, Details: Site is blocked due to multiple, consecutive cold start failures. Site scheduled to be unblocked at 06/03/2026 13:48:37, DetailsLevel: WARN
2026-06-03T13:47:43.0061005+00:00 ContainerStatus: Start site prohibitted because the site is being blocked.
2026-06-03T13:47:48.0735941+00:00 ContainerStatus: State: Blocked, Action: None, LastError: ImagePullFailure, LastErrorTimestamp: 06/03/2026 13:47:37, LastErrorDetails: Failed to pull image: ckmcc0522172320.azurecr.io/km-api:app-only-20260531170503. Cannot resolve registry address. If VNET is enbaled, check if there's a custom DNS in the VNET that's not resolving the regitry address. Also check if it's blocked by policy or firewall, Details: Site is blocked due to multiple, consecutive cold start failures. Site scheduled to be unblocked at 06/03/2026 13:48:37, DetailsLevel: WARN
2026-06-03T13:47:48.0736239+00:00 ContainerStatus: Start site prohibitted because the site is being blocked.
2026-06-03T13:47:53.1433186+00:00 ContainerStatus: State: Blocked, Action: None, LastError: ImagePullFailure, LastErrorTimestamp: 06/03/2026 13:47:37, LastErrorDetails: Failed to pull image: ckmcc0522172320.azurecr.io/km-api:app-only-20260531170503. Cannot resolve registry address. If VNET is enbaled, check if there's a custom DNS in the VNET that's not resolving the regitry address. Also check if it's blocked by policy or firewall, Details: Site is blocked due to multiple, consecutive cold start failures. Site scheduled to be unblocked at 06/03/2026 13:48:37, DetailsLevel: WARN
2026-06-03T13:47:53.1437747+00:00 ContainerStatus: Start site prohibitted because the site is being blocked.
2026-06-03T13:47:58.2023477+00:00 ContainerStatus: State: Blocked, Action: None, LastError: ImagePullFailure, LastErrorTimestamp: 06/03/2026 13:47:37, LastErrorDetails: Failed to pull image: ckmcc0522172320.azurecr.io/km-api:app-only-20260531170503. Cannot resolve registry address. If VNET is enbaled, check if there's a custom DNS in the VNET that's not resolving the regitry address. Also check if it's blocked by policy or firewall, Details: Site is blocked due to multiple, consecutive cold start failures. Site scheduled to be unblocked at 06/03/2026 13:48:37, DetailsLevel: WARN
2026-06-03T13:47:58.2024122+00:00 ContainerStatus: Start site prohibitted because the site is being blocked.
2026-06-03T13:48:03.2665565+00:00 ContainerStatus: State: Blocked, Action: None, LastError: ImagePullFailure, LastErrorTimestamp: 06/03/2026 13:47:37, LastErrorDetails: Failed to pull image: ckmcc0522172320.azurecr.io/km-api:app-only-20260531170503. Cannot resolve registry address. If VNET is enbaled, check if there's a custom DNS in the VNET that's not resolving the regitry address. Also check if it's blocked by policy or firewall, Details: Site is blocked due to multiple, consecutive cold start failures. Site scheduled to be unblocked at 06/03/2026 13:48:37, DetailsLevel: WARN
2026-06-03T13:48:03.2665895+00:00 ContainerStatus: Start site prohibitted because the site is being blocked.
2026-06-03T13:48:08.3214634+00:00 ContainerStatus: State: Blocked, Action: None, LastError: ImagePullFailure, LastErrorTimestamp: 06/03/2026 13:47:37, LastErrorDetails: Failed to pull image: ckmcc0522172320.azurecr.io/km-api:app-only-20260531170503. Cannot resolve registry address. If VNET is enbaled, check if there's a custom DNS in the VNET that's not resolving the regitry address. Also check if it's blocked by policy or firewall, Details: Site is blocked due to multiple, consecutive cold start failures. Site scheduled to be unblocked at 06/03/2026 13:48:37, DetailsLevel: WARN
2026-06-03T13:48:08.3214920+00:00 ContainerStatus: Start site prohibitted because the site is being blocked.
2026-06-03T13:48:13.3914170+00:00 ContainerStatus: State: Blocked, Action: None, LastError: ImagePullFailure, LastErrorTimestamp: 06/03/2026 13:47:37, LastErrorDetails: Failed to pull image: ckmcc0522172320.azurecr.io/km-api:app-only-20260531170503. Cannot resolve registry address. If VNET is enbaled, check if there's a custom DNS in the VNET that's not resolving the regitry address. Also check if it's blocked by policy or firewall, Details: Site is blocked due to multiple, consecutive cold start failures. Site scheduled to be unblocked at 06/03/2026 13:48:37, DetailsLevel: WARN
2026-06-03T13:48:13.3915703+00:00 ContainerStatus: Start site prohibitted because the site is being blocked.
2026-06-03T13:48:18.4565981+00:00 ContainerStatus: State: Blocked, Action: None, LastError: ImagePullFailure, LastErrorTimestamp: 06/03/2026 13:47:37, LastErrorDetails: Failed to pull image: ckmcc0522172320.azurecr.io/km-api:app-only-20260531170503. Cannot resolve registry address. If VNET is enbaled, check if there's a custom DNS in the VNET that's not resolving the regitry address. Also check if it's blocked by policy or firewall, Details: Site is blocked due to multiple, consecutive cold start failures. Site scheduled to be unblocked at 06/03/2026 13:48:37, DetailsLevel: WARN
2026-06-03T13:48:18.4566332+00:00 ContainerStatus: Start site prohibitted because the site is being blocked.
2026-06-03T13:48:23.5125481+00:00 ContainerStatus: State: Blocked, Action: None, LastError: ImagePullFailure, LastErrorTimestamp: 06/03/2026 13:47:37, LastErrorDetails: Failed to pull image: ckmcc0522172320.azurecr.io/km-api:app-only-20260531170503. Cannot resolve registry address. If VNET is enbaled, check if there's a custom DNS in the VNET that's not resolving the regitry address. Also check if it's blocked by policy or firewall, Details: Site is blocked due to multiple, consecutive cold start failures. Site scheduled to be unblocked at 06/03/2026 13:48:37, DetailsLevel: WARN
2026-06-03T13:48:23.5125782+00:00 ContainerStatus: Start site prohibitted because the site is being blocked.
2026-06-03T13:48:28.5780514+00:00 ContainerStatus: State: Blocked, Action: None, LastError: ImagePullFailure, LastErrorTimestamp: 06/03/2026 13:47:37, LastErrorDetails: Failed to pull image: ckmcc0522172320.azurecr.io/km-api:app-only-20260531170503. Cannot resolve registry address. If VNET is enbaled, check if there's a custom DNS in the VNET that's not resolving the regitry address. Also check if it's blocked by policy or firewall, Details: Site is blocked due to multiple, consecutive cold start failures. Site scheduled to be unblocked at 06/03/2026 13:48:37, DetailsLevel: WARN
2026-06-03T13:48:28.5780925+00:00 ContainerStatus: Start site prohibitted because the site is being blocked.
2026-06-03T13:48:33.6407877+00:00 ContainerStatus: State: Blocked, Action: None, LastError: ImagePullFailure, LastErrorTimestamp: 06/03/2026 13:47:37, LastErrorDetails: Failed to pull image: ckmcc0522172320.azurecr.io/km-api:app-only-20260531170503. Cannot resolve registry address. If VNET is enbaled, check if there's a custom DNS in the VNET that's not resolving the regitry address. Also check if it's blocked by policy or firewall, Details: Site is blocked due to multiple, consecutive cold start failures. Site scheduled to be unblocked at 06/03/2026 13:48:37, DetailsLevel: WARN
2026-06-03T13:48:33.6408290+00:00 ContainerStatus: Start site prohibitted because the site is being blocked.
2026-06-03T13:48:37.8047012+00:00 ContainerStatus: Site: api-financeirax01 is unblocked.
2026-06-03T13:48:38.7043622+00:00 ContainerStatus: State: Starting, Action: EstablishingSiteNetworks, LastError: ImagePullFailure, LastErrorTimestamp: 06/03/2026 13:47:37, LastErrorDetails: Failed to pull image: ckmcc0522172320.azurecr.io/km-api:app-only-20260531170503. Cannot resolve registry address. If VNET is enbaled, check if there's a custom DNS in the VNET that's not resolving the regitry address. Also check if it's blocked by policy or firewall, Details: Site is blocked due to multiple, consecutive cold start failures. Site scheduled to be unblocked at 06/03/2026 13:48:37, DetailsLevel: WARN
2026-06-03T13:48:39.2710493+00:00 ContainerStatus: State: Starting, Action: StartingMsiContainer, LastError: ImagePullFailure, LastErrorTimestamp: 06/03/2026 13:47:37, LastErrorDetails: Failed to pull image: ckmcc0522172320.azurecr.io/km-api:app-only-20260531170503. Cannot resolve registry address. If VNET is enbaled, check if there's a custom DNS in the VNET that's not resolving the regitry address. Also check if it's blocked by policy or firewall, Details: Site is blocked due to multiple, consecutive cold start failures. Site scheduled to be unblocked at 06/03/2026 13:48:37, DetailsLevel: WARN
2026-06-03T13:48:42.1174713+00:00 ContainerStatus: State: Starting, Action: StartingSiteContainers, LastError: ImagePullFailure, LastErrorTimestamp: 06/03/2026 13:47:37, LastErrorDetails: Failed to pull image: ckmcc0522172320.azurecr.io/km-api:app-only-20260531170503. Cannot resolve registry address. If VNET is enbaled, check if there's a custom DNS in the VNET that's not resolving the regitry address. Also check if it's blocked by policy or firewall, Details: Site is blocked due to multiple, consecutive cold start failures. Site scheduled to be unblocked at 06/03/2026 13:48:37, DetailsLevel: WARN
2026-06-03T13:48:42.1176265+00:00 ContainerStatus: Container start method called.
2026-06-03T13:48:42.1176783+00:00 ContainerStatus: State: Starting, Action: PullingImage, LastError: ImagePullFailure, LastErrorTimestamp: 06/03/2026 13:47:37, LastErrorDetails: Failed to pull image: ckmcc0522172320.azurecr.io/km-api:app-only-20260531170503. Cannot resolve registry address. If VNET is enbaled, check if there's a custom DNS in the VNET that's not resolving the regitry address. Also check if it's blocked by policy or firewall, Details: Pulling image ckmcc0522172320.azurecr.io/km-api:app-only-20260531170503 for api-financeirax01., DetailsLevel: INFO
2026-06-03T13:48:42.1178111+00:00 ContainerStatus: Establishing network.
2026-06-03T13:48:42.1179678+00:00 ContainerStatus: Pulling image: ckmcc0522172320.azurecr.io/km-api:app-only-20260531170503.
2026-06-03T13:48:54.5661294+00:00 ContainerStatus: Container pull image failed with reason: ImagePullFailure. Revert by terminate.
2026-06-03T13:48:54.5671383+00:00 ContainerStatus: Container is terminating. Grace period: 5 seconds.
2026-06-03T13:48:54.5672904+00:00 ContainerStatus: Container spec TerminationMessagePolicy  path 
2026-06-03T13:48:54.5674403+00:00 ContainerStatus: Container is terminated. Total time elapsed: 0 ms.
2026-06-03T13:48:54.5675890+00:00 ContainerStatus: Site container: api-financeirax01 terminated during site startup.
2026-06-03T13:48:54.5676825+00:00 ContainerStatus: State: Stopping, Action: CancellingStartup, LastError: ImagePullFailure, LastErrorTimestamp: 06/03/2026 13:47:37, LastErrorDetails: Failed to pull image: ckmcc0522172320.azurecr.io/km-api:app-only-20260531170503. Cannot resolve registry address. If VNET is enbaled, check if there's a custom DNS in the VNET that's not resolving the regitry address. Also check if it's blocked by policy or firewall, Details: Site container: api-financeirax01 terminated during site startup. Cancelling site startup., DetailsLevel: ERR
2026-06-03T13:48:54.5684012+00:00 ContainerStatus: State: Stopping, Action: CancellingStartup, LastError: ImagePullFailure, LastErrorTimestamp: 06/03/2026 13:48:54, LastErrorDetails: Failed to pull image: ckmcc0522172320.azurecr.io/km-api:app-only-20260531170503. Cannot resolve registry address. If VNET is enbaled, check if there's a custom DNS in the VNET that's not resolving the regitry address. Also check if it's blocked by policy or firewall, Details: Site container: api-financeirax01 terminated during site startup. Cancelling site startup., DetailsLevel: ERR
2026-06-03T13:48:54.5776397+00:00 ContainerStatus: Failed to start site. Revert by stopping site.
2026-06-03T13:48:54.5778225+00:00 ContainerStatus: State: Stopping, Action: StoppingSite, LastError: ImagePullFailure, LastErrorTimestamp: 06/03/2026 13:48:54, LastErrorDetails: Failed to pull image: ckmcc0522172320.azurecr.io/km-api:app-only-20260531170503. Cannot resolve registry address. If VNET is enbaled, check if there's a custom DNS in the VNET that's not resolving the regitry address. Also check if it's blocked by policy or firewall, Details: Site container: api-financeirax01 terminated during site startup. Cancelling site startup., DetailsLevel: ERR
2026-06-03T13:48:54.5783935+00:00 ContainerStatus: State: Stopping, Action: StoppingSiteContainers, LastError: ImagePullFailure, LastErrorTimestamp: 06/03/2026 13:48:54, LastErrorDetails: Failed to pull image: ckmcc0522172320.azurecr.io/km-api:app-only-20260531170503. Cannot resolve registry address. If VNET is enbaled, check if there's a custom DNS in the VNET that's not resolving the regitry address. Also check if it's blocked by policy or firewall, Details: Site container: api-financeirax01 terminated during site startup. Cancelling site startup., DetailsLevel: ERR
2026-06-03T13:48:54.7472679+00:00 ContainerStatus: Site container: api-financeirax01_managedIdentity terminated during site startup.
2026-06-03T13:48:54.7473642+00:00 ContainerStatus: State: Stopping, Action: StoppingSiteContainers, LastError: ImagePullFailure, LastErrorTimestamp: 06/03/2026 13:48:54, LastErrorDetails: Failed to pull image: ckmcc0522172320.azurecr.io/km-api:app-only-20260531170503. Cannot resolve registry address. If VNET is enbaled, check if there's a custom DNS in the VNET that's not resolving the regitry address. Also check if it's blocked by policy or firewall, Details: Site container: api-financeirax01 terminated during site startup. Cancelling site startup., DetailsLevel: ERR
2026-06-03T13:48:54.7475189+00:00 ContainerStatus: Site: api-financeirax01 stopped.
